Archive member included to satisfy reference by file (symbol)

G:/devkitPro/devkitARM/bin/../lib/gcc/arm-none-eabi/14.1.0/thumb\libgcc.a(_call_via_rX.o)
                              mm_main_gba.o (_call_via_r1)
G:/devkitPro/devkitARM/bin/../lib/gcc/arm-none-eabi/14.1.0/thumb\libgcc.a(_aeabi_ldivmod.o)
                              bn_hw_text.o (__aeabi_ldivmod)
G:/devkitPro/devkitARM/bin/../lib/gcc/arm-none-eabi/14.1.0/thumb\libgcc.a(_aeabi_uldivmod.o)
                              bn_hw_text.o (__aeabi_uldivmod)
G:/devkitPro/devkitARM/bin/../lib/gcc/arm-none-eabi/14.1.0/thumb\libgcc.a(_sync_none.o)
                              (__sync_synchronize_none)
G:/devkitPro/devkitARM/bin/../lib/gcc/arm-none-eabi/14.1.0/thumb\libgcc.a(_udivmoddi4.o)
                              G:/devkitPro/devkitARM/bin/../lib/gcc/arm-none-eabi/14.1.0/thumb\libgcc.a(_aeabi_ldivmod.o) (__udivmoddi4)

Discarded input sections

 .text          0x00000000        0x0 G:/devkitPro/devkitARM/bin/../lib/gcc/arm-none-eabi/14.1.0/../../../../arm-none-eabi/lib/thumb/gba_crt0.o
 .data          0x00000000        0x0 G:/devkitPro/devkitARM/bin/../lib/gcc/arm-none-eabi/14.1.0/../../../../arm-none-eabi/lib/thumb/gba_crt0.o
 .bss           0x00000000        0x0 G:/devkitPro/devkitARM/bin/../lib/gcc/arm-none-eabi/14.1.0/../../../../arm-none-eabi/lib/thumb/gba_crt0.o
 .text          0x00000000        0x0 G:/devkitPro/devkitARM/bin/../lib/gcc/arm-none-eabi/14.1.0/thumb/crti.o
 .data          0x00000000        0x0 G:/devkitPro/devkitARM/bin/../lib/gcc/arm-none-eabi/14.1.0/thumb/crti.o
 .bss           0x00000000        0x0 G:/devkitPro/devkitARM/bin/../lib/gcc/arm-none-eabi/14.1.0/thumb/crti.o
 .text          0x00000000        0x0 G:/devkitPro/devkitARM/bin/../lib/gcc/arm-none-eabi/14.1.0/thumb/crtbegin.o
 .data          0x00000000        0x0 G:/devkitPro/devkitARM/bin/../lib/gcc/arm-none-eabi/14.1.0/thumb/crtbegin.o
 .bss           0x00000000        0x0 G:/devkitPro/devkitARM/bin/../lib/gcc/arm-none-eabi/14.1.0/thumb/crtbegin.o
 .rodata.all_implied_fbits
                0x00000000       0x24 G:/devkitPro/devkitARM/bin/../lib/gcc/arm-none-eabi/14.1.0/thumb/crtbegin.o
 .text          0x00000000        0x0 _bn_audio_soundbank.bin.o
 .data          0x00000000        0x0 _bn_audio_soundbank.bin.o
 .bss           0x00000000        0x0 _bn_audio_soundbank.bin.o
 .text          0x00000000        0x0 bg01_bn_gfx.o
 .data          0x00000000        0x0 bg01_bn_gfx.o
 .bss           0x00000000        0x0 bg01_bn_gfx.o
 .text          0x00000000        0x0 bg02_bn_gfx.o
 .data          0x00000000        0x0 bg02_bn_gfx.o
 .bss           0x00000000        0x0 bg02_bn_gfx.o
 .text          0x00000000        0x0 common_variable_8x16_font_bn_gfx.o
 .data          0x00000000        0x0 common_variable_8x16_font_bn_gfx.o
 .bss           0x00000000        0x0 common_variable_8x16_font_bn_gfx.o
 .text          0x00000000        0x0 font01_bn_gfx.o
 .data          0x00000000        0x0 font01_bn_gfx.o
 .bss           0x00000000        0x0 font01_bn_gfx.o
 .rodata        0x00000000     0x2f20 font01_bn_gfx.o
 .text          0x00000000        0x0 kuro_bn_gfx.o
 .data          0x00000000        0x0 kuro_bn_gfx.o
 .bss           0x00000000        0x0 kuro_bn_gfx.o
 .text          0x00000000        0x0 kuro2_bn_gfx.o
 .data          0x00000000        0x0 kuro2_bn_gfx.o
 .bss           0x00000000        0x0 kuro2_bn_gfx.o
 .rodata        0x00000000      0x860 kuro2_bn_gfx.o
 .text          0x00000000        0x0 sp01_bn_gfx.o
 .data          0x00000000        0x0 sp01_bn_gfx.o
 .bss           0x00000000        0x0 sp01_bn_gfx.o
 .text          0x00000000        0x0 sp02_bn_gfx.o
 .data          0x00000000        0x0 sp02_bn_gfx.o
 .bss           0x00000000        0x0 sp02_bn_gfx.o
 .text          0x00000000        0x0 textbox_bn_gfx.o
 .data          0x00000000        0x0 textbox_bn_gfx.o
 .bss           0x00000000        0x0 textbox_bn_gfx.o
 .rodata        0x00000000      0x960 textbox_bn_gfx.o
 .text          0x00000000        0x0 common_info.o
 .data          0x00000000        0x0 common_info.o
 .bss           0x00000000        0x0 common_info.o
 .group         0x00000000        0xc common_stats.o
 .group         0x00000000        0xc common_stats.o
 .text          0x00000000        0x0 common_stats.o
 .data          0x00000000        0x0 common_stats.o
 .bss           0x00000000        0x0 common_stats.o
 .rodata._ZN6common5stats8set_modeENS0_9mode_typeE.str1.4
                0x00000000       0x8f common_stats.o
 .text._ZN6common5stats8set_modeENS0_9mode_typeE
                0x00000000      0x2d4 common_stats.o
 .text._ZN6common5statsC2ERN2bn21sprite_text_generatorE
                0x00000000       0x3c common_stats.o
 .rodata._ZN6common5stats6updateEv.str1.4
                0x00000000        0xa common_stats.o
 .text._ZN6common5stats6updateEv
                0x00000000      0x194 common_stats.o
 .group         0x00000000        0xc main.o
[...]
Memory Configuration

Name             Origin             Length             Attributes
rom              0x08000000         0x02000000
iwram            0x03000000         0x00008000
ewram            0x02000000         0x00040000
*default*        0x00000000         0xffffffff

Linker script and memory map

                0x00000000                        __sync_synchronize = __sync_synchronize_none
                0x08000000                        __text_start = ORIGIN (rom)
                0x02040000                        __eheap_end = (ORIGIN (ewram) + LENGTH (ewram))
                0x03000000                        __iwram_start = ORIGIN (iwram)
                0x03008000                        __iwram_top = (ORIGIN (iwram) + LENGTH (iwram))
                0x03007fa0                        __sp_irq = (__iwram_top - 0x60)
                0x03007f00                        __sp_usr = (__sp_irq - 0xa0)
                0x03007ff8                        __irq_flags = 0x3007ff8
                0x08000000                        . = __text_start

.crt0           0x08000000      0x210
 *(.crt0)
 .crt0          0x08000000      0x210 G:/devkitPro/devkitARM/bin/../lib/gcc/arm-none-eabi/14.1.0/../../../../arm-none-eabi/lib/thumb/gba_crt0.o
                0x08000000                _start
                0x080000c4                __boot_method
                0x080000c5                __slave_number
                0x080000e0                start_vector
                0x08000210                        . = ALIGN (0x4)

.init           0x08000210        0xc
 *(SORT_NONE(.init))
 .init          0x08000210        0x4 G:/devkitPro/devkitARM/bin/../lib/gcc/arm-none-eabi/14.1.0/thumb/crti.o
                0x08000210                _init
 .init          0x08000214        0x8 G:/devkitPro/devkitARM/bin/../lib/gcc/arm-none-eabi/14.1.0/thumb/crtn.o

.plt            0x0800021c        0x0
 *(.plt)
                0x0800021c                        . = ALIGN (0x4)

.text           0x08000220    0x16f98
 *(EXCLUDE_FILE(*.iwram*) .text*)
 .text.__do_global_dtors_aux
                0x08000220       0x2c G:/devkitPro/devkitARM/bin/../lib/gcc/arm-none-eabi/14.1.0/thumb/crtbegin.o
 .text.frame_dummy
                0x0800024c       0x24 G:/devkitPro/devkitARM/bin/../lib/gcc/arm-none-eabi/14.1.0/thumb/crtbegin.o
 .text._ZN6common4infoC2ERKN2bn11string_viewERKNS1_4spanIS3_EERNS1_21sprite_text_generatorE
                0x08000270       0xd8 common_info.o
                0x08000270                common::info::info(bn::string_view const&, bn::span<bn::string_view const> const&, bn::sprite_text_generator&)
                0x08000270                common::info::info(bn::string_view const&, bn::span<bn::string_view const> const&, bn::sprite_text_generator&)
 .text._ZN6common4infoC2ERKN2bn4spanIKNS1_11string_viewEEERNS1_21sprite_text_generatorE
                0x08000348       0x1c common_info.o
                0x08000348                common::info::info(bn::span<bn::string_view const> const&, bn::sprite_text_generator&)
                0x08000348                common::info::info(bn::span<bn::string_view const> const&, bn::sprite_text_generator&)
 .text._ZN3_bn6assert9show_argsIA15_ciEEvPKcS4_S4_iRKT_RKT0_
                0x08000364       0x54 common_stats.o
                0x08000364                void _bn::assert::show_args<char [15], int>(char const*, char const*, char const*, int, char const (&) [15], int const&)
 .text._ZN2bn13ostringstream6appendILi12EEEvNS_7fixed_tIXT_EEE
                0x080003b8       0xa0 common_stats.o
                0x080003b8                void bn::ostringstream::append<12>(bn::fixed_t<12>)
 .text._ZN12_GLOBAL__N_115full_text_sceneERN2bn14regular_bg_ptrES2_RNS0_11rect_windowES4_
                0x08000458       0xb0 main.o
 .text.startup.main
                0x08000508      0x3d4 main.o
                0x08000508                main
 .text._ZN2bn13ostringstream11append_argsIiJA4_ciEEEvRKT_DpRKT0_.isra.0
                0x080008dc       0x24 bn_affine_bg_animate_actions.o
 .text._ZN3_bn6assert9show_argsIA15_cEEvPKcS4_S4_iRKT_
                0x08000900       0x48 bn_affine_bg_animate_actions.o
                0x08000900                void _bn::assert::show_args<char [15]>(char const*, char const*, char const*, int, char const (&) [15])
 .text._ZN3_bn6assert9show_argsIA24_ciEEvPKcS4_S4_iRKT_RKT0_
                0x08000948       0x54 bn_affine_bg_animate_actions.o
                0x08000948                void _bn::assert::show_args<char [24], int>(char const*, char const*, char const*, int, char const (&) [24], int const&)
 .text._ZN3_bn6assert9show_argsIA28_ciEEvPKcS4_S4_iRKT_RKT0_
                0x0800099c       0x54 bn_affine_bg_animate_actions.o
                0x0800099c                void _bn::assert::show_args<char [28], int>(char const*, char const*, char const*, int, char const (&) [28], int const&)
 .text._ZN3_bn6assert9show_argsIJA19_ciA4_ciEEEvPKcS5_S5_iDpRKT_
                0x080009f0       0x58 bn_affine_bg_animate_actions.o
                0x080009f0                void _bn::assert::show_args<char [19], int, char [4], int>(char const*, char const*, char const*, int, char const (&) [19], int const&, char const (&) [4], int const&)
 .text._ZN2bn13audio_manager12_GLOBAL__N_111static_dataD2Ev
                0x08000a48        0x4 bn_audio_manager.o
 .text._ZN2bn13audio_manager4initEv
                0x08000a4c       0x48 bn_audio_manager.o
                0x08000a4c                bn::audio_manager::init()
 .text._ZN2bn13audio_manager7disableEv
                0x08000a94        0xc bn_audio_manager.o
                0x08000a94                bn::audio_manager::disable()
 .text._ZN2bn13audio_manager10sound_dataEt
                0x08000aa0       0x64 bn_audio_manager.o
                0x08000aa0                bn::audio_manager::sound_data(unsigned short)
 .text._ZN2bn13audio_manager6updateEv
                0x08000b04        0xc bn_audio_manager.o
                0x08000b04                bn::audio_manager::update()
 .text._ZN2bn13audio_manager6commitEv
                0x08000b10        0xc bn_audio_manager.o
                0x08000b10                bn::audio_manager::commit()
 .text._ZN2bn13audio_manager4stopEv
                0x08000b1c       0x6c bn_audio_manager.o
                0x08000b1c                bn::audio_manager::stop()
 .text._ZN3_bn6assert9show_argsIA18_ciEEvPKcS4_S4_iRKT_RKT0_
                0x08000b88       0x54 bn_audio_manager.o
                0x08000b88                void _bn::assert::show_args<char [18], int>(char const*, char const*, char const*, int, char const (&) [18], int const&)
 .text._ZN3_bn6assert9show_argsIA14_ciEEvPKcS4_S4_iRKT_RKT0_
                0x08000bdc       0x54 bn_audio_manager.o
                0x08000bdc                void _bn::assert::show_args<char [14], int>(char const*, char const*, char const*, int, char const (&) [14], int const&)
 .text._ZN3_bn6assert9show_argsIA26_ciEEvPKcS4_S4_iRKT_RKT0_
                0x08000c30       0x54 bn_audio_manager.o
                0x08000c30                void _bn::assert::show_args<char [26], int>(char const*, char const*, char const*, int, char const (&) [26], int const&)
 .text._ZN3_bn6assert9show_argsIA33_cEEvPKcS4_S4_iRKT_
                0x08000c84       0x48 bn_audio_manager.o
                0x08000c84                void _bn::assert::show_args<char [33]>(char const*, char const*, char const*, int, char const (&) [33])
 .text._ZN3_bn6assert9show_argsIA25_cEEvPKcS4_S4_iRKT_
                0x08000ccc       0x48 bn_audio_manager.o
                0x08000ccc                void _bn::assert::show_args<char [25]>(char const*, char const*, char const*, int, char const (&) [25])
 .text._ZN3_bn6assert9show_argsIA24_cEEvPKcS4_S4_iRKT_
                0x08000d14       0x48 bn_audio_manager.o
                0x08000d14                void _bn::assert::show_args<char [24]>(char const*, char const*, char const*, int, char const (&) [24])
 .text._ZN3_bn6assert9show_argsIA26_cEEvPKcS4_S4_iRKT_
                0x08000d5c       0x48 bn_audio_manager.o
                0x08000d5c                void _bn::assert::show_args<char [26]>(char const*, char const*, char const*, int, char const (&) [26])
 .text._ZN3_bn6assert9show_argsIA25_ciEEvPKcS4_S4_iRKT_RKT0_
                0x08000da4       0x54 bn_audio_manager.o
                0x08000da4                void _bn::assert::show_args<char [25], int>(char const*, char const*, char const*, int, char const (&) [25], int const&)
 .text._ZN2bn13audio_manager16execute_commandsEv
                0x08000df8      0x6a8 bn_audio_manager.o
                0x08000df8                bn::audio_manager::execute_commands()
 .text._ZN3_bn6assert9show_argsIA17_cEEvPKcS4_S4_iRKT_
                0x080014a0       0x48 bn_audio_manager.o
                0x080014a0                void _bn::assert::show_args<char [17]>(char const*, char const*, char const*, int, char const (&) [17])
 .text.startup._GLOBAL__sub_I__ZN2bn5audio16update_on_vblankEv
                0x080014e8       0x98 bn_audio_manager.o
 .text._ZN3_bn6assert9show_argsIA23_cEEvPKcS4_S4_iRKT_
                0x08001580       0x48 bn_best_fit_allocator.o
                0x08001580                void _bn::assert::show_args<char [23]>(char const*, char const*, char const*, int, char const (&) [23])
 .text._ZN2bn18best_fit_allocatorD2Ev
                0x080015c8       0x34 bn_best_fit_allocator.o
                0x080015c8                bn::best_fit_allocator::~best_fit_allocator()
                0x080015c8                bn::best_fit_allocator::~best_fit_allocator()
 .text._ZN3_bn6assert9show_argsIA16_ciEEvPKcS4_S4_iRKT_RKT0_
                0x080015fc       0x54 bn_best_fit_allocator.o
                0x080015fc                void _bn::assert::show_args<char [16], int>(char const*, char const*, char const*, int, char const (&) [16], int const&)
 .text._ZN3_bn6assert9show_argsIA20_ciEEvPKcS4_S4_iRKT_RKT0_
                0x08001650       0x54 bn_best_fit_allocator.o
                0x08001650                void _bn::assert::show_args<char [20], int>(char const*, char const*, char const*, int, char const (&) [20], int const&)
 .text._ZN3_bn6assert9show_argsIA14_cEEvPKcS4_S4_iRKT_
                0x080016a4       0x48 bn_best_fit_allocator.o
                0x080016a4                void _bn::assert::show_args<char [14]>(char const*, char const*, char const*, int, char const (&) [14])
 .text._ZN3_bn6assert9show_argsIA21_cEEvPKcS4_S4_iRKT_
                0x080016ec       0x48 bn_best_fit_allocator.o
                0x080016ec                void _bn::assert::show_args<char [21]>(char const*, char const*, char const*, int, char const (&) [21])
 .text._ZN2bn18best_fit_allocator5resetEPvi
                0x08001734       0xbc bn_best_fit_allocator.o
                0x08001734                bn::best_fit_allocator::reset(void*, int)
 .text._ZN2bn17bg_blocks_manager12_GLOBAL__N_117_hw_commit_offsetEPKtjtPt
                0x080017f0       0x78 bn_bg_blocks_manager.o
 .text._ZN2bn13ostringstream11append_argsIiJA4_ctEEEvRKT_DpRKT0_.isra.0
                0x08001868       0x24 bn_bg_blocks_manager.o
 .text._ZN2bn13ostringstream11append_argsIiJA4_ciEEEvRKT_DpRKT0_.isra.0
                0x0800188c       0x24 bn_bg_blocks_manager.o
 .text._ZNK2bn18regular_bg_map_ptr2idEv
                0x080018b0       0x18 bn_bg_blocks_manager.o
                0x080018b0                bn::regular_bg_map_ptr::id() const
 .text._ZNK2bn18regular_bg_map_ptr10dimensionsEv
                0x080018c8       0x20 bn_bg_blocks_manager.o
                0x080018c8                bn::regular_bg_map_ptr::dimensions() const
 .text._ZNK2bn18regular_bg_map_ptr3bigEv
                0x080018e8       0x18 bn_bg_blocks_manager.o
                0x080018e8                bn::regular_bg_map_ptr::big() const
 .text._ZNK2bn20regular_bg_tiles_ptr3cbbEv
                0x08001900       0x18 bn_bg_blocks_manager.o
                0x08001900                bn::regular_bg_tiles_ptr::cbb() const
 .text._ZNK2bn17affine_bg_map_ptr2idEv
                0x08001918       0x18 bn_bg_blocks_manager.o
                0x08001918                bn::affine_bg_map_ptr::id() const
 .text._ZNK2bn17affine_bg_map_ptr10dimensionsEv
                0x08001930       0x20 bn_bg_blocks_manager.o
                0x08001930                bn::affine_bg_map_ptr::dimensions() const
 .text._ZNK2bn19affine_bg_tiles_ptr3cbbEv
                0x08001950       0x18 bn_bg_blocks_manager.o
                0x08001950                bn::affine_bg_tiles_ptr::cbb() const
 .text._ZN2bn17bg_blocks_manager10log_statusEv
                0x08001968      0x454 bn_bg_blocks_manager.o
                0x08001968                bn::bg_blocks_manager::log_status()
 .text._ZN2bn17bg_blocks_manager15decrease_usagesEi
                0x08001dbc       0x98 bn_bg_blocks_manager.o
                0x08001dbc                bn::bg_blocks_manager::decrease_usages(int)
 .text._ZN2bn18regular_bg_map_ptrD2Ev
                0x08001e54       0x18 bn_bg_blocks_manager.o
                0x08001e54                bn::regular_bg_map_ptr::~regular_bg_map_ptr()
                0x08001e54                bn::regular_bg_map_ptr::~regular_bg_map_ptr()
 .text._ZN2bn20regular_bg_tiles_ptrD2Ev
                0x08001e6c       0x18 bn_bg_blocks_manager.o
                0x08001e6c                bn::regular_bg_tiles_ptr::~regular_bg_tiles_ptr()
                0x08001e6c                bn::regular_bg_tiles_ptr::~regular_bg_tiles_ptr()
 .text._ZN2bn17bg_blocks_manager12_GLOBAL__N_111static_dataD2Ev
                0x08001e84       0x54 bn_bg_blocks_manager.o
 .text._ZN2bn17bg_blocks_manager4initEv
                0x08001ed8       0x8c bn_bg_blocks_manager.o
                0x08001ed8                bn::bg_blocks_manager::init()
 .text._ZN2bn17bg_blocks_manager11must_commitEi
                0x08001f64       0x18 bn_bg_blocks_manager.o
                0x08001f64                bn::bg_blocks_manager::must_commit(int)
 .text._ZN2bn17bg_blocks_manager6updateEv
                0x08001f7c      0x258 bn_bg_blocks_manager.o
                0x08001f7c                bn::bg_blocks_manager::update()
 .text._ZN3_bn6assert9show_argsIA52_ctEEvPKcS4_S4_iRKT_RKT0_
                0x080021d4       0x54 bn_bg_blocks_manager.o
                0x080021d4                void _bn::assert::show_args<char [52], unsigned short>(char const*, char const*, char const*, int, char const (&) [52], unsigned short const&)
 .text._ZN3_bn6assert9show_argsIJA20_ciA4_ctEEEvPKcS5_S5_iDpRKT_
                0x08002228       0x58 bn_bg_blocks_manager.o
                0x08002228                void _bn::assert::show_args<char [20], int, char [4], unsigned short>(char const*, char const*, char const*, int, char const (&) [20], int const&, char const (&) [4], unsigned short const&)
 .text._ZN3_bn6assert9show_argsIJA22_ciA4_ciEEEvPKcS5_S5_iDpRKT_
                0x08002280       0x58 bn_bg_blocks_manager.o
                0x08002280                void _bn::assert::show_args<char [22], int, char [4], int>(char const*, char const*, char const*, int, char const (&) [22], int const&, char const (&) [4], int const&)
 .text._ZN3_bn6assert9show_argsIJA58_ciA4_ciEEEvPKcS5_S5_iDpRKT_
                0x080022d8       0x58 bn_bg_blocks_manager.o
                0x080022d8                void _bn::assert::show_args<char [58], int, char [4], int>(char const*, char const*, char const*, int, char const (&) [58], int const&, char const (&) [4], int const&)
 .text._ZN3_bn6assert9show_argsIA38_cEEvPKcS4_S4_iRKT_
                0x08002330       0x48 bn_bg_blocks_manager.o
                0x08002330                void _bn::assert::show_args<char [38]>(char const*, char const*, char const*, int, char const (&) [38])
 .text._ZN3_bn6assert9show_argsIA27_ciEEvPKcS4_S4_iRKT_RKT0_
                0x08002378       0x54 bn_bg_blocks_manager.o
                0x08002378                void _bn::assert::show_args<char [27], int>(char const*, char const*, char const*, int, char const (&) [27], int const&)
 .text._ZN2bn17bg_blocks_manager12_GLOBAL__N_110_hw_commitEPKtNS_16compression_typeEibPt
                0x080023cc       0x6c bn_bg_blocks_manager.o
 .text._ZN3_bn6assert9show_argsIA22_ciEEvPKcS4_S4_iRKT_RKT0_
                0x08002438       0x54 bn_bg_blocks_manager.o
                0x08002438                void _bn::assert::show_args<char [22], int>(char const*, char const*, char const*, int, char const (&) [22], int const&)
 .text._ZN3_bn6assert9show_argsIA19_cEEvPKcS4_S4_iRKT_
                0x0800248c       0x48 bn_bg_blocks_manager.o
                0x0800248c                void _bn::assert::show_args<char [19]>(char const*, char const*, char const*, int, char const (&) [19])
 .text._ZN2bn17bg_blocks_manager12_GLOBAL__N_116_find_tiles_implEPKtNS_16compression_typeEib
                0x080024d4      0x100 bn_bg_blocks_manager.o
 .text._ZNK2bn21regular_bg_tiles_item10find_tilesEv
                0x080025d4       0x30 bn_bg_blocks_manager.o
                0x080025d4                bn::regular_bg_tiles_item::find_tiles() const
 .text._ZN3_bn6assert9show_argsIA22_cEEvPKcS4_S4_iRKT_
                0x08002604       0x48 bn_bg_blocks_manager.o
                0x08002604                void _bn::assert::show_args<char [22]>(char const*, char const*, char const*, int, char const (&) [22])
 .text._ZNK2bn18regular_bg_map_ptr5tilesEv
                0x0800264c       0x48 bn_bg_blocks_manager.o
                0x0800264c                bn::regular_bg_map_ptr::tiles() const
 .text._ZNK2bn17affine_bg_map_ptr5tilesEv
                0x08002694       0x48 bn_bg_blocks_manager.o
                0x08002694                bn::affine_bg_map_ptr::tiles() const
 .text._ZNK2bn18regular_bg_map_ptr7paletteEv
                0x080026dc       0x48 bn_bg_blocks_manager.o
                0x080026dc                bn::regular_bg_map_ptr::palette() const
 .text._ZNK2bn18regular_bg_map_ptr3bppEv
                0x08002724       0x4c bn_bg_blocks_manager.o
                0x08002724                bn::regular_bg_map_ptr::bpp() const
 .text._ZN2bn17bg_blocks_manager21update_affine_map_rowEiii
                0x08002770      0x168 bn_bg_blocks_manager.o
                0x08002770                bn::bg_blocks_manager::update_affine_map_row(int, int, int)
 .text._ZN2bn17bg_blocks_manager28update_affine_map_bottom_rowEiii
                0x080028d8       0x2c bn_bg_blocks_manager.o
                0x080028d8                bn::bg_blocks_manager::update_affine_map_bottom_row(int, int, int)
 .text._ZN2bn17bg_blocks_manager23set_affine_map_positionEiii
                0x08002904      0x214 bn_bg_blocks_manager.o
                0x08002904                bn::bg_blocks_manager::set_affine_map_position(int, int, int)
 .text._ZN2bn17bg_blocks_manager21update_affine_map_colEiii
                0x08002b18      0x334 bn_bg_blocks_manager.o
                0x08002b18                bn::bg_blocks_manager::update_affine_map_col(int, int, int)
 .text._ZN2bn17bg_blocks_manager27update_affine_map_right_colEiii
                0x08002e4c       0x2c bn_bg_blocks_manager.o
                0x08002e4c                bn::bg_blocks_manager::update_affine_map_right_col(int, int, int)
 .text._ZN2bn17bg_blocks_manager22update_regular_map_rowEiii
                0x08002e78      0x194 bn_bg_blocks_manager.o
                0x08002e78                bn::bg_blocks_manager::update_regular_map_row(int, int, int)
 .text._ZN2bn17bg_blocks_manager22update_regular_map_colEiii
                0x0800300c      0x1fc bn_bg_blocks_manager.o
                0x0800300c                bn::bg_blocks_manager::update_regular_map_col(int, int, int)
 .text._ZN2bn17bg_blocks_manager24set_regular_map_positionEiii
                0x08003208      0x24c bn_bg_blocks_manager.o
                0x08003208                bn::bg_blocks_manager::set_regular_map_position(int, int, int)
 .text._ZN2bn17bg_blocks_manager21set_regular_map_tilesEiONS_20regular_bg_tiles_ptrE
                0x08003454      0x258 bn_bg_blocks_manager.o
                0x08003454                bn::bg_blocks_manager::set_regular_map_tiles(int, bn::regular_bg_tiles_ptr&&)
 .text._ZN2bn17bg_blocks_manager23set_regular_map_paletteEiONS_14bg_palette_ptrE
                0x080036ac      0x220 bn_bg_blocks_manager.o
                0x080036ac                bn::bg_blocks_manager::set_regular_map_palette(int, bn::bg_palette_ptr&&)
 .text._ZN2bn17bg_blocks_manager12_GLOBAL__N_112_commit_itemERKNS1_9item_typeEb
                0x080038cc      0x1f0 bn_bg_blocks_manager.o
 .text._ZN2bn17bg_blocks_manager12_GLOBAL__N_112_create_itemEiibONS1_11create_dataE
                0x08003abc      0x840 bn_bg_blocks_manager.o
 .text._ZN2bn17bg_blocks_manager12_GLOBAL__N_112_create_implEONS1_11create_dataE
                0x080042fc      0x1fc bn_bg_blocks_manager.o
 .text._ZN2bn17bg_blocks_manager19commit_uncompressedEb
                0x080044f8       0x58 bn_bg_blocks_manager.o
                0x080044f8                bn::bg_blocks_manager::commit_uncompressed(bool)
 .text._ZN2bn17bg_blocks_manager17commit_compressedEv
                0x08004550       0x48 bn_bg_blocks_manager.o
                0x08004550                bn::bg_blocks_manager::commit_compressed()
 .text._ZN3_bn6assert9show_argsIJA32_cA15_cPKtA16_ciA17_ciA34_cN2bn11string_viewEEEEvPKcSC_SC_iDpRKT_
                0x08004598       0x90 bn_bg_blocks_manager.o
                0x08004598                void _bn::assert::show_args<char [32], char [15], unsigned short const*, char [16], int, char [17], int, char [34], bn::string_view>(char const*, char const*, char const*, int, char const (&) [32], char const (&) [15], unsigned short const* const&, char const (&) [16], int const&, char const (&) [17], int const&, char const (&) [34], bn::string_view const&)
 .text._ZN2bn17bg_blocks_manager20create_regular_tilesERKNS_21regular_bg_tiles_itemEb
                0x08004628      0x138 bn_bg_blocks_manager.o
                0x08004628                bn::bg_blocks_manager::create_regular_tiles(bn::regular_bg_tiles_item const&, bool)
 .text._ZN3_bn6assert9show_argsIJA30_cA13_cPKtA14_ciA15_ciA17_ciA34_cN2bn11string_viewEEEEvPKcSD_SD_iDpRKT_
                0x08004760       0xa0 bn_bg_blocks_manager.o
                0x08004760                void _bn::assert::show_args<char [30], char [13], unsigned short const*, char [14], int, char [15], int, char [17], int, char [34], bn::string_view>(char const*, char const*, char const*, int, char const (&) [30], char const (&) [13], unsigned short const* const&, char const (&) [14], int const&, char const (&) [15], int const&, char const (&) [17], int const&, char const (&) [34], bn::string_view const&)
 .text._ZN3_bn6assert9show_argsIA31_cEEvPKcS4_S4_iRKT_
                0x08004800       0x48 bn_bg_blocks_manager.o
                0x08004800                void _bn::assert::show_args<char [31]>(char const*, char const*, char const*, int, char const (&) [31])
 .text._ZN3_bn6assert9show_argsIJA34_cA13_cPKtA14_ciA15_ciA17_ciS2_N2bn11string_viewEEEEvPKcSC_SC_iDpRKT_
                0x08004848       0xa0 bn_bg_blocks_manager.o
                0x08004848                void _bn::assert::show_args<char [34], char [13], unsigned short const*, char [14], int, char [15], int, char [17], int, char [34], bn::string_view>(char const*, char const*, char const*, int, char const (&) [34], char const (&) [13], unsigned short const* const&, char const (&) [14], int const&, char const (&) [15], int const&, char const (&) [17], int const&, char const (&) [34], bn::string_view const&)
 .text._ZN2bn17bg_blocks_manager22create_new_regular_mapERKNS_19regular_bg_map_itemEPKtONS_20regular_bg_tiles_ptrEONS_14bg_palette_ptrEb
                0x080048e8      0x284 bn_bg_blocks_manager.o
                0x080048e8                bn::bg_blocks_manager::create_new_regular_map(bn::regular_bg_map_item const&, unsigned short const*, bn::regular_bg_tiles_ptr&&, bn::bg_palette_ptr&&, bool)
 .text._ZNK2bn19regular_bg_map_item14create_new_mapENS_20regular_bg_tiles_ptrENS_14bg_palette_ptrE
                0x08004b6c       0x4c bn_bg_blocks_manager.o
                0x08004b6c                bn::regular_bg_map_item::create_new_map(bn::regular_bg_tiles_ptr, bn::bg_palette_ptr) const
 .text._ZN2bn18regular_bg_map_ptr10create_newERKNS_15regular_bg_itemE
                0x08004bb8       0x64 bn_bg_blocks_manager.o
                0x08004bb8                bn::regular_bg_map_ptr::create_new(bn::regular_bg_item const&)
 .text._ZN3_bn6assert9show_argsIJA37_ciA4_ciEEEvPKcS5_S5_iDpRKT_
                0x08004c1c       0x58 bn_bg_blocks_manager.o
                0x08004c1c                void _bn::assert::show_args<char [37], int, char [4], int>(char const*, char const*, char const*, int, char const (&) [37], int const&, char const (&) [4], int const&)
 .text._ZN2bn17bg_blocks_manager33set_regular_map_tiles_and_paletteEiONS_20regular_bg_tiles_ptrEONS_14bg_palette_ptrE
                0x08004c74      0x2e4 bn_bg_blocks_manager.o
                0x08004c74                bn::bg_blocks_manager::set_regular_map_tiles_and_palette(int, bn::regular_bg_tiles_ptr&&, bn::bg_palette_ptr&&)
 .text._ZN2bn17bg_blocks_manager12_GLOBAL__N_122_find_regular_map_implERKNS_19regular_bg_map_itemEPKtRKNS_20regular_bg_tiles_ptrERKNS_14bg_palette_ptrE
                0x08004f58      0x2e4 bn_bg_blocks_manager.o
 .text._ZN2bn17bg_blocks_manager18create_regular_mapERKNS_19regular_bg_map_itemEPKtONS_20regular_bg_tiles_ptrEONS_14bg_palette_ptrEb
                0x0800523c      0x284 bn_bg_blocks_manager.o
                0x0800523c                bn::bg_blocks_manager::create_regular_map(bn::regular_bg_map_item const&, unsigned short const*, bn::regular_bg_tiles_ptr&&, bn::bg_palette_ptr&&, bool)
 .text._ZN2bn18regular_bg_map_ptr6createERKNS_15regular_bg_itemEi
                0x080054c0       0xdc bn_bg_blocks_manager.o
                0x080054c0                bn::regular_bg_map_ptr::create(bn::regular_bg_item const&, int)
 .text._ZNK2bn19regular_bg_map_item8find_mapERKNS_20regular_bg_tiles_ptrERKNS_14bg_palette_ptrE
                0x0800559c       0x24 bn_bg_blocks_manager.o
                0x0800559c                bn::regular_bg_map_item::find_map(bn::regular_bg_tiles_ptr const&, bn::bg_palette_ptr const&) const
 .text._ZN2bn18regular_bg_map_ptr21set_tiles_and_paletteERKNS_21regular_bg_tiles_itemERKNS_15bg_palette_itemE
                0x080055c0      0x17c bn_bg_blocks_manager.o
                0x080055c0                bn::regular_bg_map_ptr::set_tiles_and_palette(bn::regular_bg_tiles_item const&, bn::bg_palette_item const&)
 .text._ZN3_bn6assert9show_argsIA39_ciEEvPKcS4_S4_iRKT_RKT0_
                0x0800573c       0x54 bn_bg_blocks_manager.o
                0x0800573c                void _bn::assert::show_args<char [39], int>(char const*, char const*, char const*, int, char const (&) [39], int const&)
 .text.startup._GLOBAL__sub_I__ZN2bn7bg_maps16used_cells_countEv
                0x08005790       0x88 bn_bg_blocks_manager.o
 .text._ZN2bn11bgs_manager12_GLOBAL__N_129_check_unique_regular_big_mapERNS1_9item_typeE
                0x08005818       0x68 bn_bgs_manager.o
 .text._ZN2bn11bgs_manager12_GLOBAL__N_111static_dataD2Ev
                0x08005880       0x10 bn_bgs_manager.o
 .text._ZN2bn11bgs_manager12_GLOBAL__N_133_update_item_hw_affine_attributesERKNS1_9item_typeE
                0x08005890       0x48 bn_bgs_manager.o
 .text._ZN2bn14regular_bg_ptr12set_positionENS_7fixed_tILi12EEES2_
                0x080058d8       0x70 bn_bgs_manager.o
                0x080058d8                bn::regular_bg_ptr::set_position(bn::fixed_t<12>, bn::fixed_t<12>)
 .text._ZN2bn14regular_bg_ptr24set_blending_top_enabledEb
                0x08005948       0x3c bn_bgs_manager.o
                0x08005948                bn::regular_bg_ptr::set_blending_top_enabled(bool)
 .text._ZN2bn14regular_bg_ptr27set_blending_bottom_enabledEb
                0x08005984       0x3c bn_bgs_manager.o
                0x08005984                bn::regular_bg_ptr::set_blending_bottom_enabled(bool)
 .text._ZNK2bn14regular_bg_ptr7visibleEv
                0x080059c0        0xc bn_bgs_manager.o
                0x080059c0                bn::regular_bg_ptr::visible() const
 .text._ZN2bn14regular_bg_ptr11set_visibleEb
                0x080059cc       0x30 bn_bgs_manager.o
                0x080059cc                bn::regular_bg_ptr::set_visible(bool)
 .text._ZN2bn14regular_bg_ptr21set_visible_in_windowEbRNS_6windowE
                0x080059fc       0x14 bn_bgs_manager.o
                0x080059fc                bn::regular_bg_ptr::set_visible_in_window(bool, bn::window&)
 .text._ZN2bn11bgs_manager4initEv
                0x08005a10       0x8c bn_bgs_manager.o
                0x08005a10                bn::bgs_manager::init()
 .text._ZN2bn11bgs_manager5hw_idEPv
                0x08005a9c        0x8 bn_bgs_manager.o
                0x08005a9c                bn::bgs_manager::hw_id(void*)
 .text._ZN2bn11bgs_manager11hw_positionEPv
                0x08005aa4        0x4 bn_bgs_manager.o
                0x08005aa4                bn::bgs_manager::hw_position(void*)
 .text._ZN2bn11bgs_manager14mat_attributesEPv
                0x08005aa8        0x4 bn_bgs_manager.o
                0x08005aa8                bn::bgs_manager::mat_attributes(void*)
 .text._ZN2bn11bgs_manager9put_belowEPv
                0x08005aac       0x6c bn_bgs_manager.o
                0x08005aac                bn::bgs_manager::put_below(void*)
 .text._ZN2bn14regular_bg_ptr9put_belowEv
                0x08005b18       0x10 bn_bgs_manager.o
                0x08005b18                bn::regular_bg_ptr::put_below()
 .text._ZN2bn11bgs_manager18set_show_in_windowEPvib
                0x08005b28       0x18 bn_bgs_manager.o
                0x08005b28                bn::bgs_manager::set_show_in_window(void*, int, bool)
 .text._ZN2bn11bgs_manager20update_windows_flagsEPj
                0x08005b40       0x7c bn_bgs_manager.o
                0x08005b40                bn::bgs_manager::update_windows_flags(unsigned int*)
 .text._ZN2bn11bgs_manager14update_camerasEv
                0x08005bbc      0x14c bn_bgs_manager.o
                0x08005bbc                bn::bgs_manager::update_cameras()
 .text._ZN2bn11bgs_manager28update_regular_map_tiles_cbbEii
                0x08005d08       0xa8 bn_bgs_manager.o
                0x08005d08                bn::bgs_manager::update_regular_map_tiles_cbb(int, int)
 .text._ZN2bn11bgs_manager30update_regular_map_palette_bppEiNS_8bpp_modeE
                0x08005db0       0xac bn_bgs_manager.o
                0x08005db0                bn::bgs_manager::update_regular_map_palette_bpp(int, bn::bpp_mode)
 .text._ZN2bn11bgs_manager36fill_hblank_effect_regular_positionsEiPKNS_7fixed_tILi12EEEPt
                0x08005e5c       0x38 bn_bgs_manager.o
                0x08005e5c                bn::bgs_manager::fill_hblank_effect_regular_positions(int, bn::fixed_t<12> const*, unsigned short*)
 .text._ZN2bn11bgs_manager45fill_hblank_effect_pivot_horizontal_positionsEPvPKNS_7fixed_tILi12EEEPj
                0x08005e94       0x24 bn_bgs_manager.o
                0x08005e94                bn::bgs_manager::fill_hblank_effect_pivot_horizontal_positions(void*, bn::fixed_t<12> const*, unsigned int*)
 .text._ZN2bn11bgs_manager43fill_hblank_effect_pivot_vertical_positionsEPvPKNS_7fixed_tILi12EEEPj
                0x08005eb8       0x24 bn_bgs_manager.o
                0x08005eb8                bn::bgs_manager::fill_hblank_effect_pivot_vertical_positions(void*, bn::fixed_t<12> const*, unsigned int*)
 .text._ZN2bn11bgs_manager6commitEb
                0x08005edc       0x58 bn_bgs_manager.o
                0x08005edc                bn::bgs_manager::commit(bool)
 .text._ZN2bn11bgs_manager4stopEv
                0x08005f34       0x28 bn_bgs_manager.o
                0x08005f34                bn::bgs_manager::stop()
 .text._ZN3_bn6assert9show_argsIA17_ciEEvPKcS4_S4_iRKT_RKT0_
                0x08005f5c       0x54 bn_bgs_manager.o
                0x08005f5c                void _bn::assert::show_args<char [17], int>(char const*, char const*, char const*, int, char const (&) [17], int const&)
 .text._ZN3_bn6assert9show_argsIA30_cEEvPKcS4_S4_iRKT_
                0x08005fb0       0x48 bn_bgs_manager.o
                0x08005fb0                void _bn::assert::show_args<char [30]>(char const*, char const*, char const*, int, char const (&) [30])
 .text._ZN3_bn6assert9show_argsIA27_cEEvPKcS4_S4_iRKT_
                0x08005ff8       0x48 bn_bgs_manager.o
                0x08005ff8                void _bn::assert::show_args<char [27]>(char const*, char const*, char const*, int, char const (&) [27])
 .text._ZN3_bn6assert9show_argsIA46_cEEvPKcS4_S4_iRKT_
                0x08006040       0x48 bn_bgs_manager.o
                0x08006040                void _bn::assert::show_args<char [46]>(char const*, char const*, char const*, int, char const (&) [46])
 .text._ZN2bn11bgs_manager15rebuild_handlesEv.part.0
                0x08006088      0x1a8 bn_bgs_manager.o
 .text._ZN2bn18regular_bg_builder11release_mapEv
                0x08006230       0x78 bn_bgs_manager.o
                0x08006230                bn::regular_bg_builder::release_map()
 .text._ZN2bn11bgs_manager37fill_hblank_effect_regular_attributesEPvPKNS_21regular_bg_attributesEPt
                0x080062a8      0x100 bn_bgs_manager.o
                0x080062a8                bn::bgs_manager::fill_hblank_effect_regular_attributes(void*, bn::regular_bg_attributes const*, unsigned short*)
 .text._ZN2bn11bgs_manager6updateEv
                0x080063a8      0x16c bn_bgs_manager.o
                0x080063a8                bn::bgs_manager::update()
 .text._ZN2bn11bgs_manager15commit_big_mapsEv
                0x08006514      0x1d0 bn_bgs_manager.o
                0x08006514                bn::bgs_manager::commit_big_maps()
 .text._ZN2bn11bgs_manager12_GLOBAL__N_19item_type18update_regular_mapEv
                0x080066e4      0x1c8 bn_bgs_manager.o
 .text._ZN2bn11bgs_manager15set_regular_mapEPvONS_18regular_bg_map_ptrE
                0x080068ac       0xb4 bn_bgs_manager.o
                0x080068ac                bn::bgs_manager::set_regular_map(void*, bn::regular_bg_map_ptr&&)
 .text._ZN2bn11bgs_manager36fill_hblank_effect_affine_attributesEPvPKNS_20affine_bg_attributesEPt
                0x08006960      0x104 bn_bgs_manager.o
                0x08006960                bn::bgs_manager::fill_hblank_effect_affine_attributes(void*, bn::affine_bg_attributes const*, unsigned short*)
 .text._ZN2bn11bgs_manager10affine_mapEPv
                0x08006a64       0x34 bn_bgs_manager.o
                0x08006a64                bn::bgs_manager::affine_map(void*)
 .text._ZN2bn11bgs_manager11regular_mapEPv
                0x08006a98       0x34 bn_bgs_manager.o
                0x08006a98                bn::bgs_manager::regular_map(void*)
 .text._ZN2bn14regular_bg_ptr8set_itemERKNS_15regular_bg_itemE
                0x08006acc      0x144 bn_bgs_manager.o
                0x08006acc                bn::regular_bg_ptr::set_item(bn::regular_bg_item const&)
 .text._ZN2bn11bgs_manager12_GLOBAL__N_112_insert_itemERNS1_9item_typeE
                0x08006c10      0x104 bn_bgs_manager.o
 .text._ZN3_bn6assert9show_argsIA13_cEEvPKcS4_S4_iRKT_
                0x08006d14       0x48 bn_bgs_manager.o
                0x08006d14                void _bn::assert::show_args<char [13]>(char const*, char const*, char const*, int, char const (&) [13])
 .text._ZN2bn11bgs_manager6createEONS_18regular_bg_builderE
                0x08006d5c      0x1d4 bn_bgs_manager.o
                0x08006d5c                bn::bgs_manager::create(bn::regular_bg_builder&&)
 .text._ZNK2bn15regular_bg_item9create_bgENS_7fixed_tILi12EEES2_
                0x08006f30       0x78 bn_bgs_manager.o
                0x08006f30                bn::regular_bg_item::create_bg(bn::fixed_t<12>, bn::fixed_t<12>) const
 .text.startup._GLOBAL__sub_I__ZN2bn3bgs16used_items_countEv
                0x08006fa8       0x90 bn_bgs_manager.o
 .text._ZN2bn10camera_ptrD2Ev
                0x08007038       0x38 bn_cameras_manager.o
                0x08007038                bn::camera_ptr::~camera_ptr()
                0x08007038                bn::camera_ptr::~camera_ptr()
 .text._ZNK2bn10camera_ptr8positionEv
                0x08007070       0x14 bn_cameras_manager.o
                0x08007070                bn::camera_ptr::position() const
 .text._ZN2bn15cameras_manager4initEv
                0x08007084       0x24 bn_cameras_manager.o
                0x08007084                bn::cameras_manager::init()
 .text._ZN2bn15cameras_manager6updateEv
                0x080070a8       0x28 bn_cameras_manager.o
                0x080070a8                bn::cameras_manager::update()
 .text.startup._GLOBAL__sub_I__ZN2bn7cameras16used_items_countEv
                0x080070d0       0x24 bn_cameras_manager.o
 .text._ZN2bn4core12_GLOBAL__N_14stopEb
                0x080070f4       0x54 bn_core.o
 .text._ZN2bn4core12_GLOBAL__N_111update_implEv
                0x08007148      0x114 bn_core.o
 .text._ZN2bn11string_viewC2EPKc
                0x0800725c       0x1c bn_core.o
                0x0800725c                bn::string_view::string_view(char const*)
                0x0800725c                bn::string_view::string_view(char const*)
 .text._ZN3_bn6assert12_GLOBAL__N_110_show_implEPKcS3_S3_iRKN2bn11string_viewE
                0x08007278       0x80 bn_core.o
 .text._ZN2bn4core6updateEv
                0x080072f8       0x78 bn_core.o
                0x080072f8                bn::core::update()
 .text._ZN2bn4core4initERKNS_8optionalINS_5colorEEERKNS_11string_viewE
                0x08007370      0x128 bn_core.o
                0x08007370                bn::core::init(bn::optional<bn::color> const&, bn::string_view const&)
 .text._ZN2bn4core4initEv
                0x08007498       0x24 bn_core.o
                0x08007498                bn::core::init()
 .text._ZN2bn4core9on_vblankEv
                0x080074bc       0x2c bn_core.o
                0x080074bc                bn::core::on_vblank()
 .text._ZN3_bn6assert4showEPKcS2_S2_iRKN2bn12istring_baseE
                0x080074e8       0x18 bn_core.o
                0x080074e8                _bn::assert::show(char const*, char const*, char const*, int, bn::istring_base const&)
 .text.startup._GLOBAL__sub_I__ZN2bn4core4initEv
                0x08007500       0x4c bn_core.o
 .text._ZN2bn15display_manager12_GLOBAL__N_111static_dataD2Ev
                0x0800754c       0x34 bn_display_manager.o
 .text._ZN2bn15display_manager12_GLOBAL__N_134_update_rect_windows_hw_boundariesEi
                0x08007580       0x7c bn_display_manager.o
 .text._ZN2bn6window11set_show_bgERKNS_14regular_bg_ptrEb
                0x080075fc       0x14 bn_display_manager.o
                0x080075fc                bn::window::set_show_bg(bn::regular_bg_ptr const&, bool)
 .text._ZNK2bn6window12show_spritesEv
                0x08007610       0x18 bn_display_manager.o
                0x08007610                bn::window::show_sprites() const
 .text._ZN2bn6window16set_show_spritesEb
                0x08007628       0x30 bn_display_manager.o
                0x08007628                bn::window::set_show_sprites(bool)
 .text._ZN2bn6window17set_show_blendingEb
                0x08007658       0x30 bn_display_manager.o
                0x08007658                bn::window::set_show_blending(bool)
 .text._ZNK2bn13inside_window7visibleEv
                0x08007688       0x10 bn_display_manager.o
                0x08007688                bn::inside_window::visible() const
 .text._ZN2bn13inside_window11set_visibleEb
                0x08007698       0x20 bn_display_manager.o
                0x08007698                bn::inside_window::set_visible(bool)
 .text._ZN2bn15display_manager4initEv
                0x080076b8       0xa4 bn_display_manager.o
                0x080076b8                bn::display_manager::init()
 .text._ZN2bn15display_manager8set_modeEi
                0x0800775c       0x1c bn_display_manager.o
                0x0800775c                bn::display_manager::set_mode(int)
 .text._ZN2bn15display_manager14set_bg_enabledEib
                0x08007778       0x18 bn_display_manager.o
                0x08007778                bn::display_manager::set_bg_enabled(int, bool)
 .text._ZN2bn15display_manager15disable_all_bgsEv
                0x08007790       0x14 bn_display_manager.o
                0x08007790                bn::display_manager::disable_all_bgs()
 .text._ZN2bn15display_manager36fill_mosaic_hblank_effect_attributesEPKNS_17mosaic_attributesEPt
                0x080077a4       0xb4 bn_display_manager.o
                0x080077a4                bn::display_manager::fill_mosaic_hblank_effect_attributes(bn::mosaic_attributes const*, unsigned short*)
 .text._ZN2bn15display_manager27set_blending_top_bg_enabledEib
                0x08007858       0x20 bn_display_manager.o
                0x08007858                bn::display_manager::set_blending_top_bg_enabled(int, bool)
 .text._ZN2bn15display_manager30set_blending_bottom_bg_enabledEib
                0x08007878       0x20 bn_display_manager.o
                0x08007878                bn::display_manager::set_blending_bottom_bg_enabled(int, bool)
 .text._ZN2bn15display_manager32blending_transparency_top_weightEv
                0x08007898       0x18 bn_display_manager.o
                0x08007898                bn::display_manager::blending_transparency_top_weight()
 .text._ZN2bn15display_manager35blending_transparency_bottom_weightEv
                0x080078b0       0x28 bn_display_manager.o
                0x080078b0                bn::display_manager::blending_transparency_bottom_weight()
 .text._ZN2bn15display_manager51fill_blending_transparency_hblank_effect_attributesEPKNS_32blending_transparency_attributesEPt
                0x080078d8       0x30 bn_display_manager.o
                0x080078d8                bn::display_manager::fill_blending_transparency_hblank_effect_attributes(bn::blending_transparency_attributes const*, unsigned short*)
 .text._ZN2bn15display_manager21blending_fade_enabledEv
                0x08007908        0xc bn_display_manager.o
                0x08007908                bn::display_manager::blending_fade_enabled()
 .text._ZN2bn15display_manager39fill_blending_fade_hblank_effect_alphasEPKNS_19blending_fade_alphaEPt
                0x08007914       0x24 bn_display_manager.o
                0x08007914                bn::display_manager::fill_blending_fade_hblank_effect_alphas(bn::blending_fade_alpha const*, unsigned short*)
 .text._ZN2bn15display_manager26update_windows_visible_bgsEv
                0x08007938       0x14 bn_display_manager.o
                0x08007938                bn::display_manager::update_windows_visible_bgs()
 .text._ZN2bn15display_manager36rect_window_hw_horizontal_boundariesEi
                0x0800794c       0x18 bn_display_manager.o
                0x0800794c                bn::display_manager::rect_window_hw_horizontal_boundaries(int)
 .text._ZN2bn15display_manager34rect_window_hw_vertical_boundariesEi
                0x08007964       0x18 bn_display_manager.o
                0x08007964                bn::display_manager::rect_window_hw_vertical_boundaries(int)
 .text._ZN2bn15display_manager52fill_rect_window_hblank_effect_horizontal_boundariesERKSt4pairIiiEPKS1_INS_7fixed_tILi12EEES6_EPt
                0x0800797c      0x134 bn_display_manager.o
                0x0800797c                bn::display_manager::fill_rect_window_hblank_effect_horizontal_boundaries(std::pair<int, int> const&, std::pair<bn::fixed_t<12>, bn::fixed_t<12> > const*, unsigned short*)
 .text._ZN2bn15display_manager50fill_rect_window_hblank_effect_vertical_boundariesERKSt4pairIiiEPKS1_INS_7fixed_tILi12EEES6_EPt
                0x08007ab0      0x134 bn_display_manager.o
                0x08007ab0                bn::display_manager::fill_rect_window_hblank_effect_vertical_boundaries(std::pair<int, int> const&, std::pair<bn::fixed_t<12>, bn::fixed_t<12> > const*, unsigned short*)
 .text._ZN2bn15display_manager36fill_green_swap_hblank_effect_statesEPKbPt
                0x08007be4       0x38 bn_display_manager.o
                0x08007be4                bn::display_manager::fill_green_swap_hblank_effect_states(bool const*, unsigned short*)
 .text._ZN2bn15display_manager14update_camerasEv
                0x08007c1c       0x40 bn_display_manager.o
                0x08007c1c                bn::display_manager::update_cameras()
 .text._ZN2bn15display_manager6updateEv
                0x08007c5c      0x254 bn_display_manager.o
                0x08007c5c                bn::display_manager::update()
 .text._ZN2bn15display_manager6commitEv
                0x08007eb0      0x12c bn_display_manager.o
                0x08007eb0                bn::display_manager::commit()
 .text._ZN2bn15display_manager4stopEv
                0x08007fdc       0x28 bn_display_manager.o
                0x08007fdc                bn::display_manager::stop()
 .text._ZN3_bn6assert9show_argsIA66_cEEvPKcS4_S4_iRKT_
                0x08008004       0x48 bn_display_manager.o
                0x08008004                void _bn::assert::show_args<char [66]>(char const*, char const*, char const*, int, char const (&) [66])
 .text._ZN3_bn6assert9show_argsIA29_cN2bn7fixed_tILi12EEEEEvPKcS7_S7_iRKT_RKT0_
                0x0800804c       0x54 bn_display_manager.o
                0x0800804c                void _bn::assert::show_args<char [29], bn::fixed_t<12> >(char const*, char const*, char const*, int, char const (&) [29], bn::fixed_t<12> const&)
 .text._ZN2bn8blending22set_transparency_alphaENS_7fixed_tILi12EEE
                0x080080a0       0x94 bn_display_manager.o
                0x080080a0                bn::blending::set_transparency_alpha(bn::fixed_t<12>)
 .text._ZN3_bn6assert9show_argsIA34_cN2bn7fixed_tILi12EEEEEvPKcS7_S7_iRKT_RKT0_
                0x08008134       0x54 bn_display_manager.o
                0x08008134                void _bn::assert::show_args<char [34], bn::fixed_t<12> >(char const*, char const*, char const*, int, char const (&) [34], bn::fixed_t<12> const&)
 .text._ZN2bn8blending27set_transparency_top_weightENS_7fixed_tILi12EEE
                0x08008188       0x7c bn_display_manager.o
                0x08008188                bn::blending::set_transparency_top_weight(bn::fixed_t<12>)
 .text._ZN3_bn6assert9show_argsIA37_cN2bn7fixed_tILi12EEEEEvPKcS7_S7_iRKT_RKT0_
                0x08008204       0x54 bn_display_manager.o
                0x08008204                void _bn::assert::show_args<char [37], bn::fixed_t<12> >(char const*, char const*, char const*, int, char const (&) [37], bn::fixed_t<12> const&)
 .text._ZN2bn8blending30set_transparency_bottom_weightENS_7fixed_tILi12EEE
                0x08008258       0x80 bn_display_manager.o
                0x08008258                bn::blending::set_transparency_bottom_weight(bn::fixed_t<12>)
 .text._ZN2bn13ostringstream11append_argsINS_7fixed_tILi12EEEJA4_cS3_EEEvRKT_DpRKT0_.isra.0
                0x080082d8       0xb4 bn_display_manager.o
 .text._ZN3_bn6assert9show_argsIJA24_cN2bn7fixed_tILi12EEEA4_cS5_EEEvPKcS8_S8_iDpRKT_
                0x0800838c       0x58 bn_display_manager.o
                0x0800838c                void _bn::assert::show_args<char [24], bn::fixed_t<12>, char [4], bn::fixed_t<12> >(char const*, char const*, char const*, int, char const (&) [24], bn::fixed_t<12> const&, char const (&) [4], bn::fixed_t<12> const&)
 .text._ZN2bn11rect_window14set_boundariesENS_7fixed_tILi12EEES2_S2_S2_
                0x080083e4       0xd8 bn_display_manager.o
                0x080083e4                bn::rect_window::set_boundaries(bn::fixed_t<12>, bn::fixed_t<12>, bn::fixed_t<12>, bn::fixed_t<12>)
 .text.startup._GLOBAL__sub_I__ZNK2bn6window7show_bgERKNS_14regular_bg_ptrE
                0x080084bc       0xa4 bn_display_manager.o
 .text._ZN2bn12gpio_manager5sleepEv
                0x08008560       0x28 bn_gpio_manager.o
                0x08008560                bn::gpio_manager::sleep()
 .text._ZN2bn22hblank_effects_manager12_GLOBAL__N_19item_type18_output_values_ptrEv
                0x08008588       0x40 bn_hblank_effects_manager.o
 .text._ZN2bn22hblank_effects_manager7disableEv
                0x080085c8       0x24 bn_hblank_effects_manager.o
                0x080085c8                bn::hblank_effects_manager::disable()
 .text._ZN2bn22hblank_effects_manager6commitEv
                0x080085ec       0x88 bn_hblank_effects_manager.o
                0x080085ec                bn::hblank_effects_manager::commit()
 .text._ZN2bn22hblank_effects_manager12_GLOBAL__N_110_is_uint32ENS0_12handler_typeE
                0x08008674       0x64 bn_hblank_effects_manager.o
 .text._ZN2bn22hblank_effects_manager12_GLOBAL__N_19item_type12check_updateEv
                0x080086d8     0x1640 bn_hblank_effects_manager.o
 .text._ZN3_bn6assert9show_argsIA18_cEEvPKcS4_S4_iRKT_
                0x08009d18       0x48 bn_hblank_effects_manager.o
                0x08009d18                void _bn::assert::show_args<char [18]>(char const*, char const*, char const*, int, char const (&) [18])
 .text._ZN2bn22hblank_effects_manager6updateEv
                0x08009d60      0x1ec bn_hblank_effects_manager.o
                0x08009d60                bn::hblank_effects_manager::update()
 .text._ZN2bn22hblank_effects_manager4initEv
                0x08009f4c      0x190 bn_hblank_effects_manager.o
                0x08009f4c                bn::hblank_effects_manager::init()
 .text.startup._GLOBAL__sub_I__ZN2bn4hbes10used_countEv
                0x0800a0dc       0xe8 bn_hblank_effects_manager.o
 .text._ZN2bn12hdma_manager4initEv
                0x0800a1c4       0x40 bn_hdma_manager.o
                0x0800a1c4                bn::hdma_manager::init()
 .text._ZN2bn12hdma_manager10force_stopEv
                0x0800a204       0x3c bn_hdma_manager.o
                0x0800a204                bn::hdma_manager::force_stop()
 .text._ZN2bn12hdma_manager7disableEv
                0x0800a240       0x30 bn_hdma_manager.o
                0x0800a240                bn::hdma_manager::disable()
 .text._ZN2bn12hdma_manager6updateEv
                0x0800a270       0x6c bn_hdma_manager.o
                0x0800a270                bn::hdma_manager::update()
 .text._ZN2bn12hdma_manager6commitEb
                0x0800a2dc      0x120 bn_hdma_manager.o
                0x0800a2dc                bn::hdma_manager::commit(bool)
 .text.startup._GLOBAL__sub_I__ZN2bn4hdma7runningEv
                0x0800a3fc       0x34 bn_hdma_manager.o
 .text._ZN2bn6keypad9a_pressedEv
                0x0800a430       0x10 bn_keypad_manager.o
                0x0800a430                bn::keypad::a_pressed()
 .text._ZN2bn6keypad9b_pressedEv
                0x0800a440       0x10 bn_keypad_manager.o
                0x0800a440                bn::keypad::b_pressed()
 .text._ZN2bn6keypad14select_pressedEv
                0x0800a450       0x10 bn_keypad_manager.o
                0x0800a450                bn::keypad::select_pressed()
 .text._ZN2bn14keypad_manager4stopEv
                0x0800a460        0x4 bn_keypad_manager.o
                0x0800a460                bn::keypad_manager::stop()
 .text._ZN2bn14keypad_manager6updateEv
                0x0800a464       0xa8 bn_keypad_manager.o
                0x0800a464                bn::keypad_manager::update()
 .text._ZN2bn14keypad_manager4initERKNS_11string_viewE
                0x0800a50c       0x64 bn_keypad_manager.o
                0x0800a50c                bn::keypad_manager::init(bn::string_view const&)
 .text._ZN3_bn6assert9show_argsIA16_cEEvPKcS4_S4_iRKT_
                0x0800a570       0x48 bn_keypad_manager.o
                0x0800a570                void _bn::assert::show_args<char [16]>(char const*, char const*, char const*, int, char const (&) [16])
 .text._ZN2bn12link_manager4initEv
                0x0800a5b8        0xc bn_link_manager.o
                0x0800a5b8                bn::link_manager::init()
 .text._ZN2bn12link_manager6activeEv
                0x0800a5c4        0xc bn_link_manager.o
                0x0800a5c4                bn::link_manager::active()
 .text._ZN2bn12link_manager7disableEv
                0x0800a5d0       0x18 bn_link_manager.o
                0x0800a5d0                bn::link_manager::disable()
 .text._ZN2bn14memory_manager12_GLOBAL__N_111static_dataD2Ev
                0x0800a5e8       0x10 bn_memory_manager.o
 .text._ZN2bn14memory_manager4initEv
                0x0800a5f8       0x2c bn_memory_manager.o
                0x0800a5f8                bn::memory_manager::init()
 .text.startup._GLOBAL__sub_I__Znwj
                0x0800a624       0x20 bn_memory_manager.o
 .text._ZN2bn16palettes_manager12_GLOBAL__N_111static_dataD2Ev
                0x0800a644        0x4 bn_palettes_manager.o
 .text._ZN2bn2hw8palettes9grayscaleEPKNS_5colorEiiPS2_.part.0
                0x0800a648       0x40 bn_palettes_manager.o
 .text._ZN2bn14bg_palette_ptrC2ERKS0_
                0x0800a688       0x2c bn_palettes_manager.o
                0x0800a688                bn::bg_palette_ptr::bg_palette_ptr(bn::bg_palette_ptr const&)
                0x0800a688                bn::bg_palette_ptr::bg_palette_ptr(bn::bg_palette_ptr const&)
 .text._ZNK2bn14bg_palette_ptr3bppEv
                0x0800a6b4       0x20 bn_palettes_manager.o
                0x0800a6b4                bn::bg_palette_ptr::bpp() const
 .text._ZN2bn18sprite_palette_ptrC2ERKS0_
                0x0800a6d4       0x1c bn_palettes_manager.o
                0x0800a6d4                bn::sprite_palette_ptr::sprite_palette_ptr(bn::sprite_palette_ptr const&)
                0x0800a6d4                bn::sprite_palette_ptr::sprite_palette_ptr(bn::sprite_palette_ptr const&)
 .text._ZNK2bn18sprite_palette_ptr3bppEv
                0x0800a6f0       0x1c bn_palettes_manager.o
                0x0800a6f0                bn::sprite_palette_ptr::bpp() const
 .text._ZNK2bn13palettes_bank10log_statusEv
                0x0800a70c      0x17c bn_palettes_manager.o
                0x0800a70c                bn::palettes_bank::log_status() const
 .text._ZN2bn13palettes_bank10find_bpp_4ERKNS_4spanIKNS_5colorEEEt
                0x0800a888      0x118 bn_palettes_manager.o
                0x0800a888                bn::palettes_bank::find_bpp_4(bn::span<bn::color const> const&, unsigned short)
 .text._ZNK2bn13palettes_bank20retrieve_commit_dataEv
                0x0800a9a0       0x4c bn_palettes_manager.o
                0x0800a9a0                bn::palettes_bank::retrieve_commit_data() const
 .text._ZNK2bn13palettes_bank21_apply_global_effectsEiPNS_5colorE
                0x0800a9ec      0x13c bn_palettes_manager.o
                0x0800a9ec                bn::palettes_bank::_apply_global_effects(int, bn::color*) const
 .text._ZNK2bn13palettes_bank25fill_hblank_effect_colorsEPKNS_5colorEPt
                0x0800ab28       0x30 bn_palettes_manager.o
                0x0800ab28                bn::palettes_bank::fill_hblank_effect_colors(bn::color const*, unsigned short*) const
 .text._ZNK2bn13palettes_bank7palette13apply_effectsEiPNS_5colorE
                0x0800ab58       0xbc bn_palettes_manager.o
                0x0800ab58                bn::palettes_bank::palette::apply_effects(int, bn::color*) const
 .text._ZNK2bn13palettes_bank25fill_hblank_effect_colorsEiPKNS_5colorEPt
                0x0800ac14       0x44 bn_palettes_manager.o
                0x0800ac14                bn::palettes_bank::fill_hblank_effect_colors(int, bn::color const*, unsigned short*) const
 .text._ZN2bn13palettes_bank15_update_paletteEi
                0x0800ac58       0x7c bn_palettes_manager.o
                0x0800ac58                bn::palettes_bank::_update_palette(int)
 .text._ZN2bn13palettes_bank6updateEv
                0x0800acd4      0x134 bn_palettes_manager.o
                0x0800acd4                bn::palettes_bank::update()
 .text._ZN2bn13palettes_bankC2Ev
                0x0800ae08       0xd4 bn_palettes_manager.o
                0x0800ae08                bn::palettes_bank::palettes_bank()
                0x0800ae08                bn::palettes_bank::palettes_bank()
 .text._ZN2bn16palettes_manager4initERKNS_8optionalINS_5colorEEE
                0x0800aedc      0x184 bn_palettes_manager.o
                0x0800aedc                bn::palettes_manager::init(bn::optional<bn::color> const&)
 .text._ZN2bn16palettes_manager20sprite_palettes_bankEv
                0x0800b060        0x8 bn_palettes_manager.o
                0x0800b060                bn::palettes_manager::sprite_palettes_bank()
 .text._ZN2bn16palettes_manager16bg_palettes_bankEv
                0x0800b068        0x8 bn_palettes_manager.o
                0x0800b068                bn::palettes_manager::bg_palettes_bank()
 .text._ZN2bn16palettes_manager6updateEv
                0x0800b070       0x20 bn_palettes_manager.o
                0x0800b070                bn::palettes_manager::update()
 .text._ZN2bn16palettes_manager6commitEb
                0x0800b090      0x104 bn_palettes_manager.o
                0x0800b090                bn::palettes_manager::commit(bool)
 .text._ZN2bn16palettes_manager4stopEv
                0x0800b194       0x20 bn_palettes_manager.o
                0x0800b194                bn::palettes_manager::stop()
 .text._ZN3_bn6assert9show_argsIA35_cEEvPKcS4_S4_iRKT_
                0x0800b1b4       0x48 bn_palettes_manager.o
                0x0800b1b4                void _bn::assert::show_args<char [35]>(char const*, char const*, char const*, int, char const (&) [35])
 .text._ZN2bn13palettes_bank11colors_hashERKNS_4spanIKNS_5colorEEE
                0x0800b1fc       0x48 bn_palettes_manager.o
                0x0800b1fc                bn::palettes_bank::colors_hash(bn::span<bn::color const> const&)
 .text._ZN3_bn6assert9show_argsIJA43_ciA36_cA42_cEEEvPKcS6_S6_iDpRKT_
                0x0800b244       0x64 bn_palettes_manager.o
                0x0800b244                void _bn::assert::show_args<char [43], int, char [36], char [42]>(char const*, char const*, char const*, int, char const (&) [43], int const&, char const (&) [36], char const (&) [42])
 .text._ZN2bn13palettes_bank12create_bpp_8ERKNS_4spanIKNS_5colorEEENS_16compression_typeEb
                0x0800b2a8      0x230 bn_palettes_manager.o
                0x0800b2a8                bn::palettes_bank::create_bpp_8(bn::span<bn::color const> const&, bn::compression_type, bool)
 .text._ZNK2bn19sprite_palette_item10decompressENS_4spanINS_5colorEEE
                0x0800b4d8      0x16c bn_palettes_manager.o
                0x0800b4d8                bn::sprite_palette_item::decompress(bn::span<bn::color>) const
 .text._ZNK2bn15bg_palette_item10decompressENS_4spanINS_5colorEEE
                0x0800b644      0x16c bn_palettes_manager.o
                0x0800b644                bn::bg_palette_item::decompress(bn::span<bn::color>) const
 .text._ZN2bn13palettes_bank12create_bpp_4ERKNS_4spanIKNS_5colorEEEtb
                0x0800b7b0      0x284 bn_palettes_manager.o
                0x0800b7b0                bn::palettes_bank::create_bpp_4(bn::span<bn::color const> const&, unsigned short, bool)
 .text._ZN2bn12_GLOBAL__N_112_create_implERKNS_15bg_palette_itemEb
                0x0800ba34       0x94 bn_palettes_manager.o
 .text._ZN2bn14bg_palette_ptr6createERKNS_15bg_palette_itemE
                0x0800bac8       0x54 bn_palettes_manager.o
                0x0800bac8                bn::bg_palette_ptr::create(bn::bg_palette_item const&)
 .text._ZNK2bn15bg_palette_item14create_paletteEv
                0x0800bb1c       0x10 bn_palettes_manager.o
                0x0800bb1c                bn::bg_palette_item::create_palette() const
 .text._ZN2bn12_GLOBAL__N_112_create_implERKNS_19sprite_palette_itemEb
                0x0800bb2c       0x7c bn_palettes_manager.o
 .text._ZNK2bn19sprite_palette_item14create_paletteEv
                0x0800bba8       0x48 bn_palettes_manager.o
                0x0800bba8                bn::sprite_palette_item::create_palette() const
 .text._ZN2bn14bg_palette_ptr10create_newERKNS_15bg_palette_itemE
                0x0800bbf0       0xd0 bn_palettes_manager.o
                0x0800bbf0                bn::bg_palette_ptr::create_new(bn::bg_palette_item const&)
 .text._ZNK2bn15bg_palette_item18create_new_paletteEv
                0x0800bcc0       0x10 bn_palettes_manager.o
                0x0800bcc0                bn::bg_palette_item::create_new_palette() const
 .text._ZN2bn14iunordered_mapItsNS_15identity_hasherENS_8equal_toItEEE5eraseERKNS4_14const_iteratorE.isra.0
                0x0800bcd0      0x1b4 bn_palettes_manager.o
 .text._ZN2bn13palettes_bank15decrease_usagesEi
                0x0800be84       0xd8 bn_palettes_manager.o
                0x0800be84                bn::palettes_bank::decrease_usages(int)
 .text._ZN2bn14bg_palette_ptraSERKS0_
                0x0800bf5c       0x4c bn_palettes_manager.o
                0x0800bf5c                bn::bg_palette_ptr::operator=(bn::bg_palette_ptr const&)
 .text._ZN2bn14bg_palette_ptrD2Ev
                0x0800bfa8       0x20 bn_palettes_manager.o
                0x0800bfa8                bn::bg_palette_ptr::~bg_palette_ptr()
                0x0800bfa8                bn::bg_palette_ptr::~bg_palette_ptr()
 .text._ZN2bn18sprite_palette_ptrD2Ev
                0x0800bfc8       0x20 bn_palettes_manager.o
                0x0800bfc8                bn::sprite_palette_ptr::~sprite_palette_ptr()
                0x0800bfc8                bn::sprite_palette_ptr::~sprite_palette_ptr()
 .text._ZN2bn14bg_palette_ptr4findERKNS_15bg_palette_itemE
                0x0800bfe8      0x11c bn_palettes_manager.o
                0x0800bfe8                bn::bg_palette_ptr::find(bn::bg_palette_item const&)
 .text._ZNK2bn15bg_palette_item12find_paletteEv
                0x0800c104       0x10 bn_palettes_manager.o
                0x0800c104                bn::bg_palette_item::find_palette() const
 .text.startup._GLOBAL__sub_I__ZN2bn11bg_palettes17used_colors_countEv
                0x0800c114       0x34 bn_palettes_manager.o
 .text._ZN2bn26sprite_affine_mats_manager12_GLOBAL__N_119_sprite_double_sizeILi32ELi16EEEbiiiii
                0x0800c148       0x84 bn_sprite_affine_mats_manager.o
 .text._ZN2bn26sprite_affine_mats_manager12_GLOBAL__N_119_sprite_double_sizeILi16ELi32EEEbiiiii
                0x0800c1cc       0x84 bn_sprite_affine_mats_manager.o
 .text._ZN2bn26sprite_affine_mats_manager12_GLOBAL__N_111static_dataD2Ev
                0x0800c250       0x3c bn_sprite_affine_mats_manager.o
 .text._ZNK2bn26sprite_affine_mats_manager12_GLOBAL__N_19item_type18sprite_double_sizeEiRKNS_17sprite_shape_sizeE.isra.0
                0x0800c28c      0x1ac bn_sprite_affine_mats_manager.o
 .text._ZNK2bn21sprite_affine_mat_ptr15horizontal_flipEv
                0x0800c438       0x18 bn_sprite_affine_mats_manager.o
                0x0800c438                bn::sprite_affine_mat_ptr::horizontal_flip() const
 .text._ZNK2bn21sprite_affine_mat_ptr13vertical_flipEv
                0x0800c450       0x18 bn_sprite_affine_mats_manager.o
                0x0800c450                bn::sprite_affine_mat_ptr::vertical_flip() const
 .text._ZNK2bn21sprite_affine_mat_ptr16flipped_identityEv
                0x0800c468       0x14 bn_sprite_affine_mats_manager.o
                0x0800c468                bn::sprite_affine_mat_ptr::flipped_identity() const
 .text._ZN2bn26sprite_affine_mats_manager13attach_spriteEiRNS_24intrusive_list_node_typeE
                0x0800c47c       0x2c bn_sprite_affine_mats_manager.o
                0x0800c47c                bn::sprite_affine_mats_manager::attach_sprite(int, bn::intrusive_list_node_type&)
 .text._ZN2bn26sprite_affine_mats_manager18sprite_double_sizeEiRKNS_17sprite_shape_sizeE
                0x0800c4a8       0x4c bn_sprite_affine_mats_manager.o
                0x0800c4a8                bn::sprite_affine_mats_manager::sprite_double_size(int, bn::sprite_shape_size const&)
 .text._ZN2bn26sprite_affine_mats_manager20retrieve_commit_dataEv
                0x0800c4f4       0x38 bn_sprite_affine_mats_manager.o
                0x0800c4f4                bn::sprite_affine_mats_manager::retrieve_commit_data()
 .text._ZN3_bn6assert9show_argsIA37_cEEvPKcS4_S4_iRKT_
                0x0800c52c       0x48 bn_sprite_affine_mats_manager.o
                0x0800c52c                void _bn::assert::show_args<char [37]>(char const*, char const*, char const*, int, char const (&) [37])
 .text._ZN2bn26sprite_affine_mats_manager15decrease_usagesEi.part.0
                0x0800c574       0x70 bn_sprite_affine_mats_manager.o
 .text._ZN2bn21sprite_affine_mat_ptrD2Ev
                0x0800c5e4       0x34 bn_sprite_affine_mats_manager.o
                0x0800c5e4                bn::sprite_affine_mat_ptr::~sprite_affine_mat_ptr()
                0x0800c5e4                bn::sprite_affine_mat_ptr::~sprite_affine_mat_ptr()
 .text._ZN2bn26sprite_affine_mats_manager6updateEv
                0x0800c618      0x2d0 bn_sprite_affine_mats_manager.o
                0x0800c618                bn::sprite_affine_mats_manager::update()
 .text._ZN2bn26sprite_affine_mats_manager4initEPv
                0x0800c8e8      0x108 bn_sprite_affine_mats_manager.o
                0x0800c8e8                bn::sprite_affine_mats_manager::init(void*)
 .text._ZN2bn26sprite_affine_mats_manager14dettach_spriteEiRNS_24intrusive_list_node_typeE
                0x0800c9f0       0x50 bn_sprite_affine_mats_manager.o
                0x0800c9f0                bn::sprite_affine_mats_manager::dettach_sprite(int, bn::intrusive_list_node_type&)
 .text.startup._GLOBAL__sub_I__ZN2bn18sprite_affine_mats10used_countEv
                0x0800ca40       0xb4 bn_sprite_affine_mats_manager.o
 .text._ZN2bn21sprite_text_generator5_initEv
                0x0800caf4      0x180 bn_sprite_text_generator.o
                0x0800caf4                bn::sprite_text_generator::_init()
 .text._ZN2bn21sprite_text_generatorC2ERKNS_11sprite_fontE
                0x0800cc74       0x2c bn_sprite_text_generator.o
                0x0800cc74                bn::sprite_text_generator::sprite_text_generator(bn::sprite_font const&)
                0x0800cc74                bn::sprite_text_generator::sprite_text_generator(bn::sprite_font const&)
 .text._ZN3_bn6assert9show_argsIA54_cEEvPKcS4_S4_iRKT_
                0x0800cca0       0x48 bn_sprite_text_generator.o
                0x0800cca0                void _bn::assert::show_args<char [54]>(char const*, char const*, char const*, int, char const (&) [54])
 .text._ZN3_bn6assert9show_argsIJA25_ciA4_ctEEEvPKcS5_S5_iDpRKT_
                0x0800cce8       0x64 bn_sprite_text_generator.o
                0x0800cce8                void _bn::assert::show_args<char [25], int, char [4], unsigned short>(char const*, char const*, char const*, int, char const (&) [25], int const&, char const (&) [4], unsigned short const&)
 .text._ZN2bn14utf8_characterC2ERKc
                0x0800cd4c      0x140 bn_sprite_text_generator.o
                0x0800cd4c                bn::utf8_character::utf8_character(char const&)
                0x0800cd4c                bn::utf8_character::utf8_character(char const&)
 .text._ZN2bn12_GLOBAL__N_115_graphics_indexEcRKNS_23utf8_characters_map_refEPKcRi.part.0
                0x0800ce8c       0x8c bn_sprite_text_generator.o
 .text._ZN3_bn6assert9show_argsIJA20_ccA9_cN2bn11string_viewEA2_cEEEvPKcS8_S8_iDpRKT_
                0x0800cf18       0x6c bn_sprite_text_generator.o
                0x0800cf18                void _bn::assert::show_args<char [20], char, char [9], bn::string_view, char [2]>(char const*, char const*, char const*, int, char const (&) [20], char const&, char const (&) [9], bn::string_view const&, char const (&) [2])
 .text._ZNK2bn21sprite_text_generator5widthERKNS_11string_viewE
                0x0800cf84      0x244 bn_sprite_text_generator.o
                0x0800cf84                bn::sprite_text_generator::width(bn::string_view const&) const
 .text._ZN3_bn6assert9show_argsIA55_cEEvPKcS4_S4_iRKT_
                0x0800d1c8       0x48 bn_sprite_text_generator.o
                0x0800d1c8                void _bn::assert::show_args<char [55]>(char const*, char const*, char const*, int, char const (&) [55])
 .text._ZN2bn12_GLOBAL__N_120_build_sprite_assertILNS_11sprite_sizeE2EEEPNS_4tileERKNS_21sprite_text_generatorERKNS_18sprite_palette_ptrERKNS_13fixed_point_tILi12EEERNS_7ivectorINS_10sprite_ptrEEE
                0x0800d210      0x1bc bn_sprite_text_generator.o
 .text._ZN2bn12_GLOBAL__N_120_build_sprite_assertILNS_11sprite_sizeE1EEEPNS_4tileERKNS_21sprite_text_generatorERKNS_18sprite_palette_ptrERKNS_13fixed_point_tILi12EEERNS_7ivectorINS_10sprite_ptrEEE
                0x0800d3cc      0x1bc bn_sprite_text_generator.o
 .text._ZN2bn12_GLOBAL__N_19_generateILb0EEEbRKNS_21sprite_text_generatorERKNS_13fixed_point_tILi12EEERKNS_11string_viewERKNS_23utf8_characters_map_refEiibRNS_7ivectorINS_10sprite_ptrEEE.isra.0
                0x0800d588     0x11c0 bn_sprite_text_generator.o
 .text._ZNK2bn21sprite_text_generator8generateENS_7fixed_tILi12EEES2_RKNS_11string_viewERNS_7ivectorINS_10sprite_ptrEEE
                0x0800e748       0x40 bn_sprite_text_generator.o
                0x0800e748                bn::sprite_text_generator::generate(bn::fixed_t<12>, bn::fixed_t<12>, bn::string_view const&, bn::ivector<bn::sprite_ptr>&) const
 .text._ZNK2bn16sprite_tiles_ptr2idEv
                0x0800e788       0x18 bn_sprite_tiles_manager.o
                0x0800e788                bn::sprite_tiles_ptr::id() const
 .text._ZNK2bn16sprite_tiles_ptr11tiles_countEv
                0x0800e7a0       0x18 bn_sprite_tiles_manager.o
                0x0800e7a0                bn::sprite_tiles_ptr::tiles_count() const
 .text._ZN2bn20sprite_tiles_manager10log_statusEv
                0x0800e7b8      0x1ec bn_sprite_tiles_manager.o
                0x0800e7b8                bn::sprite_tiles_manager::log_status()
 .text._ZN2bn20sprite_tiles_manager19commit_uncompressedEb
                0x0800e9a4       0xdc bn_sprite_tiles_manager.o
                0x0800e9a4                bn::sprite_tiles_manager::commit_uncompressed(bool)
 .text._ZN3_bn6assert9show_argsIA27_chEEvPKcS4_S4_iRKT_RKT0_
                0x0800ea80       0x54 bn_sprite_tiles_manager.o
                0x0800ea80                void _bn::assert::show_args<char [27], unsigned char>(char const*, char const*, char const*, int, char const (&) [27], unsigned char const&)
 .text._ZN3_bn6assert9show_argsIJA44_cPKN2bn4tileEA4_cS6_EEEvPKcS9_S9_iDpRKT_
                0x0800ead4       0x64 bn_sprite_tiles_manager.o
                0x0800ead4                void _bn::assert::show_args<char [44], bn::tile const*, char [4], bn::tile const*>(char const*, char const*, char const*, int, char const (&) [44], bn::tile const* const&, char const (&) [4], bn::tile const* const&)
 .text._ZN3_bn6assert9show_argsIJA46_ciA4_cjEEEvPKcS5_S5_iDpRKT_
                0x0800eb38       0x64 bn_sprite_tiles_manager.o
                0x0800eb38                void _bn::assert::show_args<char [46], int, char [4], unsigned int>(char const*, char const*, char const*, int, char const (&) [46], int const&, char const (&) [4], unsigned int const&)
 .text._ZN2bn20sprite_tiles_manager12_GLOBAL__N_110_hw_commitEPKNS_4tileENS_16compression_typeEii
                0x0800eb9c       0x9c bn_sprite_tiles_manager.o
 .text._ZN2bn20sprite_tiles_manager17commit_compressedEv
                0x0800ec38       0x68 bn_sprite_tiles_manager.o
                0x0800ec38                bn::sprite_tiles_manager::commit_compressed()
 .text._ZN3_bn6assert9show_argsIJA28_cA15_cPKN2bn4tileEA16_ciA34_cNS4_11string_viewEEEEvPKcSC_SC_iDpRKT_
                0x0800eca0       0x7c bn_sprite_tiles_manager.o
                0x0800eca0                void _bn::assert::show_args<char [28], char [15], bn::tile const*, char [16], int, char [34], bn::string_view>(char const*, char const*, char const*, int, char const (&) [28], char const (&) [15], bn::tile const* const&, char const (&) [16], int const&, char const (&) [34], bn::string_view const&)
 .text._ZN3_bn6assert9show_argsIJA44_ciA34_cN2bn11string_viewEEEEvPKcS7_S7_iDpRKT_
                0x0800ed1c       0x64 bn_sprite_tiles_manager.o
                0x0800ed1c                void _bn::assert::show_args<char [44], int, char [34], bn::string_view>(char const*, char const*, char const*, int, char const (&) [44], int const&, char const (&) [34], bn::string_view const&)
 .text._ZN2bn20sprite_tiles_manager4initEv
                0x0800ed80      0x190 bn_sprite_tiles_manager.o
                0x0800ed80                bn::sprite_tiles_manager::init()
 .text._ZN2bn20sprite_tiles_manager12_GLOBAL__N_122_insert_to_commit_itemEiRNS1_9item_typeE.part.0
                0x0800ef10       0x6c bn_sprite_tiles_manager.o
 .text._ZN2bn20sprite_tiles_manager12_GLOBAL__N_117_insert_free_itemEiPt
                0x0800ef7c       0xcc bn_sprite_tiles_manager.o
 .text._ZN2bn20sprite_tiles_manager12_GLOBAL__N_116_erase_free_itemEi
                0x0800f048       0xe4 bn_sprite_tiles_manager.o
 .text._ZN2bn20sprite_tiles_manager12_GLOBAL__N_121_erase_to_commit_itemEiRNS1_9item_typeE
                0x0800f12c      0x100 bn_sprite_tiles_manager.o
 .text._ZN2bn20sprite_tiles_manager15decrease_usagesEi
                0x0800f22c      0x134 bn_sprite_tiles_manager.o
                0x0800f22c                bn::sprite_tiles_manager::decrease_usages(int)
 .text._ZN2bn16sprite_tiles_ptrD2Ev
                0x0800f360       0x18 bn_sprite_tiles_manager.o
                0x0800f360                bn::sprite_tiles_ptr::~sprite_tiles_ptr()
                0x0800f360                bn::sprite_tiles_ptr::~sprite_tiles_ptr()
 .text._ZN2bn20sprite_tiles_manager12_GLOBAL__N_110_find_implEPKNS_4tileENS_16compression_typeEi
                0x0800f378      0x28c bn_sprite_tiles_manager.o
 .text._ZN2bn20sprite_tiles_manager4vramEi
                0x0800f604       0x4c bn_sprite_tiles_manager.o
                0x0800f604                bn::sprite_tiles_manager::vram(int)
 .text._ZN2bn16sprite_tiles_ptr4vramEv
                0x0800f650       0x14 bn_sprite_tiles_manager.o
                0x0800f650                bn::sprite_tiles_ptr::vram()
 .text._ZN2bn14iunordered_mapIPKNS_4tileEiNS_4hashIS3_EENS_8equal_toIS3_EEE5eraseERKNS8_14const_iteratorE.isra.0
                0x0800f664      0x1b4 bn_sprite_tiles_manager.o
 .text._ZN2bn20sprite_tiles_manager12_GLOBAL__N_112_create_itemEiPKNS_4tileENS_16compression_typeEib
                0x0800f818      0x268 bn_sprite_tiles_manager.o
 .text._ZN2bn20sprite_tiles_manager12_GLOBAL__N_114_allocate_implEi
                0x0800fa80       0xf8 bn_sprite_tiles_manager.o
 .text._ZN2bn20sprite_tiles_manager8allocateEiNS_8bpp_modeE
                0x0800fb78       0xc4 bn_sprite_tiles_manager.o
                0x0800fb78                bn::sprite_tiles_manager::allocate(int, bn::bpp_mode)
 .text._ZN2bn16sprite_tiles_ptr8allocateEiNS_8bpp_modeE
                0x0800fc3c       0x18 bn_sprite_tiles_manager.o
                0x0800fc3c                bn::sprite_tiles_ptr::allocate(int, bn::bpp_mode)
 .text._ZN2bn20sprite_tiles_manager6updateEv
                0x0800fc54      0x238 bn_sprite_tiles_manager.o
                0x0800fc54                bn::sprite_tiles_manager::update()
 .text._ZN2bn20sprite_tiles_manager12_GLOBAL__N_112_create_implEPKNS_4tileENS_16compression_typeEi
                0x0800fe8c      0x200 bn_sprite_tiles_manager.o
 .text._ZN2bn20sprite_tiles_manager6createERKNS_4spanIKNS_4tileEEENS_16compression_typeE
                0x0801008c      0x140 bn_sprite_tiles_manager.o
                0x0801008c                bn::sprite_tiles_manager::create(bn::span<bn::tile const> const&, bn::compression_type)
 .text._ZN2bn16sprite_tiles_ptr6createERKNS_17sprite_tiles_itemEi
                0x080101cc       0xbc bn_sprite_tiles_manager.o
                0x080101cc                bn::sprite_tiles_ptr::create(bn::sprite_tiles_item const&, int)
 .text._ZNK2bn17sprite_tiles_item12create_tilesEi
                0x08010288       0xbc bn_sprite_tiles_manager.o
                0x08010288                bn::sprite_tiles_item::create_tiles(int) const
 .text.startup._GLOBAL__sub_I__ZN2bn12sprite_tiles16used_tiles_countEv
                0x08010344      0x12c bn_sprite_tiles_manager.o
 .text._ZN2bn15sprites_manager12_GLOBAL__N_132_always_update_indexes_to_commitERKNS_20sprites_manager_itemE
                0x08010470       0x48 bn_sprites_manager.o
 .text._ZN2bn15sprites_manager12_GLOBAL__N_111static_dataD2Ev
                0x080104b8       0x44 bn_sprites_manager.o
 .text._ZN2bn13ostringstream11append_argsIiJA4_ciEEEvRKT_DpRKT0_.isra.0
                0x080104fc       0x24 bn_sprites_manager.o
 .text._ZN2bn15sprites_manager12_GLOBAL__N_123_update_item_dimensionsERNS_20sprites_manager_itemE
                0x08010520       0xc8 bn_sprites_manager.o
 .text._ZN2bn15sprites_manager4initEv
                0x080105e8       0xd0 bn_sprites_manager.o
                0x080105e8                bn::sprites_manager::init()
 .text._ZN2bn15sprites_manager5hw_idEPv
                0x080106b8        0x8 bn_sprites_manager.o
                0x080106b8                bn::sprites_manager::hw_id(void*)
 .text._ZN2bn15sprites_manager5shapeEPv
                0x080106c0        0x8 bn_sprites_manager.o
                0x080106c0                bn::sprites_manager::shape(void*)
 .text._ZN2bn15sprites_manager4sizeEPv
                0x080106c8        0x8 bn_sprites_manager.o
                0x080106c8                bn::sprites_manager::size(void*)
 .text._ZN2bn15sprites_manager10shape_sizeEPv
                0x080106d0       0x14 bn_sprites_manager.o
                0x080106d0                bn::sprites_manager::shape_size(void*)
 .text._ZN2bn15sprites_manager11hw_positionEPv
                0x080106e4        0x4 bn_sprites_manager.o
                0x080106e4                bn::sprites_manager::hw_position(void*)
 .text._ZN2bn15sprites_manager9view_modeEPv
                0x080106e8        0xc bn_sprites_manager.o
                0x080106e8                bn::sprites_manager::view_mode(void*)
 .text._ZN2bn15sprites_manager10affine_matEPv
                0x080106f4        0x4 bn_sprites_manager.o
                0x080106f4                bn::sprites_manager::affine_mat(void*)
 .text._ZN2bn15sprites_manager39fill_hblank_effect_horizontal_positionsEPviPKNS_7fixed_tILi12EEEPt
                0x080106f8       0x44 bn_sprites_manager.o
                0x080106f8                bn::sprites_manager::fill_hblank_effect_horizontal_positions(void*, int, bn::fixed_t<12> const*, unsigned short*)
 .text._ZN2bn15sprites_manager37fill_hblank_effect_vertical_positionsEPviPKNS_7fixed_tILi12EEEPt
                0x0801073c       0x44 bn_sprites_manager.o
                0x0801073c                bn::sprites_manager::fill_hblank_effect_vertical_positions(void*, int, bn::fixed_t<12> const*, unsigned short*)
 .text._ZN2bn15sprites_manager35fill_hblank_effect_first_attributesEiNS_12sprite_shapeENS_8bpp_modeEiPKNS_23sprite_first_attributesEPt
                0x08010780       0xdc bn_sprites_manager.o
                0x08010780                bn::sprites_manager::fill_hblank_effect_first_attributes(int, bn::sprite_shape, bn::bpp_mode, int, bn::sprite_first_attributes const*, unsigned short*)
 .text._ZN2bn15sprites_manager44fill_hblank_effect_regular_second_attributesEPviNS_11sprite_sizeEPKNS_32sprite_regular_second_attributesEPt
                0x0801085c       0x60 bn_sprites_manager.o
                0x0801085c                bn::sprites_manager::fill_hblank_effect_regular_second_attributes(void*, int, bn::sprite_size, bn::sprite_regular_second_attributes const*, unsigned short*)
 .text._ZN2bn15sprites_manager43fill_hblank_effect_affine_second_attributesEPviNS_11sprite_sizeEPKNS_31sprite_affine_second_attributesEPt
                0x080108bc       0x58 bn_sprites_manager.o
                0x080108bc                bn::sprites_manager::fill_hblank_effect_affine_second_attributes(void*, int, bn::sprite_size, bn::sprite_affine_second_attributes const*, unsigned short*)
 .text._ZN2bn15sprites_manager14update_camerasEv
                0x08010914       0x20 bn_sprites_manager.o
                0x08010914                bn::sprites_manager::update_cameras()
 .text._ZN2bn15sprites_manager23update_auto_double_sizeEPv
                0x08010934       0x2c bn_sprites_manager.o
                0x08010934                bn::sprites_manager::update_auto_double_size(void*)
 .text._ZN2bn15sprites_manager6commitEb
                0x08010960       0xa4 bn_sprites_manager.o
                0x08010960                bn::sprites_manager::commit(bool)
 .text._ZNK2bn17sprite_shape_size11tiles_countENS_8bpp_modeE.isra.0
                0x08010a04      0x150 bn_sprites_manager.o
 .text._ZN2bn15sprites_manager12_GLOBAL__N_118_remove_affine_matERNS_20sprites_manager_itemE
                0x08010b54       0xe4 bn_sprites_manager.o
 .text._ZN2bn15sprites_manager42remove_identity_affine_mat_when_not_neededEPv
                0x08010c38        0xc bn_sprites_manager.o
                0x08010c38                bn::sprites_manager::remove_identity_affine_mat_when_not_needed(void*)
 .text._ZN2bn14sprite_builder15release_paletteEv
                0x08010c44       0x78 bn_sprites_manager.o
                0x08010c44                bn::sprite_builder::release_palette()
 .text._ZN2bn14sprite_builder13release_tilesEv
                0x08010cbc       0x78 bn_sprites_manager.o
                0x08010cbc                bn::sprite_builder::release_tiles()
 .text._ZN2bn15sprites_manager7paletteEPv
                0x08010d34       0x34 bn_sprites_manager.o
                0x08010d34                bn::sprites_manager::palette(void*)
 .text._ZN2bn20sprites_manager_item13_builder_initERKNS_14sprite_builderE
                0x08010d68      0x350 bn_sprites_manager.o
                0x08010d68                bn::sprites_manager_item::_builder_init(bn::sprite_builder const&)
 .text._ZN2bn14sprite_builder11set_z_orderEi
                0x080110b8       0x48 bn_sprites_manager.o
                0x080110b8                bn::sprite_builder::set_z_order(int)
 .text._ZN2bn14sprite_builderC2ERKNS_17sprite_shape_sizeENS_16sprite_tiles_ptrENS_18sprite_palette_ptrE
                0x08011100      0x120 bn_sprites_manager.o
                0x08011100                bn::sprite_builder::sprite_builder(bn::sprite_shape_size const&, bn::sprite_tiles_ptr, bn::sprite_palette_ptr)
                0x08011100                bn::sprite_builder::sprite_builder(bn::sprite_shape_size const&, bn::sprite_tiles_ptr, bn::sprite_palette_ptr)
 .text._ZN2bn14sprite_builder15set_bg_priorityEi
                0x08011220       0x38 bn_sprites_manager.o
                0x08011220                bn::sprite_builder::set_bg_priority(int)
 .text._ZN2bn15sprites_manager6updateEv
                0x08011258      0x158 bn_sprites_manager.o
                0x08011258                bn::sprites_manager::update()
 .text._ZN3_bn6assert9show_argsIJA27_ciA4_ciEEEvPKcS5_S5_iDpRKT_
                0x080113b0       0x58 bn_sprites_manager.o
                0x080113b0                void _bn::assert::show_args<char [27], int, char [4], int>(char const*, char const*, char const*, int, char const (&) [27], int const&, char const (&) [4], int const&)
 .text._ZN2bn15sprites_manager35fill_hblank_effect_third_attributesENS_17sprite_shape_sizeEPKNS_23sprite_third_attributesEPt
                0x08011408       0xc4 bn_sprites_manager.o
                0x08011408                bn::sprites_manager::fill_hblank_effect_third_attributes(bn::sprite_shape_size, bn::sprite_third_attributes const*, unsigned short*)
 .text._ZN2bn14sorted_sprites6sorter6insertERNS_20sprites_manager_itemE
                0x080114cc      0x170 bn_sprites_manager.o
                0x080114cc                bn::sorted_sprites::sorter::insert(bn::sprites_manager_item&)
 .text._ZN2bn15sprites_manager6createEONS_14sprite_builderE
                0x0801163c      0x180 bn_sprites_manager.o
                0x0801163c                bn::sprites_manager::create(bn::sprite_builder&&)
 .text._ZN2bn10sprite_ptr6createEONS_14sprite_builderE
                0x080117bc       0x14 bn_sprites_manager.o
                0x080117bc                bn::sprite_ptr::create(bn::sprite_builder&&)
 .text._ZN2bn15sprites_manager15decrease_usagesEPv
                0x080117d0      0x180 bn_sprites_manager.o
                0x080117d0                bn::sprites_manager::decrease_usages(void*)
 .text._ZN2bn10sprite_ptrD2Ev
                0x08011950       0x18 bn_sprites_manager.o
                0x08011950                bn::sprite_ptr::~sprite_ptr()
                0x08011950                bn::sprite_ptr::~sprite_ptr()
 .text.startup._GLOBAL__sub_I__ZN2bn7sprites16used_items_countEv
                0x08011968       0xac bn_sprites_manager.o
 .text._ZN2bn13ostringstreamC2ERNS_12istring_baseE
                0x08011a14        0x8 bn_sstream.o
                0x08011a14                bn::ostringstream::ostringstream(bn::istring_base&)
                0x08011a14                bn::ostringstream::ostringstream(bn::istring_base&)
 .text._ZNK2bn13ostringstream4sizeEv
                0x08011a1c        0x8 bn_sstream.o
                0x08011a1c                bn::ostringstream::size() const
 .text._ZN2bn13ostringstream6appendEPKc
                0x08011a24       0x94 bn_sstream.o
                0x08011a24                bn::ostringstream::append(char const*)
 .text._ZN2bn13ostringstream6appendEi
                0x08011ab8       0xb0 bn_sstream.o
                0x08011ab8                bn::ostringstream::append(int)
 .text._ZN2bn13ostringstream6appendERKNS_11string_viewE
                0x08011b68       0x9c bn_sstream.o
                0x08011b68                bn::ostringstream::append(bn::string_view const&)
 .text._ZN2bn13ostringstream6appendEj
                0x08011c04       0xb0 bn_sstream.o
                0x08011c04                bn::ostringstream::append(unsigned int)
 .text._ZN2bn13ostringstream6appendEPKv
                0x08011cb4      0x100 bn_sstream.o
                0x08011cb4                bn::ostringstream::append(void const*)
 .text._ZN2bn13ostringstream16_append_fractionEji
                0x08011db4      0x114 bn_sstream.o
                0x08011db4                bn::ostringstream::_append_fraction(unsigned int, int)
 .text._ZN2bn13ostringstream6appendEc
                0x08011ec8       0x44 bn_sstream.o
                0x08011ec8                bn::ostringstream::append(char)
 .text._ZN2bn18igeneric_pool_baseC2EPci
                0x08011f0c       0x10 bn_translation_unit.o
                0x08011f0c                bn::igeneric_pool_base::igeneric_pool_base(char*, int)
                0x08011f0c                bn::igeneric_pool_base::igeneric_pool_base(char*, int)
 .text._ZN2bn18igeneric_pool_base5_freeEPc
                0x08011f1c       0x10 bn_translation_unit.o
                0x08011f1c                bn::igeneric_pool_base::_free(char*)
 .text._ZN2bn5timerC2Ev
                0x08011f2c       0x24 bn_translation_unit.o
                0x08011f2c                bn::timer::timer()
                0x08011f2c                bn::timer::timer()
 .text._ZNK2bn5timer13elapsed_ticksEv
                0x08011f50       0x3c bn_translation_unit.o
                0x08011f50                bn::timer::elapsed_ticks() const
 .text._ZN2bn5timer7restartEv
                0x08011f8c       0x24 bn_translation_unit.o
                0x08011f8c                bn::timer::restart()
 .text._ZN2bn3logERKNS_12istring_baseE
                0x08011fb0       0x58 bn_translation_unit.o
                0x08011fb0                bn::log(bn::istring_base const&)
 .text._ZN2bn18igeneric_pool_baseD2Ev
                0x08012008       0x30 bn_translation_unit.o
                0x08012008                bn::igeneric_pool_base::~igeneric_pool_base()
                0x08012008                bn::igeneric_pool_base::~igeneric_pool_base()
 .text._ZN2bn18igeneric_pool_base9_allocateEv
                0x08012038       0x48 bn_translation_unit.o
                0x08012038                bn::igeneric_pool_base::_allocate()
 .text._ZN2bn2hw5audio12_GLOBAL__N_111static_dataD2Ev
                0x08012080       0x18 bn_hw_audio.o
 .text._ZN2bn2hw5audio12_GLOBAL__N_17_commitEv
                0x08012098       0x48 bn_hw_audio.o
 .text._ZN2bn2hw5audio12_GLOBAL__N_115_vblank_handlerEv
                0x080120e0       0x24 bn_hw_audio.o
 .text._ZN2bn2hw5audio4initEv
                0x08012104       0x9c bn_hw_audio.o
                0x08012104                bn::hw::audio::init()
 .text._ZN2bn2hw5audio7disableEv
                0x080121a0       0x34 bn_hw_audio.o
                0x080121a0                bn::hw::audio::disable()
 .text._ZN2bn2hw5audio13music_playingEv
                0x080121d4       0x20 bn_hw_audio.o
                0x080121d4                bn::hw::audio::music_playing()
 .text._ZN2bn2hw5audio10play_musicEib
                0x080121f4       0x1c bn_hw_audio.o
                0x080121f4                bn::hw::audio::play_music(int, bool)
 .text._ZN2bn2hw5audio10stop_musicEv
                0x08012210       0x18 bn_hw_audio.o
                0x08012210                bn::hw::audio::stop_music()
 .text._ZN2bn2hw5audio11pause_musicEv
                0x08012228       0x18 bn_hw_audio.o
                0x08012228                bn::hw::audio::pause_music()
 .text._ZN2bn2hw5audio12resume_musicEv
                0x08012240       0x18 bn_hw_audio.o
                0x08012240                bn::hw::audio::resume_music()
 .text._ZN2bn2hw5audio17dmg_music_playingEv
                0x08012258       0x2c bn_hw_audio.o
                0x08012258                bn::hw::audio::dmg_music_playing()
 .text._ZN2bn2hw5audio14stop_dmg_musicEv
                0x08012284       0x28 bn_hw_audio.o
                0x08012284                bn::hw::audio::stop_dmg_music()
 .text._ZN2bn2hw5audio15pause_dmg_musicEv
                0x080122ac       0x28 bn_hw_audio.o
                0x080122ac                bn::hw::audio::pause_dmg_music()
 .text._ZN2bn2hw5audio16resume_dmg_musicEv
                0x080122d4       0x28 bn_hw_audio.o
                0x080122d4                bn::hw::audio::resume_dmg_music()
 .text._ZN2bn2hw5audio18dmg_music_positionERiS2_
                0x080122fc       0x2c bn_hw_audio.o
                0x080122fc                bn::hw::audio::dmg_music_position(int&, int&)
 .text._ZN2bn2hw5audio6updateEv
                0x08012328       0x14 bn_hw_audio.o
                0x08012328                bn::hw::audio::update()
 .text._ZN3_bn6assert9show_argsIA47_ciEEvPKcS4_S4_iRKT_RKT0_
                0x0801233c       0x54 bn_hw_audio.o
                0x0801233c                void _bn::assert::show_args<char [47], int>(char const*, char const*, char const*, int, char const (&) [47], int const&)
 .text._ZN2bn2hw5audio14play_dmg_musicEPKvNS_14dmg_music_typeEib
                0x08012390       0x8c bn_hw_audio.o
                0x08012390                bn::hw::audio::play_dmg_music(void const*, bn::dmg_music_type, int, bool)
 .text._ZN2bn2hw5audio22set_dmg_music_positionEii
                0x0801241c       0x54 bn_hw_audio.o
                0x0801241c                bn::hw::audio::set_dmg_music_position(int, int)
 .text._ZN2bn2hw5audio20set_dmg_music_volumeEii
                0x08012470       0x40 bn_hw_audio.o
                0x08012470                bn::hw::audio::set_dmg_music_volume(int, int)
 .text._ZN3_bn6assert9show_argsIA20_cjEEvPKcS4_S4_iRKT_RKT0_
                0x080124b0       0x54 bn_hw_audio.o
                0x080124b0                void _bn::assert::show_args<char [20], unsigned int>(char const*, char const*, char const*, int, char const (&) [20], unsigned int const&)
 .text._ZN2bn2hw5audio6commitEv
                0x08012504       0x58 bn_hw_audio.o
                0x08012504                bn::hw::audio::commit()
 .text._ZN2bn2hw5audio12_GLOBAL__N_119_add_sound_to_queueEit
                0x0801255c       0xa0 bn_hw_audio.o
 .text._ZN2bn2hw5audio12_GLOBAL__N_123_erase_sound_from_queueEt
                0x080125fc       0x90 bn_hw_audio.o
 .text._ZN2bn2hw5audio10stop_soundEt
                0x0801268c       0x20 bn_hw_audio.o
                0x0801268c                bn::hw::audio::stop_sound(unsigned short)
 .text._ZN2bn2hw5audio13release_soundEt
                0x080126ac       0x20 bn_hw_audio.o
                0x080126ac                bn::hw::audio::release_sound(unsigned short)
 .text._ZN2bn2hw5audio15stop_all_soundsEv
                0x080126cc       0x68 bn_hw_audio.o
                0x080126cc                bn::hw::audio::stop_all_sounds()
 .text._ZN2bn2hw5audio12_GLOBAL__N_119_check_sounds_queueEv.part.0
                0x08012734       0x98 bn_hw_audio.o
 .text._ZN2bn2hw5audio10play_soundEiiiii
                0x080127cc       0x48 bn_hw_audio.o
                0x080127cc                bn::hw::audio::play_sound(int, int, int, int, int)
 .text._ZN2bn2hw5audio10play_soundEii
                0x08012814       0x34 bn_hw_audio.o
                0x08012814                bn::hw::audio::play_sound(int, int)
 .text._ZN2bn2hw5audio19update_sounds_queueEv
                0x08012848       0x90 bn_hw_audio.o
                0x08012848                bn::hw::audio::update_sounds_queue()
 .text.startup._GLOBAL__sub_I__ZN2bn2hw5audio4initEv
                0x080128d8       0x40 bn_hw_audio.o
 .text.__libc_init_array
                0x08012918       0x50 bn_hw_common.bn_noflto.o
                0x08012918                __libc_init_array
 .text.__aeabi_atexit
                0x08012968        0x4 bn_hw_common.bn_noflto.o
                0x08012968                __aeabi_atexit
 .text._ZN3_bn6assert9show_argsIA40_cEEvPKcS4_S4_iRKT_
                0x0801296c       0x48 bn_hw_common.bn_noflto.o
                0x0801296c                void _bn::assert::show_args<char [40]>(char const*, char const*, char const*, int, char const (&) [40])
 .text.__aeabi_idiv0
                0x080129b4       0x24 bn_hw_common.bn_noflto.o
                0x080129b4                __aeabi_idiv0
 .text._ZN2bn2hw4link12_GLOBAL__N_119_resetStateCallbackEv
                0x080129d8       0x4c bn_hw_link.o
 .text._ZN2bn2hw4link4initEv
                0x08012a24      0x120 bn_hw_link.o
                0x08012a24                bn::hw::link::init()
 .text._ZN2bn2hw4link6activeEv
                0x08012b44       0x10 bn_hw_link.o