Archive member included to satisfy reference by file (symbol)

G:/devkitPro/devkitARM/bin/../lib/gcc/arm-none-eabi/14.1.0/thumb\libgcc.a(_call_via_rX.o)
                              mm_main_gba.o (_call_via_r1)
G:/devkitPro/devkitARM/bin/../lib/gcc/arm-none-eabi/14.1.0/thumb\libgcc.a(_aeabi_ldivmod.o)
                              bn_hw_text.o (__aeabi_ldivmod)
G:/devkitPro/devkitARM/bin/../lib/gcc/arm-none-eabi/14.1.0/thumb\libgcc.a(_aeabi_uldivmod.o)
                              bn_hw_text.o (__aeabi_uldivmod)
G:/devkitPro/devkitARM/bin/../lib/gcc/arm-none-eabi/14.1.0/thumb\libgcc.a(_sync_none.o)
                              (__sync_synchronize_none)
G:/devkitPro/devkitARM/bin/../lib/gcc/arm-none-eabi/14.1.0/thumb\libgcc.a(_udivmoddi4.o)
                              G:/devkitPro/devkitARM/bin/../lib/gcc/arm-none-eabi/14.1.0/thumb\libgcc.a(_aeabi_ldivmod.o) (__udivmoddi4)

Discarded input sections

 .text          0x00000000        0x0 G:/devkitPro/devkitARM/bin/../lib/gcc/arm-none-eabi/14.1.0/../../../../arm-none-eabi/lib/thumb/gba_crt0.o
 .data          0x00000000        0x0 G:/devkitPro/devkitARM/bin/../lib/gcc/arm-none-eabi/14.1.0/../../../../arm-none-eabi/lib/thumb/gba_crt0.o
 .bss           0x00000000        0x0 G:/devkitPro/devkitARM/bin/../lib/gcc/arm-none-eabi/14.1.0/../../../../arm-none-eabi/lib/thumb/gba_crt0.o
 .text          0x00000000        0x0 G:/devkitPro/devkitARM/bin/../lib/gcc/arm-none-eabi/14.1.0/thumb/crti.o
 .data          0x00000000        0x0 G:/devkitPro/devkitARM/bin/../lib/gcc/arm-none-eabi/14.1.0/thumb/crti.o
 .bss           0x00000000        0x0 G:/devkitPro/devkitARM/bin/../lib/gcc/arm-none-eabi/14.1.0/thumb/crti.o
 .text          0x00000000        0x0 G:/devkitPro/devkitARM/bin/../lib/gcc/arm-none-eabi/14.1.0/thumb/crtbegin.o
 .data          0x00000000        0x0 G:/devkitPro/devkitARM/bin/../lib/gcc/arm-none-eabi/14.1.0/thumb/crtbegin.o
 .bss           0x00000000        0x0 G:/devkitPro/devkitARM/bin/../lib/gcc/arm-none-eabi/14.1.0/thumb/crtbegin.o
 .rodata.all_implied_fbits
                0x00000000       0x24 G:/devkitPro/devkitARM/bin/../lib/gcc/arm-none-eabi/14.1.0/thumb/crtbegin.o
 .text          0x00000000        0x0 _bn_audio_soundbank.bin.o
 .data          0x00000000        0x0 _bn_audio_soundbank.bin.o
 .bss           0x00000000        0x0 _bn_audio_soundbank.bin.o
 .text          0x00000000        0x0 bg01_bn_gfx.o
 .data          0x00000000        0x0 bg01_bn_gfx.o
 .bss           0x00000000        0x0 bg01_bn_gfx.o
 .text          0x00000000        0x0 bg02_bn_gfx.o
 .data          0x00000000        0x0 bg02_bn_gfx.o
 .bss           0x00000000        0x0 bg02_bn_gfx.o
 .text          0x00000000        0x0 common_fixed_8x16_font_bn_gfx.o
 .data          0x00000000        0x0 common_fixed_8x16_font_bn_gfx.o
 .bss           0x00000000        0x0 common_fixed_8x16_font_bn_gfx.o
 .text          0x00000000        0x0 fade_screen_bn_gfx.o
 .data          0x00000000        0x0 fade_screen_bn_gfx.o
 .bss           0x00000000        0x0 fade_screen_bn_gfx.o
 .rodata        0x00000000      0x860 fade_screen_bn_gfx.o
 .text          0x00000000        0x0 kuro_bn_gfx.o
 .data          0x00000000        0x0 kuro_bn_gfx.o
 .bss           0x00000000        0x0 kuro_bn_gfx.o
 .text          0x00000000        0x0 sp01_bn_gfx.o
 .data          0x00000000        0x0 sp01_bn_gfx.o
 .bss           0x00000000        0x0 sp01_bn_gfx.o
 .text          0x00000000        0x0 sp02_bn_gfx.o
 .data          0x00000000        0x0 sp02_bn_gfx.o
 .bss           0x00000000        0x0 sp02_bn_gfx.o
 .text          0x00000000        0x0 textbox_bn_gfx.o
 .data          0x00000000        0x0 textbox_bn_gfx.o
 .bss           0x00000000        0x0 textbox_bn_gfx.o
 .text          0x00000000        0x0 textbox2_bn_gfx.o
 .data          0x00000000        0x0 textbox2_bn_gfx.o
 .bss           0x00000000        0x0 textbox2_bn_gfx.o
 .rodata        0x00000000      0x9c0 textbox2_bn_gfx.o
 .group         0x00000000        0xc main.o
 .group         0x00000000        0xc main.o
 .group         0x00000000        0xc main.o
 .group         0x00000000        0xc main.o
 .group         0x00000000        0xc main.o
 .group         0x00000000        0xc main.o
 .group         0x00000000        0xc main.o
 .group         0x00000000        0x8 main.o
 .text          0x00000000        0x0 main.o
 .data          0x00000000        0x0 main.o
 .bss           0x00000000        0x0 main.o
 .text._ZN4fade6waiterEi
                0x00000000       0x18 main.o
 .text._ZN4fade13in_white_fastEv
                0x00000000       0xb8 main.o
 .text._ZN4fade14out_white_fastEv
                0x00000000       0x9c main.o
 .group         0x00000000        0xc bn_affine_bg_animate_actions.o
 .group         0x00000000        0xc bn_affine_bg_animate_actions.o
 .group         0x00000000        0xc bn_affine_bg_animate_actions.o
 .group         0x00000000        0xc bn_affine_bg_animate_actions.o
[...]
Memory Configuration

Name             Origin             Length             Attributes
rom              0x08000000         0x02000000
iwram            0x03000000         0x00008000
ewram            0x02000000         0x00040000
*default*        0x00000000         0xffffffff

Linker script and memory map

                0x00000000                        __sync_synchronize = __sync_synchronize_none
                0x08000000                        __text_start = ORIGIN (rom)
                0x02040000                        __eheap_end = (ORIGIN (ewram) + LENGTH (ewram))
                0x03000000                        __iwram_start = ORIGIN (iwram)
                0x03008000                        __iwram_top = (ORIGIN (iwram) + LENGTH (iwram))
                0x03007fa0                        __sp_irq = (__iwram_top - 0x60)
                0x03007f00                        __sp_usr = (__sp_irq - 0xa0)
                0x03007ff8                        __irq_flags = 0x3007ff8
                0x08000000                        . = __text_start

.crt0           0x08000000      0x210
 *(.crt0)
 .crt0          0x08000000      0x210 G:/devkitPro/devkitARM/bin/../lib/gcc/arm-none-eabi/14.1.0/../../../../arm-none-eabi/lib/thumb/gba_crt0.o
                0x08000000                _start
                0x080000c4                __boot_method
                0x080000c5                __slave_number
                0x080000e0                start_vector
                0x08000210                        . = ALIGN (0x4)

.init           0x08000210        0xc
 *(SORT_NONE(.init))
 .init          0x08000210        0x4 G:/devkitPro/devkitARM/bin/../lib/gcc/arm-none-eabi/14.1.0/thumb/crti.o
                0x08000210                _init
 .init          0x08000214        0x8 G:/devkitPro/devkitARM/bin/../lib/gcc/arm-none-eabi/14.1.0/thumb/crtn.o

.plt            0x0800021c        0x0
 *(.plt)
                0x0800021c                        . = ALIGN (0x4)

.text           0x08000220    0x17db8
 *(EXCLUDE_FILE(*.iwram*) .text*)
 .text.__do_global_dtors_aux
                0x08000220       0x2c G:/devkitPro/devkitARM/bin/../lib/gcc/arm-none-eabi/14.1.0/thumb/crtbegin.o
 .text.frame_dummy
                0x0800024c       0x24 G:/devkitPro/devkitARM/bin/../lib/gcc/arm-none-eabi/14.1.0/thumb/crtbegin.o
 .text._ZN4fade7in_fastEv
                0x08000270       0xb0 main.o
                0x08000270                fade::in_fast()
 .text._ZN4fade8out_fastEv
                0x08000320       0x94 main.o
                0x08000320                fade::out_fast()
 .text._ZN4fade6in_medEv
                0x080003b4      0x164 main.o
                0x080003b4                fade::in_med()
 .text._ZN4fade7out_medEv
                0x08000518      0x148 main.o
                0x08000518                fade::out_med()
 .text._ZN4fade7in_slowEv
                0x08000660      0x2a0 main.o
                0x08000660                fade::in_slow()
 .text._ZN4fade8out_slowEv
                0x08000900      0x284 main.o
                0x08000900                fade::out_slow()
 .text._ZN3_bn6assert9show_argsIJA19_ciA4_ciEEEvPKcS5_S5_iDpRKT_
                0x08000b84       0x64 main.o
                0x08000b84                void _bn::assert::show_args<char [19], int, char [4], int>(char const*, char const*, char const*, int, char const (&) [19], int const&, char const (&) [4], int const&)
 .text._ZN6texter8dialogueERKN2bn4spanIKNS0_11string_viewEEEiRNS0_14regular_bg_ptrES8_S8_RNS0_11rect_windowESA_RNS0_21sprite_text_generatorE
                0x08000be8      0x414 main.o
                0x08000be8                texter::dialogue(bn::span<bn::string_view const> const&, int, bn::regular_bg_ptr&, bn::regular_bg_ptr&, bn::regular_bg_ptr&, bn::rect_window&, bn::rect_window&, bn::sprite_text_generator&)
 .text.startup.main
                0x08000ffc      0x358 main.o
                0x08000ffc                main
 .text._ZN3_bn6assert9show_argsIA15_cEEvPKcS4_S4_iRKT_
                0x08001354       0x48 bn_affine_bg_animate_actions.o
                0x08001354                void _bn::assert::show_args<char [15]>(char const*, char const*, char const*, int, char const (&) [15])
 .text._ZN3_bn6assert9show_argsIA24_ciEEvPKcS4_S4_iRKT_RKT0_
                0x0800139c       0x54 bn_affine_bg_animate_actions.o
                0x0800139c                void _bn::assert::show_args<char [24], int>(char const*, char const*, char const*, int, char const (&) [24], int const&)
 .text._ZN3_bn6assert9show_argsIA28_ciEEvPKcS4_S4_iRKT_RKT0_
                0x080013f0       0x54 bn_affine_bg_animate_actions.o
                0x080013f0                void _bn::assert::show_args<char [28], int>(char const*, char const*, char const*, int, char const (&) [28], int const&)
 .text._ZN2bn13audio_manager12_GLOBAL__N_111static_dataD2Ev
                0x08001444        0x4 bn_audio_manager.o
 .text._ZN2bn13audio_manager4initEv
                0x08001448       0x48 bn_audio_manager.o
                0x08001448                bn::audio_manager::init()
 .text._ZN2bn13audio_manager7disableEv
                0x08001490        0xc bn_audio_manager.o
                0x08001490                bn::audio_manager::disable()
 .text._ZN2bn13audio_manager10sound_dataEt
                0x0800149c       0x64 bn_audio_manager.o
                0x0800149c                bn::audio_manager::sound_data(unsigned short)
 .text._ZN2bn13audio_manager6updateEv
                0x08001500        0xc bn_audio_manager.o
                0x08001500                bn::audio_manager::update()
 .text._ZN2bn13audio_manager6commitEv
                0x0800150c        0xc bn_audio_manager.o
                0x0800150c                bn::audio_manager::commit()
 .text._ZN2bn13audio_manager4stopEv
                0x08001518       0x6c bn_audio_manager.o
                0x08001518                bn::audio_manager::stop()
 .text._ZN3_bn6assert9show_argsIA18_ciEEvPKcS4_S4_iRKT_RKT0_
                0x08001584       0x54 bn_audio_manager.o
                0x08001584                void _bn::assert::show_args<char [18], int>(char const*, char const*, char const*, int, char const (&) [18], int const&)
 .text._ZN3_bn6assert9show_argsIA14_ciEEvPKcS4_S4_iRKT_RKT0_
                0x080015d8       0x54 bn_audio_manager.o
                0x080015d8                void _bn::assert::show_args<char [14], int>(char const*, char const*, char const*, int, char const (&) [14], int const&)
 .text._ZN3_bn6assert9show_argsIA26_ciEEvPKcS4_S4_iRKT_RKT0_
                0x0800162c       0x54 bn_audio_manager.o
                0x0800162c                void _bn::assert::show_args<char [26], int>(char const*, char const*, char const*, int, char const (&) [26], int const&)
 .text._ZN3_bn6assert9show_argsIA33_cEEvPKcS4_S4_iRKT_
                0x08001680       0x48 bn_audio_manager.o
                0x08001680                void _bn::assert::show_args<char [33]>(char const*, char const*, char const*, int, char const (&) [33])
 .text._ZN3_bn6assert9show_argsIA25_cEEvPKcS4_S4_iRKT_
                0x080016c8       0x48 bn_audio_manager.o
                0x080016c8                void _bn::assert::show_args<char [25]>(char const*, char const*, char const*, int, char const (&) [25])
 .text._ZN3_bn6assert9show_argsIA24_cEEvPKcS4_S4_iRKT_
                0x08001710       0x48 bn_audio_manager.o
                0x08001710                void _bn::assert::show_args<char [24]>(char const*, char const*, char const*, int, char const (&) [24])
 .text._ZN3_bn6assert9show_argsIA26_cEEvPKcS4_S4_iRKT_
                0x08001758       0x48 bn_audio_manager.o
                0x08001758                void _bn::assert::show_args<char [26]>(char const*, char const*, char const*, int, char const (&) [26])
 .text._ZN2bn13ostringstream6appendILi12EEEvNS_7fixed_tIXT_EEE
                0x080017a0       0xa0 bn_audio_manager.o
                0x080017a0                void bn::ostringstream::append<12>(bn::fixed_t<12>)
 .text._ZN3_bn6assert9show_argsIA25_cN2bn7fixed_tILi12EEEEEvPKcS7_S7_iRKT_RKT0_
                0x08001840       0x54 bn_audio_manager.o
                0x08001840                void _bn::assert::show_args<char [25], bn::fixed_t<12> >(char const*, char const*, char const*, int, char const (&) [25], bn::fixed_t<12> const&)
 .text._ZNK2bn10music_item4playENS_7fixed_tILi12EEE
                0x08001894       0xb8 bn_audio_manager.o
                0x08001894                bn::music_item::play(bn::fixed_t<12>) const
 .text._ZN3_bn6assert9show_argsIA25_ciEEvPKcS4_S4_iRKT_RKT0_
                0x0800194c       0x54 bn_audio_manager.o
                0x0800194c                void _bn::assert::show_args<char [25], int>(char const*, char const*, char const*, int, char const (&) [25], int const&)
 .text._ZN2bn13audio_manager16execute_commandsEv
                0x080019a0      0x6a8 bn_audio_manager.o
                0x080019a0                bn::audio_manager::execute_commands()
 .text._ZN3_bn6assert9show_argsIA17_cEEvPKcS4_S4_iRKT_
                0x08002048       0x48 bn_audio_manager.o
                0x08002048                void _bn::assert::show_args<char [17]>(char const*, char const*, char const*, int, char const (&) [17])
 .text.startup._GLOBAL__sub_I__ZN2bn5audio16update_on_vblankEv
                0x08002090       0x98 bn_audio_manager.o
 .text._ZN3_bn6assert9show_argsIA23_cEEvPKcS4_S4_iRKT_
                0x08002128       0x48 bn_best_fit_allocator.o
                0x08002128                void _bn::assert::show_args<char [23]>(char const*, char const*, char const*, int, char const (&) [23])
 .text._ZN2bn18best_fit_allocatorD2Ev
                0x08002170       0x34 bn_best_fit_allocator.o
                0x08002170                bn::best_fit_allocator::~best_fit_allocator()
                0x08002170                bn::best_fit_allocator::~best_fit_allocator()
 .text._ZN3_bn6assert9show_argsIA16_ciEEvPKcS4_S4_iRKT_RKT0_
                0x080021a4       0x54 bn_best_fit_allocator.o
                0x080021a4                void _bn::assert::show_args<char [16], int>(char const*, char const*, char const*, int, char const (&) [16], int const&)
 .text._ZN3_bn6assert9show_argsIA20_ciEEvPKcS4_S4_iRKT_RKT0_
                0x080021f8       0x54 bn_best_fit_allocator.o
                0x080021f8                void _bn::assert::show_args<char [20], int>(char const*, char const*, char const*, int, char const (&) [20], int const&)
 .text._ZN3_bn6assert9show_argsIA14_cEEvPKcS4_S4_iRKT_
                0x0800224c       0x48 bn_best_fit_allocator.o
                0x0800224c                void _bn::assert::show_args<char [14]>(char const*, char const*, char const*, int, char const (&) [14])
 .text._ZN3_bn6assert9show_argsIA21_cEEvPKcS4_S4_iRKT_
                0x08002294       0x48 bn_best_fit_allocator.o
                0x08002294                void _bn::assert::show_args<char [21]>(char const*, char const*, char const*, int, char const (&) [21])
 .text._ZN2bn18best_fit_allocator5resetEPvi
                0x080022dc       0xbc bn_best_fit_allocator.o
                0x080022dc                bn::best_fit_allocator::reset(void*, int)
 .text._ZN2bn17bg_blocks_manager12_GLOBAL__N_117_hw_commit_offsetEPKtjtPt
                0x08002398       0x78 bn_bg_blocks_manager.o
 .text._ZN2bn13ostringstream11append_argsIiJA4_ctEEEvRKT_DpRKT0_.isra.0
                0x08002410       0x24 bn_bg_blocks_manager.o
 .text._ZN2bn13ostringstream11append_argsIiJA4_ciEEEvRKT_DpRKT0_.isra.0
                0x08002434       0x24 bn_bg_blocks_manager.o
 .text._ZNK2bn18regular_bg_map_ptr2idEv
                0x08002458       0x18 bn_bg_blocks_manager.o
                0x08002458                bn::regular_bg_map_ptr::id() const
 .text._ZNK2bn18regular_bg_map_ptr10dimensionsEv
                0x08002470       0x20 bn_bg_blocks_manager.o
                0x08002470                bn::regular_bg_map_ptr::dimensions() const
 .text._ZNK2bn18regular_bg_map_ptr3bigEv
                0x08002490       0x18 bn_bg_blocks_manager.o
                0x08002490                bn::regular_bg_map_ptr::big() const
 .text._ZNK2bn20regular_bg_tiles_ptr3cbbEv
                0x080024a8       0x18 bn_bg_blocks_manager.o
                0x080024a8                bn::regular_bg_tiles_ptr::cbb() const
 .text._ZNK2bn17affine_bg_map_ptr2idEv
                0x080024c0       0x18 bn_bg_blocks_manager.o
                0x080024c0                bn::affine_bg_map_ptr::id() const
 .text._ZNK2bn17affine_bg_map_ptr10dimensionsEv
                0x080024d8       0x20 bn_bg_blocks_manager.o
                0x080024d8                bn::affine_bg_map_ptr::dimensions() const
 .text._ZNK2bn19affine_bg_tiles_ptr3cbbEv
                0x080024f8       0x18 bn_bg_blocks_manager.o
                0x080024f8                bn::affine_bg_tiles_ptr::cbb() const
 .text._ZN2bn17bg_blocks_manager10log_statusEv
                0x08002510      0x454 bn_bg_blocks_manager.o
                0x08002510                bn::bg_blocks_manager::log_status()
 .text._ZN2bn17bg_blocks_manager15decrease_usagesEi
                0x08002964       0x98 bn_bg_blocks_manager.o
                0x08002964                bn::bg_blocks_manager::decrease_usages(int)
 .text._ZN2bn18regular_bg_map_ptrD2Ev
                0x080029fc       0x18 bn_bg_blocks_manager.o
                0x080029fc                bn::regular_bg_map_ptr::~regular_bg_map_ptr()
                0x080029fc                bn::regular_bg_map_ptr::~regular_bg_map_ptr()
 .text._ZN2bn20regular_bg_tiles_ptrD2Ev
                0x08002a14       0x18 bn_bg_blocks_manager.o
                0x08002a14                bn::regular_bg_tiles_ptr::~regular_bg_tiles_ptr()
                0x08002a14                bn::regular_bg_tiles_ptr::~regular_bg_tiles_ptr()
 .text._ZN2bn17bg_blocks_manager12_GLOBAL__N_111static_dataD2Ev
                0x08002a2c       0x54 bn_bg_blocks_manager.o
 .text._ZN2bn17bg_blocks_manager4initEv
                0x08002a80       0x8c bn_bg_blocks_manager.o
                0x08002a80                bn::bg_blocks_manager::init()
 .text._ZN2bn17bg_blocks_manager11must_commitEi
                0x08002b0c       0x18 bn_bg_blocks_manager.o
                0x08002b0c                bn::bg_blocks_manager::must_commit(int)
 .text._ZN2bn17bg_blocks_manager6updateEv
                0x08002b24      0x258 bn_bg_blocks_manager.o
                0x08002b24                bn::bg_blocks_manager::update()
 .text._ZN3_bn6assert9show_argsIA15_ciEEvPKcS4_S4_iRKT_RKT0_
                0x08002d7c       0x54 bn_bg_blocks_manager.o
                0x08002d7c                void _bn::assert::show_args<char [15], int>(char const*, char const*, char const*, int, char const (&) [15], int const&)
 .text._ZN3_bn6assert9show_argsIA52_ctEEvPKcS4_S4_iRKT_RKT0_
                0x08002dd0       0x54 bn_bg_blocks_manager.o
                0x08002dd0                void _bn::assert::show_args<char [52], unsigned short>(char const*, char const*, char const*, int, char const (&) [52], unsigned short const&)
 .text._ZN3_bn6assert9show_argsIJA20_ciA4_ctEEEvPKcS5_S5_iDpRKT_
                0x08002e24       0x58 bn_bg_blocks_manager.o
                0x08002e24                void _bn::assert::show_args<char [20], int, char [4], unsigned short>(char const*, char const*, char const*, int, char const (&) [20], int const&, char const (&) [4], unsigned short const&)
 .text._ZN3_bn6assert9show_argsIJA22_ciA4_ciEEEvPKcS5_S5_iDpRKT_
                0x08002e7c       0x58 bn_bg_blocks_manager.o
                0x08002e7c                void _bn::assert::show_args<char [22], int, char [4], int>(char const*, char const*, char const*, int, char const (&) [22], int const&, char const (&) [4], int const&)
 .text._ZN3_bn6assert9show_argsIJA58_ciA4_ciEEEvPKcS5_S5_iDpRKT_
                0x08002ed4       0x58 bn_bg_blocks_manager.o
                0x08002ed4                void _bn::assert::show_args<char [58], int, char [4], int>(char const*, char const*, char const*, int, char const (&) [58], int const&, char const (&) [4], int const&)
 .text._ZN3_bn6assert9show_argsIA38_cEEvPKcS4_S4_iRKT_
                0x08002f2c       0x48 bn_bg_blocks_manager.o
                0x08002f2c                void _bn::assert::show_args<char [38]>(char const*, char const*, char const*, int, char const (&) [38])
 .text._ZN3_bn6assert9show_argsIA27_ciEEvPKcS4_S4_iRKT_RKT0_
                0x08002f74       0x54 bn_bg_blocks_manager.o
                0x08002f74                void _bn::assert::show_args<char [27], int>(char const*, char const*, char const*, int, char const (&) [27], int const&)
 .text._ZN2bn17bg_blocks_manager12_GLOBAL__N_110_hw_commitEPKtNS_16compression_typeEibPt
                0x08002fc8       0x6c bn_bg_blocks_manager.o
 .text._ZN3_bn6assert9show_argsIA22_ciEEvPKcS4_S4_iRKT_RKT0_
                0x08003034       0x54 bn_bg_blocks_manager.o
                0x08003034                void _bn::assert::show_args<char [22], int>(char const*, char const*, char const*, int, char const (&) [22], int const&)
 .text._ZN3_bn6assert9show_argsIA19_cEEvPKcS4_S4_iRKT_
                0x08003088       0x48 bn_bg_blocks_manager.o
                0x08003088                void _bn::assert::show_args<char [19]>(char const*, char const*, char const*, int, char const (&) [19])
 .text._ZN2bn17bg_blocks_manager12_GLOBAL__N_116_find_tiles_implEPKtNS_16compression_typeEib
                0x080030d0      0x100 bn_bg_blocks_manager.o
 .text._ZNK2bn21regular_bg_tiles_item10find_tilesEv
                0x080031d0       0x30 bn_bg_blocks_manager.o
                0x080031d0                bn::regular_bg_tiles_item::find_tiles() const
 .text._ZN3_bn6assert9show_argsIA22_cEEvPKcS4_S4_iRKT_
                0x08003200       0x48 bn_bg_blocks_manager.o
                0x08003200                void _bn::assert::show_args<char [22]>(char const*, char const*, char const*, int, char const (&) [22])
 .text._ZNK2bn18regular_bg_map_ptr5tilesEv
                0x08003248       0x48 bn_bg_blocks_manager.o
                0x08003248                bn::regular_bg_map_ptr::tiles() const
 .text._ZNK2bn17affine_bg_map_ptr5tilesEv
                0x08003290       0x48 bn_bg_blocks_manager.o
                0x08003290                bn::affine_bg_map_ptr::tiles() const
 .text._ZNK2bn18regular_bg_map_ptr7paletteEv
                0x080032d8       0x48 bn_bg_blocks_manager.o
                0x080032d8                bn::regular_bg_map_ptr::palette() const
 .text._ZNK2bn18regular_bg_map_ptr3bppEv
                0x08003320       0x4c bn_bg_blocks_manager.o
                0x08003320                bn::regular_bg_map_ptr::bpp() const
 .text._ZN2bn17bg_blocks_manager21update_affine_map_rowEiii
                0x0800336c      0x168 bn_bg_blocks_manager.o
                0x0800336c                bn::bg_blocks_manager::update_affine_map_row(int, int, int)
 .text._ZN2bn17bg_blocks_manager28update_affine_map_bottom_rowEiii
                0x080034d4       0x2c bn_bg_blocks_manager.o
                0x080034d4                bn::bg_blocks_manager::update_affine_map_bottom_row(int, int, int)
 .text._ZN2bn17bg_blocks_manager23set_affine_map_positionEiii
                0x08003500      0x214 bn_bg_blocks_manager.o
                0x08003500                bn::bg_blocks_manager::set_affine_map_position(int, int, int)
 .text._ZN2bn17bg_blocks_manager21update_affine_map_colEiii
                0x08003714      0x334 bn_bg_blocks_manager.o
                0x08003714                bn::bg_blocks_manager::update_affine_map_col(int, int, int)
 .text._ZN2bn17bg_blocks_manager27update_affine_map_right_colEiii
                0x08003a48       0x2c bn_bg_blocks_manager.o
                0x08003a48                bn::bg_blocks_manager::update_affine_map_right_col(int, int, int)
 .text._ZN2bn17bg_blocks_manager22update_regular_map_rowEiii
                0x08003a74      0x194 bn_bg_blocks_manager.o
                0x08003a74                bn::bg_blocks_manager::update_regular_map_row(int, int, int)
 .text._ZN2bn17bg_blocks_manager22update_regular_map_colEiii
                0x08003c08      0x1fc bn_bg_blocks_manager.o
                0x08003c08                bn::bg_blocks_manager::update_regular_map_col(int, int, int)
 .text._ZN2bn17bg_blocks_manager24set_regular_map_positionEiii
                0x08003e04      0x24c bn_bg_blocks_manager.o
                0x08003e04                bn::bg_blocks_manager::set_regular_map_position(int, int, int)
 .text._ZN2bn17bg_blocks_manager21set_regular_map_tilesEiONS_20regular_bg_tiles_ptrE
                0x08004050      0x258 bn_bg_blocks_manager.o
                0x08004050                bn::bg_blocks_manager::set_regular_map_tiles(int, bn::regular_bg_tiles_ptr&&)
 .text._ZN2bn17bg_blocks_manager23set_regular_map_paletteEiONS_14bg_palette_ptrE
                0x080042a8      0x220 bn_bg_blocks_manager.o
                0x080042a8                bn::bg_blocks_manager::set_regular_map_palette(int, bn::bg_palette_ptr&&)
 .text._ZN2bn17bg_blocks_manager12_GLOBAL__N_112_commit_itemERKNS1_9item_typeEb
                0x080044c8      0x1f0 bn_bg_blocks_manager.o
 .text._ZN2bn17bg_blocks_manager12_GLOBAL__N_112_create_itemEiibONS1_11create_dataE
                0x080046b8      0x840 bn_bg_blocks_manager.o
 .text._ZN2bn17bg_blocks_manager12_GLOBAL__N_112_create_implEONS1_11create_dataE
                0x08004ef8      0x1fc bn_bg_blocks_manager.o
 .text._ZN2bn17bg_blocks_manager19commit_uncompressedEb
                0x080050f4       0x58 bn_bg_blocks_manager.o
                0x080050f4                bn::bg_blocks_manager::commit_uncompressed(bool)
 .text._ZN2bn17bg_blocks_manager17commit_compressedEv
                0x0800514c       0x48 bn_bg_blocks_manager.o
                0x0800514c                bn::bg_blocks_manager::commit_compressed()
 .text._ZN3_bn6assert9show_argsIJA32_cA15_cPKtA16_ciA17_ciA34_cN2bn11string_viewEEEEvPKcSC_SC_iDpRKT_
                0x08005194       0x90 bn_bg_blocks_manager.o
                0x08005194                void _bn::assert::show_args<char [32], char [15], unsigned short const*, char [16], int, char [17], int, char [34], bn::string_view>(char const*, char const*, char const*, int, char const (&) [32], char const (&) [15], unsigned short const* const&, char const (&) [16], int const&, char const (&) [17], int const&, char const (&) [34], bn::string_view const&)
 .text._ZN2bn17bg_blocks_manager20create_regular_tilesERKNS_21regular_bg_tiles_itemEb
                0x08005224      0x138 bn_bg_blocks_manager.o
                0x08005224                bn::bg_blocks_manager::create_regular_tiles(bn::regular_bg_tiles_item const&, bool)
 .text._ZN3_bn6assert9show_argsIJA30_cA13_cPKtA14_ciA15_ciA17_ciA34_cN2bn11string_viewEEEEvPKcSD_SD_iDpRKT_
                0x0800535c       0xa0 bn_bg_blocks_manager.o
                0x0800535c                void _bn::assert::show_args<char [30], char [13], unsigned short const*, char [14], int, char [15], int, char [17], int, char [34], bn::string_view>(char const*, char const*, char const*, int, char const (&) [30], char const (&) [13], unsigned short const* const&, char const (&) [14], int const&, char const (&) [15], int const&, char const (&) [17], int const&, char const (&) [34], bn::string_view const&)
 .text._ZN3_bn6assert9show_argsIA31_cEEvPKcS4_S4_iRKT_
                0x080053fc       0x48 bn_bg_blocks_manager.o
                0x080053fc                void _bn::assert::show_args<char [31]>(char const*, char const*, char const*, int, char const (&) [31])
 .text._ZN3_bn6assert9show_argsIJA34_cA13_cPKtA14_ciA15_ciA17_ciS2_N2bn11string_viewEEEEvPKcSC_SC_iDpRKT_
                0x08005444       0xa0 bn_bg_blocks_manager.o
                0x08005444                void _bn::assert::show_args<char [34], char [13], unsigned short const*, char [14], int, char [15], int, char [17], int, char [34], bn::string_view>(char const*, char const*, char const*, int, char const (&) [34], char const (&) [13], unsigned short const* const&, char const (&) [14], int const&, char const (&) [15], int const&, char const (&) [17], int const&, char const (&) [34], bn::string_view const&)
 .text._ZN2bn17bg_blocks_manager22create_new_regular_mapERKNS_19regular_bg_map_itemEPKtONS_20regular_bg_tiles_ptrEONS_14bg_palette_ptrEb
                0x080054e4      0x284 bn_bg_blocks_manager.o
                0x080054e4                bn::bg_blocks_manager::create_new_regular_map(bn::regular_bg_map_item const&, unsigned short const*, bn::regular_bg_tiles_ptr&&, bn::bg_palette_ptr&&, bool)
 .text._ZNK2bn19regular_bg_map_item14create_new_mapENS_20regular_bg_tiles_ptrENS_14bg_palette_ptrE
                0x08005768       0x4c bn_bg_blocks_manager.o
                0x08005768                bn::regular_bg_map_item::create_new_map(bn::regular_bg_tiles_ptr, bn::bg_palette_ptr) const
 .text._ZN2bn18regular_bg_map_ptr10create_newERKNS_15regular_bg_itemE
                0x080057b4       0x64 bn_bg_blocks_manager.o
                0x080057b4                bn::regular_bg_map_ptr::create_new(bn::regular_bg_item const&)
 .text._ZN3_bn6assert9show_argsIJA37_ciA4_ciEEEvPKcS5_S5_iDpRKT_
                0x08005818       0x58 bn_bg_blocks_manager.o
                0x08005818                void _bn::assert::show_args<char [37], int, char [4], int>(char const*, char const*, char const*, int, char const (&) [37], int const&, char const (&) [4], int const&)
 .text._ZN2bn17bg_blocks_manager33set_regular_map_tiles_and_paletteEiONS_20regular_bg_tiles_ptrEONS_14bg_palette_ptrE
                0x08005870      0x2e4 bn_bg_blocks_manager.o
                0x08005870                bn::bg_blocks_manager::set_regular_map_tiles_and_palette(int, bn::regular_bg_tiles_ptr&&, bn::bg_palette_ptr&&)
 .text._ZN2bn17bg_blocks_manager12_GLOBAL__N_122_find_regular_map_implERKNS_19regular_bg_map_itemEPKtRKNS_20regular_bg_tiles_ptrERKNS_14bg_palette_ptrE
                0x08005b54      0x2e4 bn_bg_blocks_manager.o
 .text._ZN2bn17bg_blocks_manager18create_regular_mapERKNS_19regular_bg_map_itemEPKtONS_20regular_bg_tiles_ptrEONS_14bg_palette_ptrEb
                0x08005e38      0x284 bn_bg_blocks_manager.o
                0x08005e38                bn::bg_blocks_manager::create_regular_map(bn::regular_bg_map_item const&, unsigned short const*, bn::regular_bg_tiles_ptr&&, bn::bg_palette_ptr&&, bool)
 .text._ZN2bn18regular_bg_map_ptr6createERKNS_15regular_bg_itemEi
                0x080060bc       0xdc bn_bg_blocks_manager.o
                0x080060bc                bn::regular_bg_map_ptr::create(bn::regular_bg_item const&, int)
 .text._ZNK2bn19regular_bg_map_item8find_mapERKNS_20regular_bg_tiles_ptrERKNS_14bg_palette_ptrE
                0x08006198       0x24 bn_bg_blocks_manager.o
                0x08006198                bn::regular_bg_map_item::find_map(bn::regular_bg_tiles_ptr const&, bn::bg_palette_ptr const&) const
 .text._ZN2bn18regular_bg_map_ptr21set_tiles_and_paletteERKNS_21regular_bg_tiles_itemERKNS_15bg_palette_itemE
                0x080061bc      0x17c bn_bg_blocks_manager.o
                0x080061bc                bn::regular_bg_map_ptr::set_tiles_and_palette(bn::regular_bg_tiles_item const&, bn::bg_palette_item const&)
 .text._ZN3_bn6assert9show_argsIA39_ciEEvPKcS4_S4_iRKT_RKT0_
                0x08006338       0x54 bn_bg_blocks_manager.o
                0x08006338                void _bn::assert::show_args<char [39], int>(char const*, char const*, char const*, int, char const (&) [39], int const&)
 .text.startup._GLOBAL__sub_I__ZN2bn7bg_maps16used_cells_countEv
                0x0800638c       0x88 bn_bg_blocks_manager.o
 .text._ZN2bn11bgs_manager12_GLOBAL__N_129_check_unique_regular_big_mapERNS1_9item_typeE
                0x08006414       0x68 bn_bgs_manager.o
 .text._ZN2bn11bgs_manager12_GLOBAL__N_111static_dataD2Ev
                0x0800647c       0x10 bn_bgs_manager.o
 .text._ZN2bn11bgs_manager12_GLOBAL__N_133_update_item_hw_affine_attributesERKNS1_9item_typeE
                0x0800648c       0x48 bn_bgs_manager.o
 .text._ZN2bn14regular_bg_ptr12set_positionENS_7fixed_tILi12EEES2_
                0x080064d4       0x70 bn_bgs_manager.o
                0x080064d4                bn::regular_bg_ptr::set_position(bn::fixed_t<12>, bn::fixed_t<12>)
 .text._ZN2bn14regular_bg_ptr24set_blending_top_enabledEb
                0x08006544       0x3c bn_bgs_manager.o
                0x08006544                bn::regular_bg_ptr::set_blending_top_enabled(bool)
 .text._ZN2bn14regular_bg_ptr27set_blending_bottom_enabledEb
                0x08006580       0x3c bn_bgs_manager.o
                0x08006580                bn::regular_bg_ptr::set_blending_bottom_enabled(bool)
 .text._ZNK2bn14regular_bg_ptr7visibleEv
                0x080065bc        0xc bn_bgs_manager.o
                0x080065bc                bn::regular_bg_ptr::visible() const
 .text._ZN2bn14regular_bg_ptr11set_visibleEb
                0x080065c8       0x30 bn_bgs_manager.o
                0x080065c8                bn::regular_bg_ptr::set_visible(bool)
 .text._ZN2bn14regular_bg_ptr21set_visible_in_windowEbRNS_6windowE
                0x080065f8       0x14 bn_bgs_manager.o
                0x080065f8                bn::regular_bg_ptr::set_visible_in_window(bool, bn::window&)
 .text._ZN2bn11bgs_manager4initEv
                0x0800660c       0x8c bn_bgs_manager.o
                0x0800660c                bn::bgs_manager::init()
 .text._ZN2bn11bgs_manager5hw_idEPv
                0x08006698        0x8 bn_bgs_manager.o
                0x08006698                bn::bgs_manager::hw_id(void*)
 .text._ZN2bn11bgs_manager11hw_positionEPv
                0x080066a0        0x4 bn_bgs_manager.o
                0x080066a0                bn::bgs_manager::hw_position(void*)
 .text._ZN2bn11bgs_manager14mat_attributesEPv
                0x080066a4        0x4 bn_bgs_manager.o
                0x080066a4                bn::bgs_manager::mat_attributes(void*)
 .text._ZN2bn11bgs_manager9put_belowEPv
                0x080066a8       0x6c bn_bgs_manager.o
                0x080066a8                bn::bgs_manager::put_below(void*)
 .text._ZN2bn14regular_bg_ptr9put_belowEv
                0x08006714       0x10 bn_bgs_manager.o
                0x08006714                bn::regular_bg_ptr::put_below()
 .text._ZN2bn11bgs_manager18set_show_in_windowEPvib
                0x08006724       0x18 bn_bgs_manager.o
                0x08006724                bn::bgs_manager::set_show_in_window(void*, int, bool)
 .text._ZN2bn11bgs_manager20update_windows_flagsEPj
                0x0800673c       0x7c bn_bgs_manager.o
                0x0800673c                bn::bgs_manager::update_windows_flags(unsigned int*)
 .text._ZN2bn11bgs_manager14update_camerasEv
                0x080067b8      0x14c bn_bgs_manager.o
                0x080067b8                bn::bgs_manager::update_cameras()
 .text._ZN2bn11bgs_manager28update_regular_map_tiles_cbbEii
                0x08006904       0xa8 bn_bgs_manager.o
                0x08006904                bn::bgs_manager::update_regular_map_tiles_cbb(int, int)
 .text._ZN2bn11bgs_manager30update_regular_map_palette_bppEiNS_8bpp_modeE
                0x080069ac       0xac bn_bgs_manager.o
                0x080069ac                bn::bgs_manager::update_regular_map_palette_bpp(int, bn::bpp_mode)
 .text._ZN2bn11bgs_manager36fill_hblank_effect_regular_positionsEiPKNS_7fixed_tILi12EEEPt
                0x08006a58       0x38 bn_bgs_manager.o
                0x08006a58                bn::bgs_manager::fill_hblank_effect_regular_positions(int, bn::fixed_t<12> const*, unsigned short*)
 .text._ZN2bn11bgs_manager45fill_hblank_effect_pivot_horizontal_positionsEPvPKNS_7fixed_tILi12EEEPj
                0x08006a90       0x24 bn_bgs_manager.o
                0x08006a90                bn::bgs_manager::fill_hblank_effect_pivot_horizontal_positions(void*, bn::fixed_t<12> const*, unsigned int*)
 .text._ZN2bn11bgs_manager43fill_hblank_effect_pivot_vertical_positionsEPvPKNS_7fixed_tILi12EEEPj
                0x08006ab4       0x24 bn_bgs_manager.o
                0x08006ab4                bn::bgs_manager::fill_hblank_effect_pivot_vertical_positions(void*, bn::fixed_t<12> const*, unsigned int*)
 .text._ZN2bn11bgs_manager6commitEb
                0x08006ad8       0x58 bn_bgs_manager.o
                0x08006ad8                bn::bgs_manager::commit(bool)
 .text._ZN2bn11bgs_manager4stopEv
                0x08006b30       0x28 bn_bgs_manager.o
                0x08006b30                bn::bgs_manager::stop()
 .text._ZN3_bn6assert9show_argsIA17_ciEEvPKcS4_S4_iRKT_RKT0_
                0x08006b58       0x54 bn_bgs_manager.o
                0x08006b58                void _bn::assert::show_args<char [17], int>(char const*, char const*, char const*, int, char const (&) [17], int const&)
 .text._ZN3_bn6assert9show_argsIA30_cEEvPKcS4_S4_iRKT_
                0x08006bac       0x48 bn_bgs_manager.o
                0x08006bac                void _bn::assert::show_args<char [30]>(char const*, char const*, char const*, int, char const (&) [30])
 .text._ZN3_bn6assert9show_argsIA27_cEEvPKcS4_S4_iRKT_
                0x08006bf4       0x48 bn_bgs_manager.o
                0x08006bf4                void _bn::assert::show_args<char [27]>(char const*, char const*, char const*, int, char const (&) [27])
 .text._ZN3_bn6assert9show_argsIA46_cEEvPKcS4_S4_iRKT_
                0x08006c3c       0x48 bn_bgs_manager.o
                0x08006c3c                void _bn::assert::show_args<char [46]>(char const*, char const*, char const*, int, char const (&) [46])
 .text._ZN2bn11bgs_manager15rebuild_handlesEv.part.0
                0x08006c84      0x1a8 bn_bgs_manager.o
 .text._ZN2bn18regular_bg_builder11release_mapEv
                0x08006e2c       0x78 bn_bgs_manager.o
                0x08006e2c                bn::regular_bg_builder::release_map()
 .text._ZN2bn11bgs_manager37fill_hblank_effect_regular_attributesEPvPKNS_21regular_bg_attributesEPt
                0x08006ea4      0x100 bn_bgs_manager.o
                0x08006ea4                bn::bgs_manager::fill_hblank_effect_regular_attributes(void*, bn::regular_bg_attributes const*, unsigned short*)
 .text._ZN2bn11bgs_manager6updateEv
                0x08006fa4      0x16c bn_bgs_manager.o
                0x08006fa4                bn::bgs_manager::update()
 .text._ZN2bn11bgs_manager15commit_big_mapsEv
                0x08007110      0x1d0 bn_bgs_manager.o
                0x08007110                bn::bgs_manager::commit_big_maps()
 .text._ZN2bn11bgs_manager12_GLOBAL__N_19item_type18update_regular_mapEv
                0x080072e0      0x1c8 bn_bgs_manager.o
 .text._ZN2bn11bgs_manager15set_regular_mapEPvONS_18regular_bg_map_ptrE
                0x080074a8       0xb4 bn_bgs_manager.o
                0x080074a8                bn::bgs_manager::set_regular_map(void*, bn::regular_bg_map_ptr&&)
 .text._ZN2bn11bgs_manager36fill_hblank_effect_affine_attributesEPvPKNS_20affine_bg_attributesEPt
                0x0800755c      0x104 bn_bgs_manager.o
                0x0800755c                bn::bgs_manager::fill_hblank_effect_affine_attributes(void*, bn::affine_bg_attributes const*, unsigned short*)
 .text._ZN2bn11bgs_manager10affine_mapEPv
                0x08007660       0x34 bn_bgs_manager.o
                0x08007660                bn::bgs_manager::affine_map(void*)
 .text._ZN2bn11bgs_manager11regular_mapEPv
                0x08007694       0x34 bn_bgs_manager.o
                0x08007694                bn::bgs_manager::regular_map(void*)
 .text._ZN2bn14regular_bg_ptr8set_itemERKNS_15regular_bg_itemE
                0x080076c8      0x144 bn_bgs_manager.o
                0x080076c8                bn::regular_bg_ptr::set_item(bn::regular_bg_item const&)
 .text._ZN2bn11bgs_manager12_GLOBAL__N_112_insert_itemERNS1_9item_typeE
                0x0800780c      0x104 bn_bgs_manager.o
 .text._ZN3_bn6assert9show_argsIA13_cEEvPKcS4_S4_iRKT_
                0x08007910       0x48 bn_bgs_manager.o
                0x08007910                void _bn::assert::show_args<char [13]>(char const*, char const*, char const*, int, char const (&) [13])
 .text._ZN2bn11bgs_manager6createEONS_18regular_bg_builderE
                0x08007958      0x1d4 bn_bgs_manager.o
                0x08007958                bn::bgs_manager::create(bn::regular_bg_builder&&)
 .text._ZNK2bn15regular_bg_item9create_bgENS_7fixed_tILi12EEES2_
                0x08007b2c       0x78 bn_bgs_manager.o
                0x08007b2c                bn::regular_bg_item::create_bg(bn::fixed_t<12>, bn::fixed_t<12>) const
 .text.startup._GLOBAL__sub_I__ZN2bn3bgs16used_items_countEv
                0x08007ba4       0x90 bn_bgs_manager.o
 .text._ZN2bn10camera_ptrD2Ev
                0x08007c34       0x38 bn_cameras_manager.o
                0x08007c34                bn::camera_ptr::~camera_ptr()
                0x08007c34                bn::camera_ptr::~camera_ptr()
 .text._ZNK2bn10camera_ptr8positionEv
                0x08007c6c       0x14 bn_cameras_manager.o
                0x08007c6c                bn::camera_ptr::position() const
 .text._ZN2bn15cameras_manager4initEv
                0x08007c80       0x24 bn_cameras_manager.o
                0x08007c80                bn::cameras_manager::init()
 .text._ZN2bn15cameras_manager6updateEv
                0x08007ca4       0x28 bn_cameras_manager.o
                0x08007ca4                bn::cameras_manager::update()
 .text.startup._GLOBAL__sub_I__ZN2bn7cameras16used_items_countEv
                0x08007ccc       0x24 bn_cameras_manager.o
 .text._ZN2bn4core12_GLOBAL__N_14stopEb
                0x08007cf0       0x54 bn_core.o
 .text._ZN2bn4core12_GLOBAL__N_111update_implEv
                0x08007d44      0x114 bn_core.o
 .text._ZN2bn11string_viewC2EPKc
                0x08007e58       0x1c bn_core.o
                0x08007e58                bn::string_view::string_view(char const*)
                0x08007e58                bn::string_view::string_view(char const*)
 .text._ZN3_bn6assert12_GLOBAL__N_110_show_implEPKcS3_S3_iRKN2bn11string_viewE
                0x08007e74       0x80 bn_core.o
 .text._ZN2bn4core6updateEv
                0x08007ef4       0x78 bn_core.o
                0x08007ef4                bn::core::update()
 .text._ZN2bn4core4initERKNS_8optionalINS_5colorEEERKNS_11string_viewE
                0x08007f6c      0x128 bn_core.o
                0x08007f6c                bn::core::init(bn::optional<bn::color> const&, bn::string_view const&)
 .text._ZN2bn4core4initEv
                0x08008094       0x24 bn_core.o
                0x08008094                bn::core::init()
 .text._ZN2bn4core9on_vblankEv
                0x080080b8       0x2c bn_core.o
                0x080080b8                bn::core::on_vblank()
 .text._ZN3_bn6assert4showEPKcS2_S2_iRKN2bn12istring_baseE
                0x080080e4       0x18 bn_core.o
                0x080080e4                _bn::assert::show(char const*, char const*, char const*, int, bn::istring_base const&)
 .text.startup._GLOBAL__sub_I__ZN2bn4core4initEv
                0x080080fc       0x4c bn_core.o
 .text._ZN2bn15display_manager12_GLOBAL__N_111static_dataD2Ev
                0x08008148       0x34 bn_display_manager.o
 .text._ZN2bn15display_manager12_GLOBAL__N_134_update_rect_windows_hw_boundariesEi
                0x0800817c       0x7c bn_display_manager.o
 .text._ZN2bn6window11set_show_bgERKNS_14regular_bg_ptrEb
                0x080081f8       0x14 bn_display_manager.o
                0x080081f8                bn::window::set_show_bg(bn::regular_bg_ptr const&, bool)
 .text._ZNK2bn6window12show_spritesEv
                0x0800820c       0x18 bn_display_manager.o
                0x0800820c                bn::window::show_sprites() const
 .text._ZN2bn6window16set_show_spritesEb
                0x08008224       0x30 bn_display_manager.o
                0x08008224                bn::window::set_show_sprites(bool)
 .text._ZN2bn6window17set_show_blendingEb
                0x08008254       0x30 bn_display_manager.o
                0x08008254                bn::window::set_show_blending(bool)
 .text._ZNK2bn13inside_window7visibleEv
                0x08008284       0x10 bn_display_manager.o
                0x08008284                bn::inside_window::visible() const
 .text._ZN2bn13inside_window11set_visibleEb
                0x08008294       0x20 bn_display_manager.o
                0x08008294                bn::inside_window::set_visible(bool)
 .text._ZN2bn15display_manager4initEv
                0x080082b4       0xa4 bn_display_manager.o
                0x080082b4                bn::display_manager::init()
 .text._ZN2bn15display_manager8set_modeEi
                0x08008358       0x1c bn_display_manager.o
                0x08008358                bn::display_manager::set_mode(int)
 .text._ZN2bn15display_manager14set_bg_enabledEib
                0x08008374       0x18 bn_display_manager.o
                0x08008374                bn::display_manager::set_bg_enabled(int, bool)
 .text._ZN2bn15display_manager15disable_all_bgsEv
                0x0800838c       0x14 bn_display_manager.o
                0x0800838c                bn::display_manager::disable_all_bgs()
 .text._ZN2bn15display_manager36fill_mosaic_hblank_effect_attributesEPKNS_17mosaic_attributesEPt
                0x080083a0       0xb4 bn_display_manager.o
                0x080083a0                bn::display_manager::fill_mosaic_hblank_effect_attributes(bn::mosaic_attributes const*, unsigned short*)
 .text._ZN2bn15display_manager27set_blending_top_bg_enabledEib
                0x08008454       0x20 bn_display_manager.o
                0x08008454                bn::display_manager::set_blending_top_bg_enabled(int, bool)
 .text._ZN2bn15display_manager30set_blending_bottom_bg_enabledEib
                0x08008474       0x20 bn_display_manager.o
                0x08008474                bn::display_manager::set_blending_bottom_bg_enabled(int, bool)
 .text._ZN2bn15display_manager32blending_transparency_top_weightEv
                0x08008494       0x18 bn_display_manager.o
                0x08008494                bn::display_manager::blending_transparency_top_weight()
 .text._ZN2bn15display_manager35blending_transparency_bottom_weightEv
                0x080084ac       0x28 bn_display_manager.o
                0x080084ac                bn::display_manager::blending_transparency_bottom_weight()
 .text._ZN2bn15display_manager51fill_blending_transparency_hblank_effect_attributesEPKNS_32blending_transparency_attributesEPt
                0x080084d4       0x30 bn_display_manager.o
                0x080084d4                bn::display_manager::fill_blending_transparency_hblank_effect_attributes(bn::blending_transparency_attributes const*, unsigned short*)
 .text._ZN2bn15display_manager21blending_fade_enabledEv
                0x08008504        0xc bn_display_manager.o
                0x08008504                bn::display_manager::blending_fade_enabled()
 .text._ZN2bn15display_manager39fill_blending_fade_hblank_effect_alphasEPKNS_19blending_fade_alphaEPt
                0x08008510       0x24 bn_display_manager.o
                0x08008510                bn::display_manager::fill_blending_fade_hblank_effect_alphas(bn::blending_fade_alpha const*, unsigned short*)
 .text._ZN2bn15display_manager26update_windows_visible_bgsEv
                0x08008534       0x14 bn_display_manager.o
                0x08008534                bn::display_manager::update_windows_visible_bgs()
 .text._ZN2bn15display_manager36rect_window_hw_horizontal_boundariesEi
                0x08008548       0x18 bn_display_manager.o
                0x08008548                bn::display_manager::rect_window_hw_horizontal_boundaries(int)
 .text._ZN2bn15display_manager34rect_window_hw_vertical_boundariesEi
                0x08008560       0x18 bn_display_manager.o
                0x08008560                bn::display_manager::rect_window_hw_vertical_boundaries(int)
 .text._ZN2bn15display_manager52fill_rect_window_hblank_effect_horizontal_boundariesERKSt4pairIiiEPKS1_INS_7fixed_tILi12EEES6_EPt
                0x08008578      0x134 bn_display_manager.o
                0x08008578                bn::display_manager::fill_rect_window_hblank_effect_horizontal_boundaries(std::pair<int, int> const&, std::pair<bn::fixed_t<12>, bn::fixed_t<12> > const*, unsigned short*)
 .text._ZN2bn15display_manager50fill_rect_window_hblank_effect_vertical_boundariesERKSt4pairIiiEPKS1_INS_7fixed_tILi12EEES6_EPt
                0x080086ac      0x134 bn_display_manager.o
                0x080086ac                bn::display_manager::fill_rect_window_hblank_effect_vertical_boundaries(std::pair<int, int> const&, std::pair<bn::fixed_t<12>, bn::fixed_t<12> > const*, unsigned short*)
 .text._ZN2bn15display_manager36fill_green_swap_hblank_effect_statesEPKbPt
                0x080087e0       0x38 bn_display_manager.o
                0x080087e0                bn::display_manager::fill_green_swap_hblank_effect_states(bool const*, unsigned short*)
 .text._ZN2bn15display_manager14update_camerasEv
                0x08008818       0x40 bn_display_manager.o
                0x08008818                bn::display_manager::update_cameras()
 .text._ZN2bn15display_manager6updateEv
                0x08008858      0x254 bn_display_manager.o
                0x08008858                bn::display_manager::update()
 .text._ZN2bn15display_manager6commitEv
                0x08008aac      0x12c bn_display_manager.o
                0x08008aac                bn::display_manager::commit()
 .text._ZN2bn15display_manager4stopEv
                0x08008bd8       0x28 bn_display_manager.o
                0x08008bd8                bn::display_manager::stop()
 .text._ZN3_bn6assert9show_argsIA66_cEEvPKcS4_S4_iRKT_
                0x08008c00       0x48 bn_display_manager.o
                0x08008c00                void _bn::assert::show_args<char [66]>(char const*, char const*, char const*, int, char const (&) [66])
 .text._ZN3_bn6assert9show_argsIA29_cN2bn7fixed_tILi12EEEEEvPKcS7_S7_iRKT_RKT0_
                0x08008c48       0x54 bn_display_manager.o
                0x08008c48                void _bn::assert::show_args<char [29], bn::fixed_t<12> >(char const*, char const*, char const*, int, char const (&) [29], bn::fixed_t<12> const&)
 .text._ZN2bn8blending22set_transparency_alphaENS_7fixed_tILi12EEE
                0x08008c9c       0x94 bn_display_manager.o
                0x08008c9c                bn::blending::set_transparency_alpha(bn::fixed_t<12>)
 .text._ZN3_bn6assert9show_argsIA34_cN2bn7fixed_tILi12EEEEEvPKcS7_S7_iRKT_RKT0_
                0x08008d30       0x54 bn_display_manager.o
                0x08008d30                void _bn::assert::show_args<char [34], bn::fixed_t<12> >(char const*, char const*, char const*, int, char const (&) [34], bn::fixed_t<12> const&)
 .text._ZN2bn8blending27set_transparency_top_weightENS_7fixed_tILi12EEE
                0x08008d84       0x7c bn_display_manager.o
                0x08008d84                bn::blending::set_transparency_top_weight(bn::fixed_t<12>)
 .text._ZN3_bn6assert9show_argsIA37_cN2bn7fixed_tILi12EEEEEvPKcS7_S7_iRKT_RKT0_
                0x08008e00       0x54 bn_display_manager.o
                0x08008e00                void _bn::assert::show_args<char [37], bn::fixed_t<12> >(char const*, char const*, char const*, int, char const (&) [37], bn::fixed_t<12> const&)
 .text._ZN2bn8blending30set_transparency_bottom_weightENS_7fixed_tILi12EEE
                0x08008e54       0x80 bn_display_manager.o
                0x08008e54                bn::blending::set_transparency_bottom_weight(bn::fixed_t<12>)
 .text._ZN2bn13ostringstream11append_argsINS_7fixed_tILi12EEEJA4_cS3_EEEvRKT_DpRKT0_.isra.0
                0x08008ed4       0xb4 bn_display_manager.o
 .text._ZN3_bn6assert9show_argsIJA24_cN2bn7fixed_tILi12EEEA4_cS5_EEEvPKcS8_S8_iDpRKT_
                0x08008f88       0x58 bn_display_manager.o
                0x08008f88                void _bn::assert::show_args<char [24], bn::fixed_t<12>, char [4], bn::fixed_t<12> >(char const*, char const*, char const*, int, char const (&) [24], bn::fixed_t<12> const&, char const (&) [4], bn::fixed_t<12> const&)
 .text._ZN2bn11rect_window14set_boundariesENS_7fixed_tILi12EEES2_S2_S2_
                0x08008fe0       0xd8 bn_display_manager.o
                0x08008fe0                bn::rect_window::set_boundaries(bn::fixed_t<12>, bn::fixed_t<12>, bn::fixed_t<12>, bn::fixed_t<12>)
 .text.startup._GLOBAL__sub_I__ZNK2bn6window7show_bgERKNS_14regular_bg_ptrE
                0x080090b8       0xa4 bn_display_manager.o
 .text._ZN2bn12gpio_manager5sleepEv
                0x0800915c       0x28 bn_gpio_manager.o
                0x0800915c                bn::gpio_manager::sleep()
 .text._ZN2bn22hblank_effects_manager12_GLOBAL__N_19item_type18_output_values_ptrEv
                0x08009184       0x40 bn_hblank_effects_manager.o
 .text._ZN2bn22hblank_effects_manager7disableEv
                0x080091c4       0x24 bn_hblank_effects_manager.o
                0x080091c4                bn::hblank_effects_manager::disable()
 .text._ZN2bn22hblank_effects_manager6commitEv
                0x080091e8       0x88 bn_hblank_effects_manager.o
                0x080091e8                bn::hblank_effects_manager::commit()
 .text._ZN2bn22hblank_effects_manager12_GLOBAL__N_110_is_uint32ENS0_12handler_typeE
                0x08009270       0x64 bn_hblank_effects_manager.o
 .text._ZN2bn22hblank_effects_manager12_GLOBAL__N_19item_type12check_updateEv
                0x080092d4     0x1640 bn_hblank_effects_manager.o
 .text._ZN3_bn6assert9show_argsIA18_cEEvPKcS4_S4_iRKT_
                0x0800a914       0x48 bn_hblank_effects_manager.o
                0x0800a914                void _bn::assert::show_args<char [18]>(char const*, char const*, char const*, int, char const (&) [18])
 .text._ZN2bn22hblank_effects_manager6updateEv
                0x0800a95c      0x1ec bn_hblank_effects_manager.o
                0x0800a95c                bn::hblank_effects_manager::update()
 .text._ZN2bn22hblank_effects_manager4initEv
                0x0800ab48      0x190 bn_hblank_effects_manager.o
                0x0800ab48                bn::hblank_effects_manager::init()
 .text.startup._GLOBAL__sub_I__ZN2bn4hbes10used_countEv
                0x0800acd8       0xe8 bn_hblank_effects_manager.o
 .text._ZN2bn12hdma_manager4initEv
                0x0800adc0       0x40 bn_hdma_manager.o
                0x0800adc0                bn::hdma_manager::init()
 .text._ZN2bn12hdma_manager10force_stopEv
                0x0800ae00       0x3c bn_hdma_manager.o
                0x0800ae00                bn::hdma_manager::force_stop()
 .text._ZN2bn12hdma_manager7disableEv
                0x0800ae3c       0x30 bn_hdma_manager.o
                0x0800ae3c                bn::hdma_manager::disable()
 .text._ZN2bn12hdma_manager6updateEv
                0x0800ae6c       0x6c bn_hdma_manager.o
                0x0800ae6c                bn::hdma_manager::update()
 .text._ZN2bn12hdma_manager6commitEb
                0x0800aed8      0x120 bn_hdma_manager.o
                0x0800aed8                bn::hdma_manager::commit(bool)
 .text.startup._GLOBAL__sub_I__ZN2bn4hdma7runningEv
                0x0800aff8       0x34 bn_hdma_manager.o
 .text._ZN2bn6keypad9a_pressedEv
                0x0800b02c       0x10 bn_keypad_manager.o
                0x0800b02c                bn::keypad::a_pressed()
 .text._ZN2bn6keypad9b_pressedEv
                0x0800b03c       0x10 bn_keypad_manager.o
                0x0800b03c                bn::keypad::b_pressed()
 .text._ZN2bn6keypad14select_pressedEv
                0x0800b04c       0x10 bn_keypad_manager.o
                0x0800b04c                bn::keypad::select_pressed()
 .text._ZN2bn6keypad6r_heldEv
                0x0800b05c       0x10 bn_keypad_manager.o
                0x0800b05c                bn::keypad::r_held()
 .text._ZN2bn14keypad_manager4stopEv
                0x0800b06c        0x4 bn_keypad_manager.o
                0x0800b06c                bn::keypad_manager::stop()
 .text._ZN2bn14keypad_manager6updateEv
                0x0800b070       0xa8 bn_keypad_manager.o
                0x0800b070                bn::keypad_manager::update()
 .text._ZN2bn14keypad_manager4initERKNS_11string_viewE
                0x0800b118       0x64 bn_keypad_manager.o
                0x0800b118                bn::keypad_manager::init(bn::string_view const&)
 .text._ZN3_bn6assert9show_argsIA16_cEEvPKcS4_S4_iRKT_
                0x0800b17c       0x48 bn_keypad_manager.o
                0x0800b17c                void _bn::assert::show_args<char [16]>(char const*, char const*, char const*, int, char const (&) [16])
 .text._ZN2bn12link_manager4initEv
                0x0800b1c4        0xc bn_link_manager.o
                0x0800b1c4                bn::link_manager::init()
 .text._ZN2bn12link_manager6activeEv
                0x0800b1d0        0xc bn_link_manager.o
                0x0800b1d0                bn::link_manager::active()
 .text._ZN2bn12link_manager7disableEv
                0x0800b1dc       0x18 bn_link_manager.o
                0x0800b1dc                bn::link_manager::disable()
 .text._ZN2bn14memory_manager12_GLOBAL__N_111static_dataD2Ev
                0x0800b1f4       0x10 bn_memory_manager.o
 .text._ZN2bn14memory_manager4initEv
                0x0800b204       0x2c bn_memory_manager.o
                0x0800b204                bn::memory_manager::init()
 .text.startup._GLOBAL__sub_I__Znwj
                0x0800b230       0x20 bn_memory_manager.o
 .text._ZN2bn16palettes_manager12_GLOBAL__N_111static_dataD2Ev
                0x0800b250        0x4 bn_palettes_manager.o
 .text._ZN2bn2hw8palettes9grayscaleEPKNS_5colorEiiPS2_.part.0
                0x0800b254       0x40 bn_palettes_manager.o
 .text._ZN2bn14bg_palette_ptrC2ERKS0_
                0x0800b294       0x2c bn_palettes_manager.o
                0x0800b294                bn::bg_palette_ptr::bg_palette_ptr(bn::bg_palette_ptr const&)
                0x0800b294                bn::bg_palette_ptr::bg_palette_ptr(bn::bg_palette_ptr const&)
 .text._ZNK2bn14bg_palette_ptr3bppEv
                0x0800b2c0       0x20 bn_palettes_manager.o
                0x0800b2c0                bn::bg_palette_ptr::bpp() const
 .text._ZN2bn18sprite_palette_ptrC2ERKS0_
                0x0800b2e0       0x1c bn_palettes_manager.o
                0x0800b2e0                bn::sprite_palette_ptr::sprite_palette_ptr(bn::sprite_palette_ptr const&)
                0x0800b2e0                bn::sprite_palette_ptr::sprite_palette_ptr(bn::sprite_palette_ptr const&)
 .text._ZNK2bn18sprite_palette_ptr3bppEv
                0x0800b2fc       0x1c bn_palettes_manager.o
                0x0800b2fc                bn::sprite_palette_ptr::bpp() const
 .text._ZNK2bn13palettes_bank10log_statusEv
                0x0800b318      0x17c bn_palettes_manager.o
                0x0800b318                bn::palettes_bank::log_status() const
 .text._ZN2bn13palettes_bank10find_bpp_4ERKNS_4spanIKNS_5colorEEEt
                0x0800b494      0x118 bn_palettes_manager.o
                0x0800b494                bn::palettes_bank::find_bpp_4(bn::span<bn::color const> const&, unsigned short)
 .text._ZNK2bn13palettes_bank20retrieve_commit_dataEv
                0x0800b5ac       0x4c bn_palettes_manager.o
                0x0800b5ac                bn::palettes_bank::retrieve_commit_data() const
 .text._ZN2bn13palettes_bank25_on_global_effect_updatedEb
                0x0800b5f8       0x80 bn_palettes_manager.o
                0x0800b5f8                bn::palettes_bank::_on_global_effect_updated(bool)
 .text._ZNK2bn13palettes_bank21_apply_global_effectsEiPNS_5colorE
                0x0800b678      0x13c bn_palettes_manager.o
                0x0800b678                bn::palettes_bank::_apply_global_effects(int, bn::color*) const
 .text._ZNK2bn13palettes_bank25fill_hblank_effect_colorsEPKNS_5colorEPt
                0x0800b7b4       0x30 bn_palettes_manager.o
                0x0800b7b4                bn::palettes_bank::fill_hblank_effect_colors(bn::color const*, unsigned short*) const
 .text._ZNK2bn13palettes_bank7palette13apply_effectsEiPNS_5colorE
                0x0800b7e4       0xbc bn_palettes_manager.o
                0x0800b7e4                bn::palettes_bank::palette::apply_effects(int, bn::color*) const
 .text._ZNK2bn13palettes_bank25fill_hblank_effect_colorsEiPKNS_5colorEPt
                0x0800b8a0       0x44 bn_palettes_manager.o
                0x0800b8a0                bn::palettes_bank::fill_hblank_effect_colors(int, bn::color const*, unsigned short*) const
 .text._ZN2bn13palettes_bank15_update_paletteEi
                0x0800b8e4       0x7c bn_palettes_manager.o
                0x0800b8e4                bn::palettes_bank::_update_palette(int)
 .text._ZN2bn13palettes_bank6updateEv
                0x0800b960      0x134 bn_palettes_manager.o
                0x0800b960                bn::palettes_bank::update()
 .text._ZN2bn13palettes_bankC2Ev
                0x0800ba94       0xd4 bn_palettes_manager.o
                0x0800ba94                bn::palettes_bank::palettes_bank()
                0x0800ba94                bn::palettes_bank::palettes_bank()
 .text._ZN2bn16palettes_manager4initERKNS_8optionalINS_5colorEEE
                0x0800bb68      0x184 bn_palettes_manager.o
                0x0800bb68                bn::palettes_manager::init(bn::optional<bn::color> const&)
 .text._ZN2bn16palettes_manager20sprite_palettes_bankEv
                0x0800bcec        0x8 bn_palettes_manager.o
                0x0800bcec                bn::palettes_manager::sprite_palettes_bank()
 .text._ZN2bn16palettes_manager16bg_palettes_bankEv
                0x0800bcf4        0x8 bn_palettes_manager.o
                0x0800bcf4                bn::palettes_manager::bg_palettes_bank()
 .text._ZN2bn16palettes_manager6updateEv
                0x0800bcfc       0x20 bn_palettes_manager.o
                0x0800bcfc                bn::palettes_manager::update()
 .text._ZN2bn16palettes_manager6commitEb
                0x0800bd1c      0x104 bn_palettes_manager.o
                0x0800bd1c                bn::palettes_manager::commit(bool)
 .text._ZN2bn16palettes_manager4stopEv
                0x0800be20       0x20 bn_palettes_manager.o
                0x0800be20                bn::palettes_manager::stop()
 .text._ZN3_bn6assert9show_argsIA35_cEEvPKcS4_S4_iRKT_
                0x0800be40       0x48 bn_palettes_manager.o
                0x0800be40                void _bn::assert::show_args<char [35]>(char const*, char const*, char const*, int, char const (&) [35])
 .text._ZN2bn13palettes_bank11colors_hashERKNS_4spanIKNS_5colorEEE
                0x0800be88       0x48 bn_palettes_manager.o
                0x0800be88                bn::palettes_bank::colors_hash(bn::span<bn::color const> const&)
 .text._ZN3_bn6assert9show_argsIJA43_ciA36_cA42_cEEEvPKcS6_S6_iDpRKT_
                0x0800bed0       0x64 bn_palettes_manager.o
                0x0800bed0                void _bn::assert::show_args<char [43], int, char [36], char [42]>(char const*, char const*, char const*, int, char const (&) [43], int const&, char const (&) [36], char const (&) [42])
 .text._ZN2bn13palettes_bank12create_bpp_8ERKNS_4spanIKNS_5colorEEENS_16compression_typeEb
                0x0800bf34      0x230 bn_palettes_manager.o
                0x0800bf34                bn::palettes_bank::create_bpp_8(bn::span<bn::color const> const&, bn::compression_type, bool)
 .text._ZN3_bn6assert9show_argsIA20_cN2bn7fixed_tILi12EEEEEvPKcS7_S7_iRKT_RKT0_
                0x0800c164       0x54 bn_palettes_manager.o
                0x0800c164                void _bn::assert::show_args<char [20], bn::fixed_t<12> >(char const*, char const*, char const*, int, char const (&) [20], bn::fixed_t<12> const&)
 .text._ZN2bn11bg_palettes8set_fadeENS_5colorENS_7fixed_tILi12EEE
                0x0800c1b8       0xa8 bn_palettes_manager.o
                0x0800c1b8                bn::bg_palettes::set_fade(bn::color, bn::fixed_t<12>)
 .text._ZN2bn15sprite_palettes8set_fadeENS_5colorENS_7fixed_tILi12EEE
                0x0800c260       0x9c bn_palettes_manager.o
                0x0800c260                bn::sprite_palettes::set_fade(bn::color, bn::fixed_t<12>)
 .text._ZNK2bn19sprite_palette_item10decompressENS_4spanINS_5colorEEE
                0x0800c2fc      0x16c bn_palettes_manager.o
                0x0800c2fc                bn::sprite_palette_item::decompress(bn::span<bn::color>) const
 .text._ZNK2bn15bg_palette_item10decompressENS_4spanINS_5colorEEE
                0x0800c468      0x16c bn_palettes_manager.o
                0x0800c468                bn::bg_palette_item::decompress(bn::span<bn::color>) const
 .text._ZN2bn13palettes_bank12create_bpp_4ERKNS_4spanIKNS_5colorEEEtb
                0x0800c5d4      0x284 bn_palettes_manager.o
                0x0800c5d4                bn::palettes_bank::create_bpp_4(bn::span<bn::color const> const&, unsigned short, bool)
 .text._ZN2bn12_GLOBAL__N_112_create_implERKNS_15bg_palette_itemEb
                0x0800c858       0x94 bn_palettes_manager.o
 .text._ZN2bn14bg_palette_ptr6createERKNS_15bg_palette_itemE
                0x0800c8ec       0x54 bn_palettes_manager.o
                0x0800c8ec                bn::bg_palette_ptr::create(bn::bg_palette_item const&)
 .text._ZNK2bn15bg_palette_item14create_paletteEv
                0x0800c940       0x10 bn_palettes_manager.o
                0x0800c940                bn::bg_palette_item::create_palette() const
 .text._ZN2bn12_GLOBAL__N_112_create_implERKNS_19sprite_palette_itemEb
                0x0800c950       0x7c bn_palettes_manager.o
 .text._ZNK2bn19sprite_palette_item14create_paletteEv
                0x0800c9cc       0x48 bn_palettes_manager.o
                0x0800c9cc                bn::sprite_palette_item::create_palette() const
 .text._ZN2bn14bg_palette_ptr10create_newERKNS_15bg_palette_itemE
                0x0800ca14       0xd0 bn_palettes_manager.o
                0x0800ca14                bn::bg_palette_ptr::create_new(bn::bg_palette_item const&)
 .text._ZNK2bn15bg_palette_item18create_new_paletteEv
                0x0800cae4       0x10 bn_palettes_manager.o
                0x0800cae4                bn::bg_palette_item::create_new_palette() const
 .text._ZN2bn14iunordered_mapItsNS_15identity_hasherENS_8equal_toItEEE5eraseERKNS4_14const_iteratorE.isra.0
                0x0800caf4      0x1b4 bn_palettes_manager.o
 .text._ZN2bn13palettes_bank15decrease_usagesEi
                0x0800cca8       0xd8 bn_palettes_manager.o
                0x0800cca8                bn::palettes_bank::decrease_usages(int)
 .text._ZN2bn14bg_palette_ptraSERKS0_
                0x0800cd80       0x4c bn_palettes_manager.o
                0x0800cd80                bn::bg_palette_ptr::operator=(bn::bg_palette_ptr const&)
 .text._ZN2bn14bg_palette_ptrD2Ev
                0x0800cdcc       0x20 bn_palettes_manager.o
                0x0800cdcc                bn::bg_palette_ptr::~bg_palette_ptr()
                0x0800cdcc                bn::bg_palette_ptr::~bg_palette_ptr()
 .text._ZN2bn18sprite_palette_ptrD2Ev
                0x0800cdec       0x20 bn_palettes_manager.o
                0x0800cdec                bn::sprite_palette_ptr::~sprite_palette_ptr()
                0x0800cdec                bn::sprite_palette_ptr::~sprite_palette_ptr()
 .text._ZN2bn14bg_palette_ptr4findERKNS_15bg_palette_itemE
                0x0800ce0c      0x11c bn_palettes_manager.o
                0x0800ce0c                bn::bg_palette_ptr::find(bn::bg_palette_item const&)
 .text._ZNK2bn15bg_palette_item12find_paletteEv
                0x0800cf28       0x10 bn_palettes_manager.o
                0x0800cf28                bn::bg_palette_item::find_palette() const
 .text.startup._GLOBAL__sub_I__ZN2bn11bg_palettes17used_colors_countEv
                0x0800cf38       0x34 bn_palettes_manager.o
 .text._ZN2bn26sprite_affine_mats_manager12_GLOBAL__N_119_sprite_double_sizeILi32ELi16EEEbiiiii
                0x0800cf6c       0x84 bn_sprite_affine_mats_manager.o
 .text._ZN2bn26sprite_affine_mats_manager12_GLOBAL__N_119_sprite_double_sizeILi16ELi32EEEbiiiii
                0x0800cff0       0x84 bn_sprite_affine_mats_manager.o
 .text._ZN2bn26sprite_affine_mats_manager12_GLOBAL__N_111static_dataD2Ev
                0x0800d074       0x3c bn_sprite_affine_mats_manager.o
 .text._ZNK2bn26sprite_affine_mats_manager12_GLOBAL__N_19item_type18sprite_double_sizeEiRKNS_17sprite_shape_sizeE.isra.0
                0x0800d0b0      0x1ac bn_sprite_affine_mats_manager.o
 .text._ZNK2bn21sprite_affine_mat_ptr15horizontal_flipEv
                0x0800d25c       0x18 bn_sprite_affine_mats_manager.o
                0x0800d25c                bn::sprite_affine_mat_ptr::horizontal_flip() const
 .text._ZNK2bn21sprite_affine_mat_ptr13vertical_flipEv
                0x0800d274       0x18 bn_sprite_affine_mats_manager.o
                0x0800d274                bn::sprite_affine_mat_ptr::vertical_flip() const
 .text._ZNK2bn21sprite_affine_mat_ptr16flipped_identityEv
                0x0800d28c       0x14 bn_sprite_affine_mats_manager.o
                0x0800d28c                bn::sprite_affine_mat_ptr::flipped_identity() const
 .text._ZN2bn26sprite_affine_mats_manager13attach_spriteEiRNS_24intrusive_list_node_typeE
                0x0800d2a0       0x2c bn_sprite_affine_mats_manager.o
                0x0800d2a0                bn::sprite_affine_mats_manager::attach_sprite(int, bn::intrusive_list_node_type&)
 .text._ZN2bn26sprite_affine_mats_manager18sprite_double_sizeEiRKNS_17sprite_shape_sizeE
                0x0800d2cc       0x4c bn_sprite_affine_mats_manager.o
                0x0800d2cc                bn::sprite_affine_mats_manager::sprite_double_size(int, bn::sprite_shape_size const&)
 .text._ZN2bn26sprite_affine_mats_manager20retrieve_commit_dataEv
                0x0800d318       0x38 bn_sprite_affine_mats_manager.o
                0x0800d318                bn::sprite_affine_mats_manager::retrieve_commit_data()
 .text._ZN3_bn6assert9show_argsIA37_cEEvPKcS4_S4_iRKT_
                0x0800d350       0x48 bn_sprite_affine_mats_manager.o
                0x0800d350                void _bn::assert::show_args<char [37]>(char const*, char const*, char const*, int, char const (&) [37])
 .text._ZN2bn26sprite_affine_mats_manager15decrease_usagesEi.part.0
                0x0800d398       0x70 bn_sprite_affine_mats_manager.o
 .text._ZN2bn21sprite_affine_mat_ptrD2Ev
                0x0800d408       0x34 bn_sprite_affine_mats_manager.o
                0x0800d408                bn::sprite_affine_mat_ptr::~sprite_affine_mat_ptr()
                0x0800d408                bn::sprite_affine_mat_ptr::~sprite_affine_mat_ptr()
 .text._ZN2bn26sprite_affine_mats_manager6updateEv
                0x0800d43c      0x2d0 bn_sprite_affine_mats_manager.o
                0x0800d43c                bn::sprite_affine_mats_manager::update()
 .text._ZN2bn26sprite_affine_mats_manager4initEPv
                0x0800d70c      0x108 bn_sprite_affine_mats_manager.o
                0x0800d70c                bn::sprite_affine_mats_manager::init(void*)
 .text._ZN2bn26sprite_affine_mats_manager14dettach_spriteEiRNS_24intrusive_list_node_typeE
                0x0800d814       0x50 bn_sprite_affine_mats_manager.o
                0x0800d814                bn::sprite_affine_mats_manager::dettach_sprite(int, bn::intrusive_list_node_type&)
 .text.startup._GLOBAL__sub_I__ZN2bn18sprite_affine_mats10used_countEv
                0x0800d864       0xb4 bn_sprite_affine_mats_manager.o
 .text._ZN2bn21sprite_text_generator5_initEv
                0x0800d918      0x180 bn_sprite_text_generator.o
                0x0800d918                bn::sprite_text_generator::_init()
 .text._ZN2bn21sprite_text_generatorC2ERKNS_11sprite_fontE
                0x0800da98       0x2c bn_sprite_text_generator.o
                0x0800da98                bn::sprite_text_generator::sprite_text_generator(bn::sprite_font const&)
                0x0800da98                bn::sprite_text_generator::sprite_text_generator(bn::sprite_font const&)
 .text._ZN3_bn6assert9show_argsIA54_cEEvPKcS4_S4_iRKT_
                0x0800dac4       0x48 bn_sprite_text_generator.o
                0x0800dac4                void _bn::assert::show_args<char [54]>(char const*, char const*, char const*, int, char const (&) [54])
 .text._ZN3_bn6assert9show_argsIJA25_ciA4_ctEEEvPKcS5_S5_iDpRKT_
                0x0800db0c       0x64 bn_sprite_text_generator.o
                0x0800db0c                void _bn::assert::show_args<char [25], int, char [4], unsigned short>(char const*, char const*, char const*, int, char const (&) [25], int const&, char const (&) [4], unsigned short const&)
 .text._ZN2bn14utf8_characterC2ERKc
                0x0800db70      0x140 bn_sprite_text_generator.o
                0x0800db70                bn::utf8_character::utf8_character(char const&)
                0x0800db70                bn::utf8_character::utf8_character(char const&)
 .text._ZN2bn12_GLOBAL__N_115_graphics_indexEcRKNS_23utf8_characters_map_refEPKcRi.part.0
                0x0800dcb0       0x8c bn_sprite_text_generator.o
 .text._ZN3_bn6assert9show_argsIJA20_ccA9_cN2bn11string_viewEA2_cEEEvPKcS8_S8_iDpRKT_
                0x0800dd3c       0x6c bn_sprite_text_generator.o
                0x0800dd3c                void _bn::assert::show_args<char [20], char, char [9], bn::string_view, char [2]>(char const*, char const*, char const*, int, char const (&) [20], char const&, char const (&) [9], bn::string_view const&, char const (&) [2])
 .text._ZNK2bn21sprite_text_generator5widthERKNS_11string_viewE
                0x0800dda8      0x244 bn_sprite_text_generator.o
                0x0800dda8                bn::sprite_text_generator::width(bn::string_view const&) const
 .text._ZN3_bn6assert9show_argsIA55_cEEvPKcS4_S4_iRKT_
                0x0800dfec       0x48 bn_sprite_text_generator.o
                0x0800dfec                void _bn::assert::show_args<char [55]>(char const*, char const*, char const*, int, char const (&) [55])
 .text._ZN2bn12_GLOBAL__N_120_build_sprite_assertILNS_11sprite_sizeE2EEEPNS_4tileERKNS_21sprite_text_generatorERKNS_18sprite_palette_ptrERKNS_13fixed_point_tILi12EEERNS_7ivectorINS_10sprite_ptrEEE
                0x0800e034      0x1bc bn_sprite_text_generator.o
 .text._ZN2bn12_GLOBAL__N_120_build_sprite_assertILNS_11sprite_sizeE1EEEPNS_4tileERKNS_21sprite_text_generatorERKNS_18sprite_palette_ptrERKNS_13fixed_point_tILi12EEERNS_7ivectorINS_10sprite_ptrEEE
                0x0800e1f0      0x1bc bn_sprite_text_generator.o
 .text._ZN2bn12_GLOBAL__N_19_generateILb0EEEbRKNS_21sprite_text_generatorERKNS_13fixed_point_tILi12EEERKNS_11string_viewERKNS_23utf8_characters_map_refEiibRNS_7ivectorINS_10sprite_ptrEEE.isra.0
                0x0800e3ac     0x11c0 bn_sprite_text_generator.o
 .text._ZNK2bn21sprite_text_generator8generateENS_7fixed_tILi12EEES2_RKNS_11string_viewERNS_7ivectorINS_10sprite_ptrEEE
                0x0800f56c       0x40 bn_sprite_text_generator.o
                0x0800f56c                bn::sprite_text_generator::generate(bn::fixed_t<12>, bn::fixed_t<12>, bn::string_view const&, bn::ivector<bn::sprite_ptr>&) const
 .text._ZNK2bn16sprite_tiles_ptr2idEv
                0x0800f5ac       0x18 bn_sprite_tiles_manager.o
                0x0800f5ac                bn::sprite_tiles_ptr::id() const
 .text._ZNK2bn16sprite_tiles_ptr11tiles_countEv
                0x0800f5c4       0x18 bn_sprite_tiles_manager.o
                0x0800f5c4                bn::sprite_tiles_ptr::tiles_count() const
 .text._ZN2bn20sprite_tiles_manager10log_statusEv
                0x0800f5dc      0x1ec bn_sprite_tiles_manager.o
                0x0800f5dc                bn::sprite_tiles_manager::log_status()
 .text._ZN2bn20sprite_tiles_manager19commit_uncompressedEb
                0x0800f7c8       0xdc bn_sprite_tiles_manager.o
                0x0800f7c8                bn::sprite_tiles_manager::commit_uncompressed(bool)
 .text._ZN3_bn6assert9show_argsIA27_chEEvPKcS4_S4_iRKT_RKT0_
                0x0800f8a4       0x54 bn_sprite_tiles_manager.o
                0x0800f8a4                void _bn::assert::show_args<char [27], unsigned char>(char const*, char const*, char const*, int, char const (&) [27], unsigned char const&)
 .text._ZN3_bn6assert9show_argsIJA44_cPKN2bn4tileEA4_cS6_EEEvPKcS9_S9_iDpRKT_
                0x0800f8f8       0x64 bn_sprite_tiles_manager.o
                0x0800f8f8                void _bn::assert::show_args<char [44], bn::tile const*, char [4], bn::tile const*>(char const*, char const*, char const*, int, char const (&) [44], bn::tile const* const&, char const (&) [4], bn::tile const* const&)
 .text._ZN3_bn6assert9show_argsIJA46_ciA4_cjEEEvPKcS5_S5_iDpRKT_
                0x0800f95c       0x64 bn_sprite_tiles_manager.o
                0x0800f95c                void _bn::assert::show_args<char [46], int, char [4], unsigned int>(char const*, char const*, char const*, int, char const (&) [46], int const&, char const (&) [4], unsigned int const&)
 .text._ZN2bn20sprite_tiles_manager12_GLOBAL__N_110_hw_commitEPKNS_4tileENS_16compression_typeEii
                0x0800f9c0       0x9c bn_sprite_tiles_manager.o
 .text._ZN2bn20sprite_tiles_manager17commit_compressedEv
                0x0800fa5c       0x68 bn_sprite_tiles_manager.o
                0x0800fa5c                bn::sprite_tiles_manager::commit_compressed()
 .text._ZN3_bn6assert9show_argsIJA28_cA15_cPKN2bn4tileEA16_ciA34_cNS4_11string_viewEEEEvPKcSC_SC_iDpRKT_
                0x0800fac4       0x7c bn_sprite_tiles_manager.o
                0x0800fac4                void _bn::assert::show_args<char [28], char [15], bn::tile const*, char [16], int, char [34], bn::string_view>(char const*, char const*, char const*, int, char const (&) [28], char const (&) [15], bn::tile const* const&, char const (&) [16], int const&, char const (&) [34], bn::string_view const&)
 .text._ZN3_bn6assert9show_argsIJA44_ciA34_cN2bn11string_viewEEEEvPKcS7_S7_iDpRKT_
                0x0800fb40       0x64 bn_sprite_tiles_manager.o
                0x0800fb40                void _bn::assert::show_args<char [44], int, char [34], bn::string_view>(char const*, char const*, char const*, int, char const (&) [44], int const&, char const (&) [34], bn::string_view const&)
 .text._ZN2bn20sprite_tiles_manager4initEv
                0x0800fba4      0x190 bn_sprite_tiles_manager.o
                0x0800fba4                bn::sprite_tiles_manager::init()
 .text._ZN2bn20sprite_tiles_manager12_GLOBAL__N_122_insert_to_commit_itemEiRNS1_9item_typeE.part.0
                0x0800fd34       0x6c bn_sprite_tiles_manager.o
 .text._ZN2bn20sprite_tiles_manager12_GLOBAL__N_117_insert_free_itemEiPt
                0x0800fda0       0xcc bn_sprite_tiles_manager.o
 .text._ZN2bn20sprite_tiles_manager12_GLOBAL__N_116_erase_free_itemEi
                0x0800fe6c       0xe4 bn_sprite_tiles_manager.o
 .text._ZN2bn20sprite_tiles_manager12_GLOBAL__N_121_erase_to_commit_itemEiRNS1_9item_typeE
                0x0800ff50      0x100 bn_sprite_tiles_manager.o
 .text._ZN2bn20sprite_tiles_manager15decrease_usagesEi
                0x08010050      0x134 bn_sprite_tiles_manager.o
                0x08010050                bn::sprite_tiles_manager::decrease_usages(int)
 .text._ZN2bn16sprite_tiles_ptrD2Ev
                0x08010184       0x18 bn_sprite_tiles_manager.o
                0x08010184                bn::sprite_tiles_ptr::~sprite_tiles_ptr()
                0x08010184                bn::sprite_tiles_ptr::~sprite_tiles_ptr()
 .text._ZN2bn20sprite_tiles_manager12_GLOBAL__N_110_find_implEPKNS_4tileENS_16compression_typeEi
                0x0801019c      0x28c bn_sprite_tiles_manager.o
 .text._ZN2bn20sprite_tiles_manager4vramEi
                0x08010428       0x4c bn_sprite_tiles_manager.o
                0x08010428                bn::sprite_tiles_manager::vram(int)
 .text._ZN2bn16sprite_tiles_ptr4vramEv
                0x08010474       0x14 bn_sprite_tiles_manager.o
                0x08010474                bn::sprite_tiles_ptr::vram()
 .text._ZN2bn14iunordered_mapIPKNS_4tileEiNS_4hashIS3_EENS_8equal_toIS3_EEE5eraseERKNS8_14const_iteratorE.isra.0
                0x08010488      0x1b4 bn_sprite_tiles_manager.o
 .text._ZN2bn20sprite_tiles_manager12_GLOBAL__N_112_create_itemEiPKNS_4tileENS_16compression_typeEib
                0x0801063c      0x268 bn_sprite_tiles_manager.o
 .text._ZN2bn20sprite_tiles_manager12_GLOBAL__N_114_allocate_implEi
                0x080108a4       0xf8 bn_sprite_tiles_manager.o
 .text._ZN2bn20sprite_tiles_manager8allocateEiNS_8bpp_modeE
                0x0801099c       0xc4 bn_sprite_tiles_manager.o
                0x0801099c                bn::sprite_tiles_manager::allocate(int, bn::bpp_mode)
 .text._ZN2bn16sprite_tiles_ptr8allocateEiNS_8bpp_modeE
                0x08010a60       0x18 bn_sprite_tiles_manager.o
                0x08010a60                bn::sprite_tiles_ptr::allocate(int, bn::bpp_mode)
 .text._ZN2bn20sprite_tiles_manager6updateEv
                0x08010a78      0x238 bn_sprite_tiles_manager.o
                0x08010a78                bn::sprite_tiles_manager::update()
 .text._ZN2bn20sprite_tiles_manager12_GLOBAL__N_112_create_implEPKNS_4tileENS_16compression_typeEi
                0x08010cb0      0x200 bn_sprite_tiles_manager.o
 .text._ZN2bn20sprite_tiles_manager6createERKNS_4spanIKNS_4tileEEENS_16compression_typeE
                0x08010eb0      0x140 bn_sprite_tiles_manager.o
                0x08010eb0                bn::sprite_tiles_manager::create(bn::span<bn::tile const> const&, bn::compression_type)
 .text._ZN2bn16sprite_tiles_ptr6createERKNS_17sprite_tiles_itemEi
                0x08010ff0       0xbc bn_sprite_tiles_manager.o
                0x08010ff0                bn::sprite_tiles_ptr::create(bn::sprite_tiles_item const&, int)
 .text._ZNK2bn17sprite_tiles_item12create_tilesEi
                0x080110ac       0xbc bn_sprite_tiles_manager.o
                0x080110ac                bn::sprite_tiles_item::create_tiles(int) const
 .text.startup._GLOBAL__sub_I__ZN2bn12sprite_tiles16used_tiles_countEv
                0x08011168      0x12c bn_sprite_tiles_manager.o
 .text._ZN2bn15sprites_manager12_GLOBAL__N_132_always_update_indexes_to_commitERKNS_20sprites_manager_itemE
                0x08011294       0x48 bn_sprites_manager.o
 .text._ZN2bn15sprites_manager12_GLOBAL__N_111static_dataD2Ev
                0x080112dc       0x44 bn_sprites_manager.o
 .text._ZN2bn13ostringstream11append_argsIiJA4_ciEEEvRKT_DpRKT0_.isra.0
                0x08011320       0x24 bn_sprites_manager.o
 .text._ZN2bn15sprites_manager12_GLOBAL__N_123_update_item_dimensionsERNS_20sprites_manager_itemE
                0x08011344       0xc8 bn_sprites_manager.o
 .text._ZN2bn15sprites_manager4initEv
                0x0801140c       0xd0 bn_sprites_manager.o
                0x0801140c                bn::sprites_manager::init()
 .text._ZN2bn15sprites_manager5hw_idEPv
                0x080114dc        0x8 bn_sprites_manager.o
                0x080114dc                bn::sprites_manager::hw_id(void*)
 .text._ZN2bn15sprites_manager5shapeEPv
                0x080114e4        0x8 bn_sprites_manager.o
                0x080114e4                bn::sprites_manager::shape(void*)
 .text._ZN2bn15sprites_manager4sizeEPv
                0x080114ec        0x8 bn_sprites_manager.o
                0x080114ec                bn::sprites_manager::size(void*)
 .text._ZN2bn15sprites_manager10shape_sizeEPv
                0x080114f4       0x14 bn_sprites_manager.o
                0x080114f4                bn::sprites_manager::shape_size(void*)
 .text._ZN2bn15sprites_manager11hw_positionEPv
                0x08011508        0x4 bn_sprites_manager.o
                0x08011508                bn::sprites_manager::hw_position(void*)
 .text._ZN2bn15sprites_manager9view_modeEPv
                0x0801150c        0xc bn_sprites_manager.o
                0x0801150c                bn::sprites_manager::view_mode(void*)
 .text._ZN2bn15sprites_manager10affine_matEPv
                0x08011518        0x4 bn_sprites_manager.o
                0x08011518                bn::sprites_manager::affine_mat(void*)
 .text._ZN2bn15sprites_manager39fill_hblank_effect_horizontal_positionsEPviPKNS_7fixed_tILi12EEEPt
                0x0801151c       0x44 bn_sprites_manager.o
                0x0801151c                bn::sprites_manager::fill_hblank_effect_horizontal_positions(void*, int, bn::fixed_t<12> const*, unsigned short*)
 .text._ZN2bn15sprites_manager37fill_hblank_effect_vertical_positionsEPviPKNS_7fixed_tILi12EEEPt
                0x08011560       0x44 bn_sprites_manager.o
                0x08011560                bn::sprites_manager::fill_hblank_effect_vertical_positions(void*, int, bn::fixed_t<12> const*, unsigned short*)
 .text._ZN2bn15sprites_manager35fill_hblank_effect_first_attributesEiNS_12sprite_shapeENS_8bpp_modeEiPKNS_23sprite_first_attributesEPt
                0x080115a4       0xdc bn_sprites_manager.o
                0x080115a4                bn::sprites_manager::fill_hblank_effect_first_attributes(int, bn::sprite_shape, bn::bpp_mode, int, bn::sprite_first_attributes const*, unsigned short*)
 .text._ZN2bn15sprites_manager44fill_hblank_effect_regular_second_attributesEPviNS_11sprite_sizeEPKNS_32sprite_regular_second_attributesEPt
                0x08011680       0x60 bn_sprites_manager.o
                0x08011680                bn::sprites_manager::fill_hblank_effect_regular_second_attributes(void*, int, bn::sprite_size, bn::sprite_regular_second_attributes const*, unsigned short*)
 .text._ZN2bn15sprites_manager43fill_hblank_effect_affine_second_attributesEPviNS_11sprite_sizeEPKNS_31sprite_affine_second_attributesEPt
                0x080116e0       0x58 bn_sprites_manager.o
                0x080116e0                bn::sprites_manager::fill_hblank_effect_affine_second_attributes(void*, int, bn::sprite_size, bn::sprite_affine_second_attributes const*, unsigned short*)
 .text._ZN2bn15sprites_manager14update_camerasEv
                0x08011738       0x20 bn_sprites_manager.o
                0x08011738                bn::sprites_manager::update_cameras()
 .text._ZN2bn15sprites_manager23update_auto_double_sizeEPv
                0x08011758       0x2c bn_sprites_manager.o
                0x08011758                bn::sprites_manager::update_auto_double_size(void*)
 .text._ZN2bn15sprites_manager6commitEb
                0x08011784       0xa4 bn_sprites_manager.o
                0x08011784                bn::sprites_manager::commit(bool)
 .text._ZNK2bn17sprite_shape_size11tiles_countENS_8bpp_modeE.isra.0
                0x08011828      0x150 bn_sprites_manager.o
 .text._ZN2bn15sprites_manager12_GLOBAL__N_118_remove_affine_matERNS_20sprites_manager_itemE
                0x08011978       0xe4 bn_sprites_manager.o
 .text._ZN2bn15sprites_manager42remove_identity_affine_mat_when_not_neededEPv
                0x08011a5c        0xc bn_sprites_manager.o
                0x08011a5c                bn::sprites_manager::remove_identity_affine_mat_when_not_needed(void*)
 .text._ZN2bn14sprite_builder15release_paletteEv
                0x08011a68       0x78 bn_sprites_manager.o
                0x08011a68                bn::sprite_builder::release_palette()
 .text._ZN2bn14sprite_builder13release_tilesEv
                0x08011ae0       0x78 bn_sprites_manager.o
                0x08011ae0                bn::sprite_builder::release_tiles()
 .text._ZN2bn15sprites_manager7paletteEPv
                0x08011b58       0x34 bn_sprites_manager.o
                0x08011b58                bn::sprites_manager::palette(void*)
 .text._ZN2bn20sprites_manager_item13_builder_initERKNS_14sprite_builderE
                0x08011b8c      0x350 bn_sprites_manager.o
                0x08011b8c                bn::sprites_manager_item::_builder_init(bn::sprite_builder const&)
 .text._ZN2bn14sprite_builder11set_z_orderEi
                0x08011edc       0x48 bn_sprites_manager.o
                0x08011edc                bn::sprite_builder::set_z_order(int)
 .text._ZN2bn14sprite_builderC2ERKNS_17sprite_shape_sizeENS_16sprite_tiles_ptrENS_18sprite_palette_ptrE
                0x08011f24      0x120 bn_sprites_manager.o
                0x08011f24                bn::sprite_builder::sprite_builder(bn::sprite_shape_size const&, bn::sprite_tiles_ptr, bn::sprite_palette_ptr)
                0x08011f24                bn::sprite_builder::sprite_builder(bn::sprite_shape_size const&, bn::sprite_tiles_ptr, bn::sprite_palette_ptr)
 .text._ZN2bn14sprite_builder15set_bg_priorityEi
                0x08012044       0x38 bn_sprites_manager.o
                0x08012044                bn::sprite_builder::set_bg_priority(int)
 .text._ZN2bn15sprites_manager6updateEv
                0x0801207c      0x158 bn_sprites_manager.o
                0x0801207c                bn::sprites_manager::update()
 .text._ZN3_bn6assert9show_argsIJA27_ciA4_ciEEEvPKcS5_S5_iDpRKT_
                0x080121d4       0x58 bn_sprites_manager.o
                0x080121d4                void _bn::assert::show_args<char [27], int, char [4], int>(char const*, char const*, char const*, int, char const (&) [27], int const&, char const (&) [4], int const&)
 .text._ZN2bn15sprites_manager35fill_hblank_effect_third_attributesENS_17sprite_shape_sizeEPKNS_23sprite_third_attributesEPt
                0x0801222c       0xc4 bn_sprites_manager.o
                0x0801222c                bn::sprites_manager::fill_hblank_effect_third_attributes(bn::sprite_shape_size, bn::sprite_third_attributes const*, unsigned short*)
 .text._ZN2bn14sorted_sprites6sorter6insertERNS_20sprites_manager_itemE
                0x080122f0      0x170 bn_sprites_manager.o
                0x080122f0                bn::sorted_sprites::sorter::insert(bn::sprites_manager_item&)
 .text._ZN2bn15sprites_manager6createEONS_14sprite_builderE
                0x08012460      0x180 bn_sprites_manager.o
                0x08012460                bn::sprites_manager::create(bn::sprite_builder&&)
 .text._ZN2bn10sprite_ptr6createEONS_14sprite_builderE
                0x080125e0       0x14 bn_sprites_manager.o
                0x080125e0                bn::sprite_ptr::create(bn::sprite_builder&&)
 .text._ZN2bn15sprites_manager15decrease_usagesEPv
                0x080125f4      0x180 bn_sprites_manager.o
                0x080125f4                bn::sprites_manager::decrease_usages(void*)
 .text._ZN2bn10sprite_ptrD2Ev
                0x08012774       0x18 bn_sprites_manager.o
                0x08012774                bn::sprite_ptr::~sprite_ptr()
                0x08012774                bn::sprite_ptr::~sprite_ptr()
 .text.startup._GLOBAL__sub_I__ZN2bn7sprites16used_items_countEv
                0x0801278c       0xac bn_sprites_manager.o
 .text._ZN2bn13ostringstreamC2ERNS_12istring_baseE
                0x08012838        0x8 bn_sstream.o
                0x08012838                bn::ostringstream::ostringstream(bn::istring_base&)
                0x08012838                bn::ostringstream::ostringstream(bn::istring_base&)
 .text._ZNK2bn13ostringstream4sizeEv
                0x08012840        0x8 bn_sstream.o
                0x08012840                bn::ostringstream::size() const
 .text._ZN2bn13ostringstream6appendEPKc
                0x08012848       0x94 bn_sstream.o
                0x08012848                bn::ostringstream::append(char const*)
 .text._ZN2bn13ostringstream6appendEi
                0x080128dc       0xb0 bn_sstream.o
                0x080128dc                bn::ostringstream::append(int)
 .text._ZN2bn13ostringstream6appendERKNS_11string_viewE
                0x0801298c       0x9c bn_sstream.o
                0x0801298c                bn::ostringstream::append(bn::string_view const&)
 .text._ZN2bn13ostringstream6appendEj
                0x08012a28       0xb0 bn_sstream.o
                0x08012a28                bn::ostringstream::append(unsigned int)
 .text._ZN2bn13ostringstream6appendEPKv
                0x08012ad8      0x100 bn_sstream.o
                0x08012ad8                bn::ostringstream::append(void const*)
 .text._ZN2bn13ostringstream16_append_fractionEji
                0x08012bd8      0x114 bn_sstream.o
                0x08012bd8                bn::ostringstream::_append_fraction(unsigned int, int)
 .text._ZN2bn13ostringstream6appendEc
                0x08012cec       0x44 bn_sstream.o
                0x08012cec                bn::ostringstream::append(char)
 .text._ZN2bn18igeneric_pool_baseC2EPci
                0x08012d30       0x10 bn_translation_unit.o
                0x08012d30                bn::igeneric_pool_base::igeneric_pool_base(char*, int)
                0x08012d30                bn::igeneric_pool_base::igeneric_pool_base(char*, int)
 .text._ZN2bn18igeneric_pool_base5_freeEPc
                0x08012d40       0x10 bn_translation_unit.o
                0x08012d40                bn::igeneric_pool_base::_free(char*)
 .text._ZN2bn5timerC2Ev
                0x08012d50       0x24 bn_translation_unit.o
                0x08012d50                bn::timer::timer()
                0x08012d50                bn::timer::timer()
 .text._ZNK2bn5timer13elapsed_ticksEv
                0x08012d74       0x3c bn_translation_unit.o
                0x08012d74                bn::timer::elapsed_ticks() const
 .text._ZN2bn5timer7restartEv
                0x08012db0       0x24 bn_translation_unit.o
                0x08012db0                bn::timer::restart()
 .text._ZN2bn3logERKNS_12istring_baseE
                0x08012dd4       0x58 bn_translation_unit.o
                0x08012dd4                bn::log(bn::istring_base const&)
 .text._ZN2bn18igeneric_pool_baseD2Ev
                0x08012e2c       0x30 bn_translation_unit.o
                0x08012e2c                bn::igeneric_pool_base::~igeneric_pool_base()
                0x08012e2c                bn::igeneric_pool_base::~igeneric_pool_base()
 .text._ZN2bn18igeneric_pool_base9_allocateEv
                0x08012e5c       0x48 bn_translation_unit.o
                0x08012e5c                bn::igeneric_pool_base::_allocate()
 .text._ZN2bn2hw5audio12_GLOBAL__N_111static_dataD2Ev
                0x08012ea4       0x18 bn_hw_audio.o
 .text._ZN2bn2hw5audio12_GLOBAL__N_17_commitEv
                0x08012ebc       0x48 bn_hw_audio.o
 .text._ZN2bn2hw5audio12_GLOBAL__N_115_vblank_handlerEv
                0x08012f04       0x24 bn_hw_audio.o
 .text._ZN2bn2hw5audio4initEv
                0x08012f28       0x9c bn_hw_audio.o
                0x08012f28                bn::hw::audio::init()
 .text._ZN2bn2hw5audio7disableEv
                0x08012fc4       0x34 bn_hw_audio.o
                0x08012fc4                bn::hw::audio::disable()
 .text._ZN2bn2hw5audio13music_playingEv
                0x08012ff8       0x20 bn_hw_audio.o
                0x08012ff8                bn::hw::audio::music_playing()
 .text._ZN2bn2hw5audio10play_musicEib
                0x08013018       0x1c bn_hw_audio.o
                0x08013018                bn::hw::audio::play_music(int, bool)
 .text._ZN2bn2hw5audio10stop_musicEv
                0x08013034       0x18 bn_hw_audio.o
                0x08013034                bn::hw::audio::stop_music()
 .text._ZN2bn2hw5audio11pause_musicEv
                0x0801304c       0x18 bn_hw_audio.o
                0x0801304c                bn::hw::audio::pause_music()
 .text._ZN2bn2hw5audio12resume_musicEv
                0x08013064       0x18 bn_hw_audio.o
                0x08013064                bn::hw::audio::resume_music()
 .text._ZN2bn2hw5audio17dmg_music_playingEv
                0x0801307c       0x2c bn_hw_audio.o
                0x0801307c                bn::hw::audio::dmg_music_playing()
 .text._ZN2bn2hw5audio14stop_dmg_musicEv
                0x080130a8       0x28 bn_hw_audio.o
                0x080130a8                bn::hw::audio::stop_dmg_music()
 .text._ZN2bn2hw5audio15pause_dmg_musicEv
                0x080130d0       0x28 bn_hw_audio.o
                0x080130d0                bn::hw::audio::pause_dmg_music()
 .text._ZN2bn2hw5audio16resume_dmg_musicEv
                0x080130f8       0x28 bn_hw_audio.o
                0x080130f8                bn::hw::audio::resume_dmg_music()
 .text._ZN2bn2hw5audio18dmg_music_positionERiS2_
                0x08013120       0x2c bn_hw_audio.o
                0x08013120                bn::hw::audio::dmg_music_position(int&, int&)
 .text._ZN2bn2hw5audio6updateEv
                0x0801314c       0x14 bn_hw_audio.o
                0x0801314c                bn::hw::audio::update()
 .text._ZN3_bn6assert9show_argsIA47_ciEEvPKcS4_S4_iRKT_RKT0_
                0x08013160       0x54 bn_hw_audio.o
                0x08013160                void _bn::assert::show_args<char [47], int>(char const*, char const*, char const*, int, char const (&) [47], int const&)
 .text._ZN2bn2hw5audio14play_dmg_musicEPKvNS_14dmg_music_typeEib
                0x080131b4       0x8c bn_hw_audio.o
                0x080131b4                bn::hw::audio::play_dmg_music(void const*, bn::dmg_music_type, int, bool)
 .text._ZN2bn2hw5audio22set_dmg_music_positionEii
                0x08013240       0x54 bn_hw_audio.o
                0x08013240                bn::hw::audio::set_dmg_music_position(int, int)
 .text._ZN2bn2hw5audio20set_dmg_music_volumeEii
                0x08013294       0x40 bn_hw_audio.o
                0x08013294                bn::hw::audio::set_dmg_music_volume(int, int)
 .text._ZN3_bn6assert9show_argsIA20_cjEEvPKcS4_S4_iRKT_RKT0_
                0x080132d4       0x54 bn_hw_audio.o
                0x080132d4                void _bn::assert::show_args<char [20], unsigned int>(char const*, char const*, char const*, int, char const (&) [20], unsigned int const&)
 .text._ZN2bn2hw5audio6commitEv
                0x08013328       0x58 bn_hw_audio.o
                0x08013328                bn::hw::audio::commit()
 .text._ZN2bn2hw5audio12_GLOBAL__N_119_add_sound_to_queueEit
                0x08013380       0xa0 bn_hw_audio.o
 .text._ZN2bn2hw5audio12_GLOBAL__N_123_erase_sound_from_queueEt
                0x08013420       0x90 bn_hw_audio.o
 .text._ZN2bn2hw5audio10stop_soundEt
                0x080134b0       0x20 bn_hw_audio.o
                0x080134b0                bn::hw::audio::stop_sound(unsigned short)
 .text._ZN2bn2hw5audio13release_soundEt
                0x080134d0       0x20 bn_hw_audio.o
                0x080134d0                bn::hw::audio::release_sound(unsigned short)
 .text._ZN2bn2hw5audio15stop_all_soundsEv
                0x080134f0       0x68 bn_hw_audio.o
                0x080134f0                bn::hw::audio::stop_all_sounds()
 .text._ZN2bn2hw5audio12_GLOBAL__N_119_check_sounds_queueEv.part.0
                0x08013558       0x98 bn_hw_audio.o