Archive member included to satisfy reference by file (symbol)

G:/devkitPro/devkitARM/bin/../lib/gcc/arm-none-eabi/14.1.0/thumb\libgcc.a(_call_via_rX.o)
                              mm_main_gba.o (_call_via_r1)
G:/devkitPro/devkitARM/bin/../lib/gcc/arm-none-eabi/14.1.0/thumb\libgcc.a(_aeabi_ldivmod.o)
                              bn_hw_text.o (__aeabi_ldivmod)
G:/devkitPro/devkitARM/bin/../lib/gcc/arm-none-eabi/14.1.0/thumb\libgcc.a(_aeabi_uldivmod.o)
                              bn_hw_text.o (__aeabi_uldivmod)
G:/devkitPro/devkitARM/bin/../lib/gcc/arm-none-eabi/14.1.0/thumb\libgcc.a(_sync_none.o)
                              (__sync_synchronize_none)
G:/devkitPro/devkitARM/bin/../lib/gcc/arm-none-eabi/14.1.0/thumb\libgcc.a(_udivmoddi4.o)
                              G:/devkitPro/devkitARM/bin/../lib/gcc/arm-none-eabi/14.1.0/thumb\libgcc.a(_aeabi_ldivmod.o) (__udivmoddi4)

Discarded input sections

 .text          0x00000000        0x0 G:/devkitPro/devkitARM/bin/../lib/gcc/arm-none-eabi/14.1.0/../../../../arm-none-eabi/lib/thumb/gba_crt0.o
 .data          0x00000000        0x0 G:/devkitPro/devkitARM/bin/../lib/gcc/arm-none-eabi/14.1.0/../../../../arm-none-eabi/lib/thumb/gba_crt0.o
 .bss           0x00000000        0x0 G:/devkitPro/devkitARM/bin/../lib/gcc/arm-none-eabi/14.1.0/../../../../arm-none-eabi/lib/thumb/gba_crt0.o
 .text          0x00000000        0x0 G:/devkitPro/devkitARM/bin/../lib/gcc/arm-none-eabi/14.1.0/thumb/crti.o
 .data          0x00000000        0x0 G:/devkitPro/devkitARM/bin/../lib/gcc/arm-none-eabi/14.1.0/thumb/crti.o
 .bss           0x00000000        0x0 G:/devkitPro/devkitARM/bin/../lib/gcc/arm-none-eabi/14.1.0/thumb/crti.o
 .text          0x00000000        0x0 G:/devkitPro/devkitARM/bin/../lib/gcc/arm-none-eabi/14.1.0/thumb/crtbegin.o
 .data          0x00000000        0x0 G:/devkitPro/devkitARM/bin/../lib/gcc/arm-none-eabi/14.1.0/thumb/crtbegin.o
 .bss           0x00000000        0x0 G:/devkitPro/devkitARM/bin/../lib/gcc/arm-none-eabi/14.1.0/thumb/crtbegin.o
 .rodata.all_implied_fbits
                0x00000000       0x24 G:/devkitPro/devkitARM/bin/../lib/gcc/arm-none-eabi/14.1.0/thumb/crtbegin.o
 .text          0x00000000        0x0 _bn_audio_soundbank.bin.o
 .data          0x00000000        0x0 _bn_audio_soundbank.bin.o
 .bss           0x00000000        0x0 _bn_audio_soundbank.bin.o
 .text          0x00000000        0x0 bg01_bn_gfx.o
 .data          0x00000000        0x0 bg01_bn_gfx.o
 .bss           0x00000000        0x0 bg01_bn_gfx.o
 .text          0x00000000        0x0 bg02_bn_gfx.o
 .data          0x00000000        0x0 bg02_bn_gfx.o
 .bss           0x00000000        0x0 bg02_bn_gfx.o
 .text          0x00000000        0x0 common_fixed_8x16_font_bn_gfx.o
 .data          0x00000000        0x0 common_fixed_8x16_font_bn_gfx.o
 .bss           0x00000000        0x0 common_fixed_8x16_font_bn_gfx.o
 .text          0x00000000        0x0 ctc_bn_gfx.o
 .data          0x00000000        0x0 ctc_bn_gfx.o
 .bss           0x00000000        0x0 ctc_bn_gfx.o
 .text          0x00000000        0x0 fade_screen_bn_gfx.o
 .data          0x00000000        0x0 fade_screen_bn_gfx.o
 .bss           0x00000000        0x0 fade_screen_bn_gfx.o
 .rodata        0x00000000      0x860 fade_screen_bn_gfx.o
 .text          0x00000000        0x0 fastforward_bn_gfx.o
 .data          0x00000000        0x0 fastforward_bn_gfx.o
 .bss           0x00000000        0x0 fastforward_bn_gfx.o
 .text          0x00000000        0x0 kuro_bn_gfx.o
 .data          0x00000000        0x0 kuro_bn_gfx.o
 .bss           0x00000000        0x0 kuro_bn_gfx.o
 .text          0x00000000        0x0 sp01_bn_gfx.o
 .data          0x00000000        0x0 sp01_bn_gfx.o
 .bss           0x00000000        0x0 sp01_bn_gfx.o
 .text          0x00000000        0x0 sp01_fade_01_bn_gfx.o
 .data          0x00000000        0x0 sp01_fade_01_bn_gfx.o
 .bss           0x00000000        0x0 sp01_fade_01_bn_gfx.o
 .text          0x00000000        0x0 sp01_fade_02_bn_gfx.o
 .data          0x00000000        0x0 sp01_fade_02_bn_gfx.o
 .bss           0x00000000        0x0 sp01_fade_02_bn_gfx.o
 .text          0x00000000        0x0 sp01_fade_03_bn_gfx.o
 .data          0x00000000        0x0 sp01_fade_03_bn_gfx.o
 .bss           0x00000000        0x0 sp01_fade_03_bn_gfx.o
 .text          0x00000000        0x0 sp02_bn_gfx.o
 .data          0x00000000        0x0 sp02_bn_gfx.o
 .bss           0x00000000        0x0 sp02_bn_gfx.o
 .text          0x00000000        0x0 textbox_bn_gfx.o
 .data          0x00000000        0x0 textbox_bn_gfx.o
 .bss           0x00000000        0x0 textbox_bn_gfx.o
 .text          0x00000000        0x0 textbox2_bn_gfx.o
 .data          0x00000000        0x0 textbox2_bn_gfx.o
 .bss           0x00000000        0x0 textbox2_bn_gfx.o
 .rodata        0x00000000      0x9c0 textbox2_bn_gfx.o
 .group         0x00000000        0xc main.o
 .group         0x00000000        0xc main.o
 .group         0x00000000        0xc main.o
[...]
Memory Configuration

Name             Origin             Length             Attributes
rom              0x08000000         0x02000000
iwram            0x03000000         0x00008000
ewram            0x02000000         0x00040000
*default*        0x00000000         0xffffffff

Linker script and memory map

                0x00000000                        __sync_synchronize = __sync_synchronize_none
                0x08000000                        __text_start = ORIGIN (rom)
                0x02040000                        __eheap_end = (ORIGIN (ewram) + LENGTH (ewram))
                0x03000000                        __iwram_start = ORIGIN (iwram)
                0x03008000                        __iwram_top = (ORIGIN (iwram) + LENGTH (iwram))
                0x03007fa0                        __sp_irq = (__iwram_top - 0x60)
                0x03007f00                        __sp_usr = (__sp_irq - 0xa0)
                0x03007ff8                        __irq_flags = 0x3007ff8
                0x08000000                        . = __text_start

.crt0           0x08000000      0x210
 *(.crt0)
 .crt0          0x08000000      0x210 G:/devkitPro/devkitARM/bin/../lib/gcc/arm-none-eabi/14.1.0/../../../../arm-none-eabi/lib/thumb/gba_crt0.o
                0x08000000                _start
                0x080000c4                __boot_method
                0x080000c5                __slave_number
                0x080000e0                start_vector
                0x08000210                        . = ALIGN (0x4)

.init           0x08000210        0xc
 *(SORT_NONE(.init))
 .init          0x08000210        0x4 G:/devkitPro/devkitARM/bin/../lib/gcc/arm-none-eabi/14.1.0/thumb/crti.o
                0x08000210                _init
 .init          0x08000214        0x8 G:/devkitPro/devkitARM/bin/../lib/gcc/arm-none-eabi/14.1.0/thumb/crtn.o

.plt            0x0800021c        0x0
 *(.plt)
                0x0800021c                        . = ALIGN (0x4)

.text           0x08000220    0x18b70
 *(EXCLUDE_FILE(*.iwram*) .text*)
 .text.__do_global_dtors_aux
                0x08000220       0x2c G:/devkitPro/devkitARM/bin/../lib/gcc/arm-none-eabi/14.1.0/thumb/crtbegin.o
 .text.frame_dummy
                0x0800024c       0x24 G:/devkitPro/devkitARM/bin/../lib/gcc/arm-none-eabi/14.1.0/thumb/crtbegin.o
 .text._ZN4fade7in_fastEv
                0x08000270       0xb0 main.o
                0x08000270                fade::in_fast()
 .text._ZN4fade8out_fastEv
                0x08000320       0x94 main.o
                0x08000320                fade::out_fast()
 .text._ZN4fade6in_medEv
                0x080003b4      0x164 main.o
                0x080003b4                fade::in_med()
 .text._ZN4fade7out_medEv
                0x08000518      0x148 main.o
                0x08000518                fade::out_med()
 .text._ZN4fade7in_slowEv
                0x08000660      0x2a0 main.o
                0x08000660                fade::in_slow()
 .text._ZN4fade8out_slowEv
                0x08000900      0x284 main.o
                0x08000900                fade::out_slow()
 .text._ZN5fader7sp01_inERN2bn14regular_bg_ptrES2_
                0x08000b84       0x84 main.o
                0x08000b84                fader::sp01_in(bn::regular_bg_ptr&, bn::regular_bg_ptr&)
 .text._ZN6panner13left_to_rightERN2bn14regular_bg_ptrE
                0x08000c08       0x40 main.o
                0x08000c08                panner::left_to_right(bn::regular_bg_ptr&)
 .text._ZN6panner13top_to_bottomERN2bn14regular_bg_ptrE
                0x08000c48       0x44 main.o
                0x08000c48                panner::top_to_bottom(bn::regular_bg_ptr&)
 .text._ZN3_bn6assert9show_argsIJA19_ciA4_ciEEEvPKcS5_S5_iDpRKT_
                0x08000c8c       0x64 main.o
                0x08000c8c                void _bn::assert::show_args<char [19], int, char [4], int>(char const*, char const*, char const*, int, char const (&) [19], int const&, char const (&) [4], int const&)
 .text._ZN6texter8dialogueERKN2bn4spanIKNS0_11string_viewEEEiRNS0_14regular_bg_ptrES8_S8_RNS0_11rect_windowESA_RNS0_21sprite_text_generatorE
                0x08000cf0      0x800 main.o
                0x08000cf0                texter::dialogue(bn::span<bn::string_view const> const&, int, bn::regular_bg_ptr&, bn::regular_bg_ptr&, bn::regular_bg_ptr&, bn::rect_window&, bn::rect_window&, bn::sprite_text_generator&)
 .text.startup.main
                0x080014f0      0x388 main.o
                0x080014f0                main
 .text._ZN2bn13ostringstream11append_argsIiJA4_ciEEEvRKT_DpRKT0_.isra.0
                0x08001878       0x24 bn_affine_bg_animate_actions.o
 .text._ZN3_bn6assert9show_argsIJA16_ciA4_ciEEEvPKcS5_S5_iDpRKT_
                0x0800189c       0x58 bn_affine_bg_animate_actions.o
                0x0800189c                void _bn::assert::show_args<char [16], int, char [4], int>(char const*, char const*, char const*, int, char const (&) [16], int const&, char const (&) [4], int const&)
 .text._ZN3_bn6assert9show_argsIA15_cEEvPKcS4_S4_iRKT_
                0x080018f4       0x48 bn_affine_bg_animate_actions.o
                0x080018f4                void _bn::assert::show_args<char [15]>(char const*, char const*, char const*, int, char const (&) [15])
 .text._ZN3_bn6assert9show_argsIA23_ciEEvPKcS4_S4_iRKT_RKT0_
                0x0800193c       0x54 bn_affine_bg_animate_actions.o
                0x0800193c                void _bn::assert::show_args<char [23], int>(char const*, char const*, char const*, int, char const (&) [23], int const&)
 .text._ZN3_bn6assert9show_argsIA24_ciEEvPKcS4_S4_iRKT_RKT0_
                0x08001990       0x54 bn_affine_bg_animate_actions.o
                0x08001990                void _bn::assert::show_args<char [24], int>(char const*, char const*, char const*, int, char const (&) [24], int const&)
 .text._ZN3_bn6assert9show_argsIA28_ciEEvPKcS4_S4_iRKT_RKT0_
                0x080019e4       0x54 bn_affine_bg_animate_actions.o
                0x080019e4                void _bn::assert::show_args<char [28], int>(char const*, char const*, char const*, int, char const (&) [28], int const&)
 .text._ZN2bn13audio_manager12_GLOBAL__N_111static_dataD2Ev
                0x08001a38        0x4 bn_audio_manager.o
 .text._ZN2bn13audio_manager4initEv
                0x08001a3c       0x48 bn_audio_manager.o
                0x08001a3c                bn::audio_manager::init()
 .text._ZN2bn13audio_manager7disableEv
                0x08001a84        0xc bn_audio_manager.o
                0x08001a84                bn::audio_manager::disable()
 .text._ZN2bn13audio_manager10sound_dataEt
                0x08001a90       0x64 bn_audio_manager.o
                0x08001a90                bn::audio_manager::sound_data(unsigned short)
 .text._ZN2bn13audio_manager6updateEv
                0x08001af4        0xc bn_audio_manager.o
                0x08001af4                bn::audio_manager::update()
 .text._ZN2bn13audio_manager6commitEv
                0x08001b00        0xc bn_audio_manager.o
                0x08001b00                bn::audio_manager::commit()
 .text._ZN2bn13audio_manager4stopEv
                0x08001b0c       0x6c bn_audio_manager.o
                0x08001b0c                bn::audio_manager::stop()
 .text._ZN3_bn6assert9show_argsIA18_ciEEvPKcS4_S4_iRKT_RKT0_
                0x08001b78       0x54 bn_audio_manager.o
                0x08001b78                void _bn::assert::show_args<char [18], int>(char const*, char const*, char const*, int, char const (&) [18], int const&)
 .text._ZN3_bn6assert9show_argsIA14_ciEEvPKcS4_S4_iRKT_RKT0_
                0x08001bcc       0x54 bn_audio_manager.o
                0x08001bcc                void _bn::assert::show_args<char [14], int>(char const*, char const*, char const*, int, char const (&) [14], int const&)
 .text._ZN3_bn6assert9show_argsIA26_ciEEvPKcS4_S4_iRKT_RKT0_
                0x08001c20       0x54 bn_audio_manager.o
                0x08001c20                void _bn::assert::show_args<char [26], int>(char const*, char const*, char const*, int, char const (&) [26], int const&)
 .text._ZN3_bn6assert9show_argsIA33_cEEvPKcS4_S4_iRKT_
                0x08001c74       0x48 bn_audio_manager.o
                0x08001c74                void _bn::assert::show_args<char [33]>(char const*, char const*, char const*, int, char const (&) [33])
 .text._ZN3_bn6assert9show_argsIA25_cEEvPKcS4_S4_iRKT_
                0x08001cbc       0x48 bn_audio_manager.o
                0x08001cbc                void _bn::assert::show_args<char [25]>(char const*, char const*, char const*, int, char const (&) [25])
 .text._ZN3_bn6assert9show_argsIA24_cEEvPKcS4_S4_iRKT_
                0x08001d04       0x48 bn_audio_manager.o
                0x08001d04                void _bn::assert::show_args<char [24]>(char const*, char const*, char const*, int, char const (&) [24])
 .text._ZN3_bn6assert9show_argsIA26_cEEvPKcS4_S4_iRKT_
                0x08001d4c       0x48 bn_audio_manager.o
                0x08001d4c                void _bn::assert::show_args<char [26]>(char const*, char const*, char const*, int, char const (&) [26])
 .text._ZN2bn13ostringstream6appendILi12EEEvNS_7fixed_tIXT_EEE
                0x08001d94       0xa0 bn_audio_manager.o
                0x08001d94                void bn::ostringstream::append<12>(bn::fixed_t<12>)
 .text._ZN3_bn6assert9show_argsIA25_cN2bn7fixed_tILi12EEEEEvPKcS7_S7_iRKT_RKT0_
                0x08001e34       0x54 bn_audio_manager.o
                0x08001e34                void _bn::assert::show_args<char [25], bn::fixed_t<12> >(char const*, char const*, char const*, int, char const (&) [25], bn::fixed_t<12> const&)
 .text._ZNK2bn10music_item4playENS_7fixed_tILi12EEE
                0x08001e88       0xb8 bn_audio_manager.o
                0x08001e88                bn::music_item::play(bn::fixed_t<12>) const
 .text._ZN3_bn6assert9show_argsIA25_ciEEvPKcS4_S4_iRKT_RKT0_
                0x08001f40       0x54 bn_audio_manager.o
                0x08001f40                void _bn::assert::show_args<char [25], int>(char const*, char const*, char const*, int, char const (&) [25], int const&)
 .text._ZN2bn13audio_manager16execute_commandsEv
                0x08001f94      0x6a8 bn_audio_manager.o
                0x08001f94                bn::audio_manager::execute_commands()
 .text._ZN3_bn6assert9show_argsIA17_cEEvPKcS4_S4_iRKT_
                0x0800263c       0x48 bn_audio_manager.o
                0x0800263c                void _bn::assert::show_args<char [17]>(char const*, char const*, char const*, int, char const (&) [17])
 .text.startup._GLOBAL__sub_I__ZN2bn5audio16update_on_vblankEv
                0x08002684       0x98 bn_audio_manager.o
 .text._ZN3_bn6assert9show_argsIA23_cEEvPKcS4_S4_iRKT_
                0x0800271c       0x48 bn_best_fit_allocator.o
                0x0800271c                void _bn::assert::show_args<char [23]>(char const*, char const*, char const*, int, char const (&) [23])
 .text._ZN2bn18best_fit_allocatorD2Ev
                0x08002764       0x34 bn_best_fit_allocator.o
                0x08002764                bn::best_fit_allocator::~best_fit_allocator()
                0x08002764                bn::best_fit_allocator::~best_fit_allocator()
 .text._ZN3_bn6assert9show_argsIA16_ciEEvPKcS4_S4_iRKT_RKT0_
                0x08002798       0x54 bn_best_fit_allocator.o
                0x08002798                void _bn::assert::show_args<char [16], int>(char const*, char const*, char const*, int, char const (&) [16], int const&)
 .text._ZN3_bn6assert9show_argsIA20_ciEEvPKcS4_S4_iRKT_RKT0_
                0x080027ec       0x54 bn_best_fit_allocator.o
                0x080027ec                void _bn::assert::show_args<char [20], int>(char const*, char const*, char const*, int, char const (&) [20], int const&)
 .text._ZN3_bn6assert9show_argsIA14_cEEvPKcS4_S4_iRKT_
                0x08002840       0x48 bn_best_fit_allocator.o
                0x08002840                void _bn::assert::show_args<char [14]>(char const*, char const*, char const*, int, char const (&) [14])
 .text._ZN3_bn6assert9show_argsIA21_cEEvPKcS4_S4_iRKT_
                0x08002888       0x48 bn_best_fit_allocator.o
                0x08002888                void _bn::assert::show_args<char [21]>(char const*, char const*, char const*, int, char const (&) [21])
 .text._ZN2bn18best_fit_allocator5resetEPvi
                0x080028d0       0xbc bn_best_fit_allocator.o
                0x080028d0                bn::best_fit_allocator::reset(void*, int)
 .text._ZN2bn17bg_blocks_manager12_GLOBAL__N_117_hw_commit_offsetEPKtjtPt
                0x0800298c       0x78 bn_bg_blocks_manager.o
 .text._ZN2bn13ostringstream11append_argsIiJA4_ctEEEvRKT_DpRKT0_.isra.0
                0x08002a04       0x24 bn_bg_blocks_manager.o
 .text._ZN2bn13ostringstream11append_argsIiJA4_ciEEEvRKT_DpRKT0_.isra.0
                0x08002a28       0x24 bn_bg_blocks_manager.o
 .text._ZNK2bn18regular_bg_map_ptr2idEv
                0x08002a4c       0x18 bn_bg_blocks_manager.o
                0x08002a4c                bn::regular_bg_map_ptr::id() const
 .text._ZNK2bn18regular_bg_map_ptr10dimensionsEv
                0x08002a64       0x20 bn_bg_blocks_manager.o
                0x08002a64                bn::regular_bg_map_ptr::dimensions() const
 .text._ZNK2bn18regular_bg_map_ptr3bigEv
                0x08002a84       0x18 bn_bg_blocks_manager.o
                0x08002a84                bn::regular_bg_map_ptr::big() const
 .text._ZNK2bn20regular_bg_tiles_ptr3cbbEv
                0x08002a9c       0x18 bn_bg_blocks_manager.o
                0x08002a9c                bn::regular_bg_tiles_ptr::cbb() const
 .text._ZNK2bn17affine_bg_map_ptr2idEv
                0x08002ab4       0x18 bn_bg_blocks_manager.o
                0x08002ab4                bn::affine_bg_map_ptr::id() const
 .text._ZNK2bn17affine_bg_map_ptr10dimensionsEv
                0x08002acc       0x20 bn_bg_blocks_manager.o
                0x08002acc                bn::affine_bg_map_ptr::dimensions() const
 .text._ZNK2bn19affine_bg_tiles_ptr3cbbEv
                0x08002aec       0x18 bn_bg_blocks_manager.o
                0x08002aec                bn::affine_bg_tiles_ptr::cbb() const
 .text._ZN2bn17bg_blocks_manager10log_statusEv
                0x08002b04      0x454 bn_bg_blocks_manager.o
                0x08002b04                bn::bg_blocks_manager::log_status()
 .text._ZN2bn17bg_blocks_manager15decrease_usagesEi
                0x08002f58       0x98 bn_bg_blocks_manager.o
                0x08002f58                bn::bg_blocks_manager::decrease_usages(int)
 .text._ZN2bn18regular_bg_map_ptrD2Ev
                0x08002ff0       0x18 bn_bg_blocks_manager.o
                0x08002ff0                bn::regular_bg_map_ptr::~regular_bg_map_ptr()
                0x08002ff0                bn::regular_bg_map_ptr::~regular_bg_map_ptr()
 .text._ZN2bn20regular_bg_tiles_ptrD2Ev
                0x08003008       0x18 bn_bg_blocks_manager.o
                0x08003008                bn::regular_bg_tiles_ptr::~regular_bg_tiles_ptr()
                0x08003008                bn::regular_bg_tiles_ptr::~regular_bg_tiles_ptr()
 .text._ZN2bn17bg_blocks_manager12_GLOBAL__N_111static_dataD2Ev
                0x08003020       0x54 bn_bg_blocks_manager.o
 .text._ZN2bn17bg_blocks_manager4initEv
                0x08003074       0x8c bn_bg_blocks_manager.o
                0x08003074                bn::bg_blocks_manager::init()
 .text._ZN2bn17bg_blocks_manager11must_commitEi
                0x08003100       0x18 bn_bg_blocks_manager.o
                0x08003100                bn::bg_blocks_manager::must_commit(int)
 .text._ZN2bn17bg_blocks_manager6updateEv
                0x08003118      0x258 bn_bg_blocks_manager.o
                0x08003118                bn::bg_blocks_manager::update()
 .text._ZN3_bn6assert9show_argsIA15_ciEEvPKcS4_S4_iRKT_RKT0_
                0x08003370       0x54 bn_bg_blocks_manager.o
                0x08003370                void _bn::assert::show_args<char [15], int>(char const*, char const*, char const*, int, char const (&) [15], int const&)
 .text._ZN3_bn6assert9show_argsIA52_ctEEvPKcS4_S4_iRKT_RKT0_
                0x080033c4       0x54 bn_bg_blocks_manager.o
                0x080033c4                void _bn::assert::show_args<char [52], unsigned short>(char const*, char const*, char const*, int, char const (&) [52], unsigned short const&)
 .text._ZN3_bn6assert9show_argsIJA20_ciA4_ctEEEvPKcS5_S5_iDpRKT_
                0x08003418       0x58 bn_bg_blocks_manager.o
                0x08003418                void _bn::assert::show_args<char [20], int, char [4], unsigned short>(char const*, char const*, char const*, int, char const (&) [20], int const&, char const (&) [4], unsigned short const&)
 .text._ZN3_bn6assert9show_argsIJA22_ciA4_ciEEEvPKcS5_S5_iDpRKT_
                0x08003470       0x58 bn_bg_blocks_manager.o
                0x08003470                void _bn::assert::show_args<char [22], int, char [4], int>(char const*, char const*, char const*, int, char const (&) [22], int const&, char const (&) [4], int const&)
 .text._ZN3_bn6assert9show_argsIJA58_ciA4_ciEEEvPKcS5_S5_iDpRKT_
                0x080034c8       0x58 bn_bg_blocks_manager.o
                0x080034c8                void _bn::assert::show_args<char [58], int, char [4], int>(char const*, char const*, char const*, int, char const (&) [58], int const&, char const (&) [4], int const&)
 .text._ZN3_bn6assert9show_argsIA38_cEEvPKcS4_S4_iRKT_
                0x08003520       0x48 bn_bg_blocks_manager.o
                0x08003520                void _bn::assert::show_args<char [38]>(char const*, char const*, char const*, int, char const (&) [38])
 .text._ZN3_bn6assert9show_argsIA27_ciEEvPKcS4_S4_iRKT_RKT0_
                0x08003568       0x54 bn_bg_blocks_manager.o
                0x08003568                void _bn::assert::show_args<char [27], int>(char const*, char const*, char const*, int, char const (&) [27], int const&)
 .text._ZN2bn17bg_blocks_manager12_GLOBAL__N_110_hw_commitEPKtNS_16compression_typeEibPt
                0x080035bc       0x6c bn_bg_blocks_manager.o
 .text._ZN3_bn6assert9show_argsIA22_ciEEvPKcS4_S4_iRKT_RKT0_
                0x08003628       0x54 bn_bg_blocks_manager.o
                0x08003628                void _bn::assert::show_args<char [22], int>(char const*, char const*, char const*, int, char const (&) [22], int const&)
 .text._ZN3_bn6assert9show_argsIA19_cEEvPKcS4_S4_iRKT_
                0x0800367c       0x48 bn_bg_blocks_manager.o
                0x0800367c                void _bn::assert::show_args<char [19]>(char const*, char const*, char const*, int, char const (&) [19])
 .text._ZN2bn17bg_blocks_manager12_GLOBAL__N_116_find_tiles_implEPKtNS_16compression_typeEib
                0x080036c4      0x100 bn_bg_blocks_manager.o
 .text._ZNK2bn21regular_bg_tiles_item10find_tilesEv
                0x080037c4       0x30 bn_bg_blocks_manager.o
                0x080037c4                bn::regular_bg_tiles_item::find_tiles() const
 .text._ZN3_bn6assert9show_argsIA22_cEEvPKcS4_S4_iRKT_
                0x080037f4       0x48 bn_bg_blocks_manager.o
                0x080037f4                void _bn::assert::show_args<char [22]>(char const*, char const*, char const*, int, char const (&) [22])
 .text._ZNK2bn18regular_bg_map_ptr5tilesEv
                0x0800383c       0x48 bn_bg_blocks_manager.o
                0x0800383c                bn::regular_bg_map_ptr::tiles() const
 .text._ZNK2bn17affine_bg_map_ptr5tilesEv
                0x08003884       0x48 bn_bg_blocks_manager.o
                0x08003884                bn::affine_bg_map_ptr::tiles() const
 .text._ZNK2bn18regular_bg_map_ptr7paletteEv
                0x080038cc       0x48 bn_bg_blocks_manager.o
                0x080038cc                bn::regular_bg_map_ptr::palette() const
 .text._ZNK2bn18regular_bg_map_ptr3bppEv
                0x08003914       0x4c bn_bg_blocks_manager.o
                0x08003914                bn::regular_bg_map_ptr::bpp() const
 .text._ZN2bn17bg_blocks_manager21update_affine_map_rowEiii
                0x08003960      0x168 bn_bg_blocks_manager.o
                0x08003960                bn::bg_blocks_manager::update_affine_map_row(int, int, int)
 .text._ZN2bn17bg_blocks_manager28update_affine_map_bottom_rowEiii
                0x08003ac8       0x2c bn_bg_blocks_manager.o
                0x08003ac8                bn::bg_blocks_manager::update_affine_map_bottom_row(int, int, int)
 .text._ZN2bn17bg_blocks_manager23set_affine_map_positionEiii
                0x08003af4      0x214 bn_bg_blocks_manager.o
                0x08003af4                bn::bg_blocks_manager::set_affine_map_position(int, int, int)
 .text._ZN2bn17bg_blocks_manager21update_affine_map_colEiii
                0x08003d08      0x334 bn_bg_blocks_manager.o
                0x08003d08                bn::bg_blocks_manager::update_affine_map_col(int, int, int)
 .text._ZN2bn17bg_blocks_manager27update_affine_map_right_colEiii
                0x0800403c       0x2c bn_bg_blocks_manager.o
                0x0800403c                bn::bg_blocks_manager::update_affine_map_right_col(int, int, int)
 .text._ZN2bn17bg_blocks_manager22update_regular_map_rowEiii
                0x08004068      0x194 bn_bg_blocks_manager.o
                0x08004068                bn::bg_blocks_manager::update_regular_map_row(int, int, int)
 .text._ZN2bn17bg_blocks_manager22update_regular_map_colEiii
                0x080041fc      0x1fc bn_bg_blocks_manager.o
                0x080041fc                bn::bg_blocks_manager::update_regular_map_col(int, int, int)
 .text._ZN2bn17bg_blocks_manager24set_regular_map_positionEiii
                0x080043f8      0x24c bn_bg_blocks_manager.o
                0x080043f8                bn::bg_blocks_manager::set_regular_map_position(int, int, int)
 .text._ZN2bn17bg_blocks_manager21set_regular_map_tilesEiONS_20regular_bg_tiles_ptrE
                0x08004644      0x258 bn_bg_blocks_manager.o
                0x08004644                bn::bg_blocks_manager::set_regular_map_tiles(int, bn::regular_bg_tiles_ptr&&)
 .text._ZN2bn17bg_blocks_manager23set_regular_map_paletteEiONS_14bg_palette_ptrE
                0x0800489c      0x220 bn_bg_blocks_manager.o
                0x0800489c                bn::bg_blocks_manager::set_regular_map_palette(int, bn::bg_palette_ptr&&)
 .text._ZN2bn17bg_blocks_manager12_GLOBAL__N_112_commit_itemERKNS1_9item_typeEb
                0x08004abc      0x1f0 bn_bg_blocks_manager.o
 .text._ZN2bn17bg_blocks_manager12_GLOBAL__N_112_create_itemEiibONS1_11create_dataE
                0x08004cac      0x840 bn_bg_blocks_manager.o
 .text._ZN2bn17bg_blocks_manager12_GLOBAL__N_112_create_implEONS1_11create_dataE
                0x080054ec      0x1fc bn_bg_blocks_manager.o
 .text._ZN2bn17bg_blocks_manager19commit_uncompressedEb
                0x080056e8       0x58 bn_bg_blocks_manager.o
                0x080056e8                bn::bg_blocks_manager::commit_uncompressed(bool)
 .text._ZN2bn17bg_blocks_manager17commit_compressedEv
                0x08005740       0x48 bn_bg_blocks_manager.o
                0x08005740                bn::bg_blocks_manager::commit_compressed()
 .text._ZN3_bn6assert9show_argsIJA32_cA15_cPKtA16_ciA17_ciA34_cN2bn11string_viewEEEEvPKcSC_SC_iDpRKT_
                0x08005788       0x90 bn_bg_blocks_manager.o
                0x08005788                void _bn::assert::show_args<char [32], char [15], unsigned short const*, char [16], int, char [17], int, char [34], bn::string_view>(char const*, char const*, char const*, int, char const (&) [32], char const (&) [15], unsigned short const* const&, char const (&) [16], int const&, char const (&) [17], int const&, char const (&) [34], bn::string_view const&)
 .text._ZN2bn17bg_blocks_manager20create_regular_tilesERKNS_21regular_bg_tiles_itemEb
                0x08005818      0x138 bn_bg_blocks_manager.o
                0x08005818                bn::bg_blocks_manager::create_regular_tiles(bn::regular_bg_tiles_item const&, bool)
 .text._ZN3_bn6assert9show_argsIJA30_cA13_cPKtA14_ciA15_ciA17_ciA34_cN2bn11string_viewEEEEvPKcSD_SD_iDpRKT_
                0x08005950       0xa0 bn_bg_blocks_manager.o
                0x08005950                void _bn::assert::show_args<char [30], char [13], unsigned short const*, char [14], int, char [15], int, char [17], int, char [34], bn::string_view>(char const*, char const*, char const*, int, char const (&) [30], char const (&) [13], unsigned short const* const&, char const (&) [14], int const&, char const (&) [15], int const&, char const (&) [17], int const&, char const (&) [34], bn::string_view const&)
 .text._ZN3_bn6assert9show_argsIA31_cEEvPKcS4_S4_iRKT_
                0x080059f0       0x48 bn_bg_blocks_manager.o
                0x080059f0                void _bn::assert::show_args<char [31]>(char const*, char const*, char const*, int, char const (&) [31])
 .text._ZN3_bn6assert9show_argsIJA34_cA13_cPKtA14_ciA15_ciA17_ciS2_N2bn11string_viewEEEEvPKcSC_SC_iDpRKT_
                0x08005a38       0xa0 bn_bg_blocks_manager.o
                0x08005a38                void _bn::assert::show_args<char [34], char [13], unsigned short const*, char [14], int, char [15], int, char [17], int, char [34], bn::string_view>(char const*, char const*, char const*, int, char const (&) [34], char const (&) [13], unsigned short const* const&, char const (&) [14], int const&, char const (&) [15], int const&, char const (&) [17], int const&, char const (&) [34], bn::string_view const&)
 .text._ZN2bn17bg_blocks_manager22create_new_regular_mapERKNS_19regular_bg_map_itemEPKtONS_20regular_bg_tiles_ptrEONS_14bg_palette_ptrEb
                0x08005ad8      0x284 bn_bg_blocks_manager.o
                0x08005ad8                bn::bg_blocks_manager::create_new_regular_map(bn::regular_bg_map_item const&, unsigned short const*, bn::regular_bg_tiles_ptr&&, bn::bg_palette_ptr&&, bool)
 .text._ZNK2bn19regular_bg_map_item14create_new_mapENS_20regular_bg_tiles_ptrENS_14bg_palette_ptrE
                0x08005d5c       0x4c bn_bg_blocks_manager.o
                0x08005d5c                bn::regular_bg_map_item::create_new_map(bn::regular_bg_tiles_ptr, bn::bg_palette_ptr) const
 .text._ZN2bn18regular_bg_map_ptr10create_newERKNS_15regular_bg_itemE
                0x08005da8       0x64 bn_bg_blocks_manager.o
                0x08005da8                bn::regular_bg_map_ptr::create_new(bn::regular_bg_item const&)
 .text._ZN3_bn6assert9show_argsIJA37_ciA4_ciEEEvPKcS5_S5_iDpRKT_
                0x08005e0c       0x58 bn_bg_blocks_manager.o
                0x08005e0c                void _bn::assert::show_args<char [37], int, char [4], int>(char const*, char const*, char const*, int, char const (&) [37], int const&, char const (&) [4], int const&)
 .text._ZN2bn17bg_blocks_manager33set_regular_map_tiles_and_paletteEiONS_20regular_bg_tiles_ptrEONS_14bg_palette_ptrE
                0x08005e64      0x2e4 bn_bg_blocks_manager.o
                0x08005e64                bn::bg_blocks_manager::set_regular_map_tiles_and_palette(int, bn::regular_bg_tiles_ptr&&, bn::bg_palette_ptr&&)
 .text._ZN2bn17bg_blocks_manager12_GLOBAL__N_122_find_regular_map_implERKNS_19regular_bg_map_itemEPKtRKNS_20regular_bg_tiles_ptrERKNS_14bg_palette_ptrE
                0x08006148      0x2e4 bn_bg_blocks_manager.o
 .text._ZN2bn17bg_blocks_manager18create_regular_mapERKNS_19regular_bg_map_itemEPKtONS_20regular_bg_tiles_ptrEONS_14bg_palette_ptrEb
                0x0800642c      0x284 bn_bg_blocks_manager.o
                0x0800642c                bn::bg_blocks_manager::create_regular_map(bn::regular_bg_map_item const&, unsigned short const*, bn::regular_bg_tiles_ptr&&, bn::bg_palette_ptr&&, bool)
 .text._ZN2bn18regular_bg_map_ptr6createERKNS_15regular_bg_itemEi
                0x080066b0       0xdc bn_bg_blocks_manager.o
                0x080066b0                bn::regular_bg_map_ptr::create(bn::regular_bg_item const&, int)
 .text._ZNK2bn19regular_bg_map_item8find_mapERKNS_20regular_bg_tiles_ptrERKNS_14bg_palette_ptrE
                0x0800678c       0x24 bn_bg_blocks_manager.o
                0x0800678c                bn::regular_bg_map_item::find_map(bn::regular_bg_tiles_ptr const&, bn::bg_palette_ptr const&) const
 .text._ZN2bn18regular_bg_map_ptr21set_tiles_and_paletteERKNS_21regular_bg_tiles_itemERKNS_15bg_palette_itemE
                0x080067b0      0x17c bn_bg_blocks_manager.o
                0x080067b0                bn::regular_bg_map_ptr::set_tiles_and_palette(bn::regular_bg_tiles_item const&, bn::bg_palette_item const&)
 .text._ZN3_bn6assert9show_argsIA39_ciEEvPKcS4_S4_iRKT_RKT0_
                0x0800692c       0x54 bn_bg_blocks_manager.o
                0x0800692c                void _bn::assert::show_args<char [39], int>(char const*, char const*, char const*, int, char const (&) [39], int const&)
 .text.startup._GLOBAL__sub_I__ZN2bn7bg_maps16used_cells_countEv
                0x08006980       0x88 bn_bg_blocks_manager.o
 .text._ZN2bn11bgs_manager12_GLOBAL__N_129_check_unique_regular_big_mapERNS1_9item_typeE
                0x08006a08       0x68 bn_bgs_manager.o
 .text._ZN2bn11bgs_manager12_GLOBAL__N_111static_dataD2Ev
                0x08006a70       0x10 bn_bgs_manager.o
 .text._ZN2bn11bgs_manager12_GLOBAL__N_133_update_item_hw_affine_attributesERKNS1_9item_typeE
                0x08006a80       0x48 bn_bgs_manager.o
 .text._ZNK2bn14regular_bg_ptr1xEv
                0x08006ac8        0x8 bn_bgs_manager.o
                0x08006ac8                bn::regular_bg_ptr::x() const
 .text._ZNK2bn14regular_bg_ptr1yEv
                0x08006ad0        0x8 bn_bgs_manager.o
                0x08006ad0                bn::regular_bg_ptr::y() const
 .text._ZN2bn14regular_bg_ptr12set_positionENS_7fixed_tILi12EEES2_
                0x08006ad8       0x70 bn_bgs_manager.o
                0x08006ad8                bn::regular_bg_ptr::set_position(bn::fixed_t<12>, bn::fixed_t<12>)
 .text._ZN2bn14regular_bg_ptr24set_blending_top_enabledEb
                0x08006b48       0x3c bn_bgs_manager.o
                0x08006b48                bn::regular_bg_ptr::set_blending_top_enabled(bool)
 .text._ZN2bn14regular_bg_ptr27set_blending_bottom_enabledEb
                0x08006b84       0x3c bn_bgs_manager.o
                0x08006b84                bn::regular_bg_ptr::set_blending_bottom_enabled(bool)
 .text._ZNK2bn14regular_bg_ptr7visibleEv
                0x08006bc0        0xc bn_bgs_manager.o
                0x08006bc0                bn::regular_bg_ptr::visible() const
 .text._ZN2bn14regular_bg_ptr11set_visibleEb
                0x08006bcc       0x30 bn_bgs_manager.o
                0x08006bcc                bn::regular_bg_ptr::set_visible(bool)
 .text._ZN2bn14regular_bg_ptr21set_visible_in_windowEbRNS_6windowE
                0x08006bfc       0x14 bn_bgs_manager.o
                0x08006bfc                bn::regular_bg_ptr::set_visible_in_window(bool, bn::window&)
 .text._ZN2bn11bgs_manager4initEv
                0x08006c10       0x8c bn_bgs_manager.o
                0x08006c10                bn::bgs_manager::init()
 .text._ZN2bn11bgs_manager5hw_idEPv
                0x08006c9c        0x8 bn_bgs_manager.o
                0x08006c9c                bn::bgs_manager::hw_id(void*)
 .text._ZN2bn11bgs_manager11hw_positionEPv
                0x08006ca4        0x4 bn_bgs_manager.o
                0x08006ca4                bn::bgs_manager::hw_position(void*)
 .text._ZN2bn11bgs_manager14mat_attributesEPv
                0x08006ca8        0x4 bn_bgs_manager.o
                0x08006ca8                bn::bgs_manager::mat_attributes(void*)
 .text._ZN2bn11bgs_manager9put_belowEPv
                0x08006cac       0x6c bn_bgs_manager.o
                0x08006cac                bn::bgs_manager::put_below(void*)
 .text._ZN2bn14regular_bg_ptr9put_belowEv
                0x08006d18       0x10 bn_bgs_manager.o
                0x08006d18                bn::regular_bg_ptr::put_below()
 .text._ZN2bn11bgs_manager18set_show_in_windowEPvib
                0x08006d28       0x18 bn_bgs_manager.o
                0x08006d28                bn::bgs_manager::set_show_in_window(void*, int, bool)
 .text._ZN2bn11bgs_manager20update_windows_flagsEPj
                0x08006d40       0x7c bn_bgs_manager.o
                0x08006d40                bn::bgs_manager::update_windows_flags(unsigned int*)
 .text._ZN2bn11bgs_manager14update_camerasEv
                0x08006dbc      0x14c bn_bgs_manager.o
                0x08006dbc                bn::bgs_manager::update_cameras()
 .text._ZN2bn11bgs_manager28update_regular_map_tiles_cbbEii
                0x08006f08       0xa8 bn_bgs_manager.o
                0x08006f08                bn::bgs_manager::update_regular_map_tiles_cbb(int, int)
 .text._ZN2bn11bgs_manager30update_regular_map_palette_bppEiNS_8bpp_modeE
                0x08006fb0       0xac bn_bgs_manager.o
                0x08006fb0                bn::bgs_manager::update_regular_map_palette_bpp(int, bn::bpp_mode)
 .text._ZN2bn11bgs_manager36fill_hblank_effect_regular_positionsEiPKNS_7fixed_tILi12EEEPt
                0x0800705c       0x38 bn_bgs_manager.o
                0x0800705c                bn::bgs_manager::fill_hblank_effect_regular_positions(int, bn::fixed_t<12> const*, unsigned short*)
 .text._ZN2bn11bgs_manager45fill_hblank_effect_pivot_horizontal_positionsEPvPKNS_7fixed_tILi12EEEPj
                0x08007094       0x24 bn_bgs_manager.o
                0x08007094                bn::bgs_manager::fill_hblank_effect_pivot_horizontal_positions(void*, bn::fixed_t<12> const*, unsigned int*)
 .text._ZN2bn11bgs_manager43fill_hblank_effect_pivot_vertical_positionsEPvPKNS_7fixed_tILi12EEEPj
                0x080070b8       0x24 bn_bgs_manager.o
                0x080070b8                bn::bgs_manager::fill_hblank_effect_pivot_vertical_positions(void*, bn::fixed_t<12> const*, unsigned int*)
 .text._ZN2bn11bgs_manager6commitEb
                0x080070dc       0x58 bn_bgs_manager.o
                0x080070dc                bn::bgs_manager::commit(bool)
 .text._ZN2bn11bgs_manager4stopEv
                0x08007134       0x28 bn_bgs_manager.o
                0x08007134                bn::bgs_manager::stop()
 .text._ZN3_bn6assert9show_argsIA17_ciEEvPKcS4_S4_iRKT_RKT0_
                0x0800715c       0x54 bn_bgs_manager.o
                0x0800715c                void _bn::assert::show_args<char [17], int>(char const*, char const*, char const*, int, char const (&) [17], int const&)
 .text._ZN3_bn6assert9show_argsIA30_cEEvPKcS4_S4_iRKT_
                0x080071b0       0x48 bn_bgs_manager.o
                0x080071b0                void _bn::assert::show_args<char [30]>(char const*, char const*, char const*, int, char const (&) [30])
 .text._ZN3_bn6assert9show_argsIA27_cEEvPKcS4_S4_iRKT_
                0x080071f8       0x48 bn_bgs_manager.o
                0x080071f8                void _bn::assert::show_args<char [27]>(char const*, char const*, char const*, int, char const (&) [27])
 .text._ZN3_bn6assert9show_argsIA46_cEEvPKcS4_S4_iRKT_
                0x08007240       0x48 bn_bgs_manager.o
                0x08007240                void _bn::assert::show_args<char [46]>(char const*, char const*, char const*, int, char const (&) [46])
 .text._ZN2bn11bgs_manager15rebuild_handlesEv.part.0
                0x08007288      0x1a8 bn_bgs_manager.o
 .text._ZN2bn18regular_bg_builder11release_mapEv
                0x08007430       0x78 bn_bgs_manager.o
                0x08007430                bn::regular_bg_builder::release_map()
 .text._ZN2bn11bgs_manager37fill_hblank_effect_regular_attributesEPvPKNS_21regular_bg_attributesEPt
                0x080074a8      0x100 bn_bgs_manager.o
                0x080074a8                bn::bgs_manager::fill_hblank_effect_regular_attributes(void*, bn::regular_bg_attributes const*, unsigned short*)
 .text._ZN2bn11bgs_manager6updateEv
                0x080075a8      0x16c bn_bgs_manager.o
                0x080075a8                bn::bgs_manager::update()
 .text._ZN2bn11bgs_manager15commit_big_mapsEv
                0x08007714      0x1d0 bn_bgs_manager.o
                0x08007714                bn::bgs_manager::commit_big_maps()
 .text._ZN2bn11bgs_manager12_GLOBAL__N_19item_type18update_regular_mapEv
                0x080078e4      0x1c8 bn_bgs_manager.o
 .text._ZN2bn11bgs_manager15set_regular_mapEPvONS_18regular_bg_map_ptrE
                0x08007aac       0xb4 bn_bgs_manager.o
                0x08007aac                bn::bgs_manager::set_regular_map(void*, bn::regular_bg_map_ptr&&)
 .text._ZN2bn11bgs_manager36fill_hblank_effect_affine_attributesEPvPKNS_20affine_bg_attributesEPt
                0x08007b60      0x104 bn_bgs_manager.o
                0x08007b60                bn::bgs_manager::fill_hblank_effect_affine_attributes(void*, bn::affine_bg_attributes const*, unsigned short*)
 .text._ZN2bn11bgs_manager10affine_mapEPv
                0x08007c64       0x34 bn_bgs_manager.o
                0x08007c64                bn::bgs_manager::affine_map(void*)
 .text._ZN2bn11bgs_manager11regular_mapEPv
                0x08007c98       0x34 bn_bgs_manager.o
                0x08007c98                bn::bgs_manager::regular_map(void*)
 .text._ZN2bn14regular_bg_ptr8set_itemERKNS_15regular_bg_itemE
                0x08007ccc      0x144 bn_bgs_manager.o
                0x08007ccc                bn::regular_bg_ptr::set_item(bn::regular_bg_item const&)
 .text._ZN2bn11bgs_manager12_GLOBAL__N_112_insert_itemERNS1_9item_typeE
                0x08007e10      0x104 bn_bgs_manager.o
 .text._ZN3_bn6assert9show_argsIA13_cEEvPKcS4_S4_iRKT_
                0x08007f14       0x48 bn_bgs_manager.o
                0x08007f14                void _bn::assert::show_args<char [13]>(char const*, char const*, char const*, int, char const (&) [13])
 .text._ZN2bn11bgs_manager6createEONS_18regular_bg_builderE
                0x08007f5c      0x1d4 bn_bgs_manager.o
                0x08007f5c                bn::bgs_manager::create(bn::regular_bg_builder&&)
 .text._ZNK2bn15regular_bg_item9create_bgENS_7fixed_tILi12EEES2_
                0x08008130       0x78 bn_bgs_manager.o
                0x08008130                bn::regular_bg_item::create_bg(bn::fixed_t<12>, bn::fixed_t<12>) const
 .text.startup._GLOBAL__sub_I__ZN2bn3bgs16used_items_countEv
                0x080081a8       0x90 bn_bgs_manager.o
 .text._ZN2bn10camera_ptrD2Ev
                0x08008238       0x38 bn_cameras_manager.o
                0x08008238                bn::camera_ptr::~camera_ptr()
                0x08008238                bn::camera_ptr::~camera_ptr()
 .text._ZNK2bn10camera_ptr8positionEv
                0x08008270       0x14 bn_cameras_manager.o
                0x08008270                bn::camera_ptr::position() const
 .text._ZN2bn15cameras_manager4initEv
                0x08008284       0x24 bn_cameras_manager.o
                0x08008284                bn::cameras_manager::init()
 .text._ZN2bn15cameras_manager6updateEv
                0x080082a8       0x28 bn_cameras_manager.o
                0x080082a8                bn::cameras_manager::update()
 .text.startup._GLOBAL__sub_I__ZN2bn7cameras16used_items_countEv
                0x080082d0       0x24 bn_cameras_manager.o
 .text._ZN2bn4core12_GLOBAL__N_14stopEb
                0x080082f4       0x54 bn_core.o
 .text._ZN2bn4core12_GLOBAL__N_111update_implEv
                0x08008348      0x114 bn_core.o
 .text._ZN2bn11string_viewC2EPKc
                0x0800845c       0x1c bn_core.o
                0x0800845c                bn::string_view::string_view(char const*)
                0x0800845c                bn::string_view::string_view(char const*)
 .text._ZN3_bn6assert12_GLOBAL__N_110_show_implEPKcS3_S3_iRKN2bn11string_viewE
                0x08008478       0x80 bn_core.o
 .text._ZN2bn4core6updateEv
                0x080084f8       0x78 bn_core.o
                0x080084f8                bn::core::update()
 .text._ZN2bn4core4initERKNS_8optionalINS_5colorEEERKNS_11string_viewE
                0x08008570      0x128 bn_core.o
                0x08008570                bn::core::init(bn::optional<bn::color> const&, bn::string_view const&)
 .text._ZN2bn4core4initEv
                0x08008698       0x24 bn_core.o
                0x08008698                bn::core::init()
 .text._ZN2bn4core9on_vblankEv
                0x080086bc       0x2c bn_core.o
                0x080086bc                bn::core::on_vblank()
 .text._ZN3_bn6assert4showEPKcS2_S2_iRKN2bn12istring_baseE
                0x080086e8       0x18 bn_core.o
                0x080086e8                _bn::assert::show(char const*, char const*, char const*, int, bn::istring_base const&)
 .text.startup._GLOBAL__sub_I__ZN2bn4core4initEv
                0x08008700       0x4c bn_core.o
 .text._ZN2bn15display_manager12_GLOBAL__N_111static_dataD2Ev
                0x0800874c       0x34 bn_display_manager.o
 .text._ZN2bn15display_manager12_GLOBAL__N_134_update_rect_windows_hw_boundariesEi
                0x08008780       0x7c bn_display_manager.o
 .text._ZN2bn6window11set_show_bgERKNS_14regular_bg_ptrEb
                0x080087fc       0x14 bn_display_manager.o
                0x080087fc                bn::window::set_show_bg(bn::regular_bg_ptr const&, bool)
 .text._ZNK2bn6window12show_spritesEv
                0x08008810       0x18 bn_display_manager.o
                0x08008810                bn::window::show_sprites() const
 .text._ZN2bn6window16set_show_spritesEb
                0x08008828       0x30 bn_display_manager.o
                0x08008828                bn::window::set_show_sprites(bool)
 .text._ZN2bn6window17set_show_blendingEb
                0x08008858       0x30 bn_display_manager.o
                0x08008858                bn::window::set_show_blending(bool)
 .text._ZNK2bn13inside_window7visibleEv
                0x08008888       0x10 bn_display_manager.o
                0x08008888                bn::inside_window::visible() const
 .text._ZN2bn13inside_window11set_visibleEb
                0x08008898       0x20 bn_display_manager.o
                0x08008898                bn::inside_window::set_visible(bool)
 .text._ZN2bn15display_manager4initEv
                0x080088b8       0xa4 bn_display_manager.o
                0x080088b8                bn::display_manager::init()
 .text._ZN2bn15display_manager8set_modeEi
                0x0800895c       0x1c bn_display_manager.o
                0x0800895c                bn::display_manager::set_mode(int)
 .text._ZN2bn15display_manager14set_bg_enabledEib
                0x08008978       0x18 bn_display_manager.o
                0x08008978                bn::display_manager::set_bg_enabled(int, bool)
 .text._ZN2bn15display_manager15disable_all_bgsEv
                0x08008990       0x14 bn_display_manager.o
                0x08008990                bn::display_manager::disable_all_bgs()
 .text._ZN2bn15display_manager36fill_mosaic_hblank_effect_attributesEPKNS_17mosaic_attributesEPt
                0x080089a4       0xb4 bn_display_manager.o
                0x080089a4                bn::display_manager::fill_mosaic_hblank_effect_attributes(bn::mosaic_attributes const*, unsigned short*)
 .text._ZN2bn15display_manager27set_blending_top_bg_enabledEib
                0x08008a58       0x20 bn_display_manager.o
                0x08008a58                bn::display_manager::set_blending_top_bg_enabled(int, bool)
 .text._ZN2bn15display_manager30set_blending_bottom_bg_enabledEib
                0x08008a78       0x20 bn_display_manager.o
                0x08008a78                bn::display_manager::set_blending_bottom_bg_enabled(int, bool)
 .text._ZN2bn15display_manager32blending_transparency_top_weightEv
                0x08008a98       0x18 bn_display_manager.o
                0x08008a98                bn::display_manager::blending_transparency_top_weight()
 .text._ZN2bn15display_manager35blending_transparency_bottom_weightEv
                0x08008ab0       0x28 bn_display_manager.o
                0x08008ab0                bn::display_manager::blending_transparency_bottom_weight()
 .text._ZN2bn15display_manager51fill_blending_transparency_hblank_effect_attributesEPKNS_32blending_transparency_attributesEPt
                0x08008ad8       0x30 bn_display_manager.o
                0x08008ad8                bn::display_manager::fill_blending_transparency_hblank_effect_attributes(bn::blending_transparency_attributes const*, unsigned short*)
 .text._ZN2bn15display_manager21blending_fade_enabledEv
                0x08008b08        0xc bn_display_manager.o
                0x08008b08                bn::display_manager::blending_fade_enabled()
 .text._ZN2bn15display_manager39fill_blending_fade_hblank_effect_alphasEPKNS_19blending_fade_alphaEPt
                0x08008b14       0x24 bn_display_manager.o
                0x08008b14                bn::display_manager::fill_blending_fade_hblank_effect_alphas(bn::blending_fade_alpha const*, unsigned short*)
 .text._ZN2bn15display_manager26update_windows_visible_bgsEv
                0x08008b38       0x14 bn_display_manager.o
                0x08008b38                bn::display_manager::update_windows_visible_bgs()
 .text._ZN2bn15display_manager36rect_window_hw_horizontal_boundariesEi
                0x08008b4c       0x18 bn_display_manager.o
                0x08008b4c                bn::display_manager::rect_window_hw_horizontal_boundaries(int)
 .text._ZN2bn15display_manager34rect_window_hw_vertical_boundariesEi
                0x08008b64       0x18 bn_display_manager.o
                0x08008b64                bn::display_manager::rect_window_hw_vertical_boundaries(int)
 .text._ZN2bn15display_manager52fill_rect_window_hblank_effect_horizontal_boundariesERKSt4pairIiiEPKS1_INS_7fixed_tILi12EEES6_EPt
                0x08008b7c      0x134 bn_display_manager.o
                0x08008b7c                bn::display_manager::fill_rect_window_hblank_effect_horizontal_boundaries(std::pair<int, int> const&, std::pair<bn::fixed_t<12>, bn::fixed_t<12> > const*, unsigned short*)
 .text._ZN2bn15display_manager50fill_rect_window_hblank_effect_vertical_boundariesERKSt4pairIiiEPKS1_INS_7fixed_tILi12EEES6_EPt
                0x08008cb0      0x134 bn_display_manager.o
                0x08008cb0                bn::display_manager::fill_rect_window_hblank_effect_vertical_boundaries(std::pair<int, int> const&, std::pair<bn::fixed_t<12>, bn::fixed_t<12> > const*, unsigned short*)
 .text._ZN2bn15display_manager36fill_green_swap_hblank_effect_statesEPKbPt
                0x08008de4       0x38 bn_display_manager.o
                0x08008de4                bn::display_manager::fill_green_swap_hblank_effect_states(bool const*, unsigned short*)
 .text._ZN2bn15display_manager14update_camerasEv
                0x08008e1c       0x40 bn_display_manager.o
                0x08008e1c                bn::display_manager::update_cameras()
 .text._ZN2bn15display_manager6updateEv
                0x08008e5c      0x254 bn_display_manager.o
                0x08008e5c                bn::display_manager::update()
 .text._ZN2bn15display_manager6commitEv
                0x080090b0      0x12c bn_display_manager.o
                0x080090b0                bn::display_manager::commit()
 .text._ZN2bn15display_manager4stopEv
                0x080091dc       0x28 bn_display_manager.o
                0x080091dc                bn::display_manager::stop()
 .text._ZN3_bn6assert9show_argsIA66_cEEvPKcS4_S4_iRKT_
                0x08009204       0x48 bn_display_manager.o
                0x08009204                void _bn::assert::show_args<char [66]>(char const*, char const*, char const*, int, char const (&) [66])
 .text._ZN3_bn6assert9show_argsIA29_cN2bn7fixed_tILi12EEEEEvPKcS7_S7_iRKT_RKT0_
                0x0800924c       0x54 bn_display_manager.o
                0x0800924c                void _bn::assert::show_args<char [29], bn::fixed_t<12> >(char const*, char const*, char const*, int, char const (&) [29], bn::fixed_t<12> const&)
 .text._ZN2bn8blending22set_transparency_alphaENS_7fixed_tILi12EEE
                0x080092a0       0x94 bn_display_manager.o
                0x080092a0                bn::blending::set_transparency_alpha(bn::fixed_t<12>)
 .text._ZN3_bn6assert9show_argsIA34_cN2bn7fixed_tILi12EEEEEvPKcS7_S7_iRKT_RKT0_
                0x08009334       0x54 bn_display_manager.o
                0x08009334                void _bn::assert::show_args<char [34], bn::fixed_t<12> >(char const*, char const*, char const*, int, char const (&) [34], bn::fixed_t<12> const&)
 .text._ZN2bn8blending27set_transparency_top_weightENS_7fixed_tILi12EEE
                0x08009388       0x7c bn_display_manager.o
                0x08009388                bn::blending::set_transparency_top_weight(bn::fixed_t<12>)
 .text._ZN3_bn6assert9show_argsIA37_cN2bn7fixed_tILi12EEEEEvPKcS7_S7_iRKT_RKT0_
                0x08009404       0x54 bn_display_manager.o
                0x08009404                void _bn::assert::show_args<char [37], bn::fixed_t<12> >(char const*, char const*, char const*, int, char const (&) [37], bn::fixed_t<12> const&)
 .text._ZN2bn8blending30set_transparency_bottom_weightENS_7fixed_tILi12EEE
                0x08009458       0x80 bn_display_manager.o
                0x08009458                bn::blending::set_transparency_bottom_weight(bn::fixed_t<12>)
 .text._ZN2bn13ostringstream11append_argsINS_7fixed_tILi12EEEJA4_cS3_EEEvRKT_DpRKT0_.isra.0
                0x080094d8       0xb4 bn_display_manager.o
 .text._ZN3_bn6assert9show_argsIJA24_cN2bn7fixed_tILi12EEEA4_cS5_EEEvPKcS8_S8_iDpRKT_
                0x0800958c       0x58 bn_display_manager.o
                0x0800958c                void _bn::assert::show_args<char [24], bn::fixed_t<12>, char [4], bn::fixed_t<12> >(char const*, char const*, char const*, int, char const (&) [24], bn::fixed_t<12> const&, char const (&) [4], bn::fixed_t<12> const&)
 .text._ZN2bn11rect_window14set_boundariesENS_7fixed_tILi12EEES2_S2_S2_
                0x080095e4       0xd8 bn_display_manager.o
                0x080095e4                bn::rect_window::set_boundaries(bn::fixed_t<12>, bn::fixed_t<12>, bn::fixed_t<12>, bn::fixed_t<12>)
 .text.startup._GLOBAL__sub_I__ZNK2bn6window7show_bgERKNS_14regular_bg_ptrE
                0x080096bc       0xa4 bn_display_manager.o
 .text._ZN2bn12gpio_manager5sleepEv
                0x08009760       0x28 bn_gpio_manager.o
                0x08009760                bn::gpio_manager::sleep()
 .text._ZN2bn22hblank_effects_manager12_GLOBAL__N_19item_type18_output_values_ptrEv
                0x08009788       0x40 bn_hblank_effects_manager.o
 .text._ZN2bn22hblank_effects_manager7disableEv
                0x080097c8       0x24 bn_hblank_effects_manager.o
                0x080097c8                bn::hblank_effects_manager::disable()
 .text._ZN2bn22hblank_effects_manager6commitEv
                0x080097ec       0x88 bn_hblank_effects_manager.o
                0x080097ec                bn::hblank_effects_manager::commit()
 .text._ZN2bn22hblank_effects_manager12_GLOBAL__N_110_is_uint32ENS0_12handler_typeE
                0x08009874       0x64 bn_hblank_effects_manager.o
 .text._ZN2bn22hblank_effects_manager12_GLOBAL__N_19item_type12check_updateEv
                0x080098d8     0x1640 bn_hblank_effects_manager.o
 .text._ZN3_bn6assert9show_argsIA18_cEEvPKcS4_S4_iRKT_
                0x0800af18       0x48 bn_hblank_effects_manager.o
                0x0800af18                void _bn::assert::show_args<char [18]>(char const*, char const*, char const*, int, char const (&) [18])
 .text._ZN2bn22hblank_effects_manager6updateEv
                0x0800af60      0x1ec bn_hblank_effects_manager.o
                0x0800af60                bn::hblank_effects_manager::update()
 .text._ZN2bn22hblank_effects_manager4initEv
                0x0800b14c      0x190 bn_hblank_effects_manager.o
                0x0800b14c                bn::hblank_effects_manager::init()
 .text.startup._GLOBAL__sub_I__ZN2bn4hbes10used_countEv
                0x0800b2dc       0xe8 bn_hblank_effects_manager.o
 .text._ZN2bn12hdma_manager4initEv
                0x0800b3c4       0x40 bn_hdma_manager.o
                0x0800b3c4                bn::hdma_manager::init()
 .text._ZN2bn12hdma_manager10force_stopEv
                0x0800b404       0x3c bn_hdma_manager.o
                0x0800b404                bn::hdma_manager::force_stop()
 .text._ZN2bn12hdma_manager7disableEv
                0x0800b440       0x30 bn_hdma_manager.o
                0x0800b440                bn::hdma_manager::disable()
 .text._ZN2bn12hdma_manager6updateEv
                0x0800b470       0x6c bn_hdma_manager.o
                0x0800b470                bn::hdma_manager::update()
 .text._ZN2bn12hdma_manager6commitEb
                0x0800b4dc      0x120 bn_hdma_manager.o
                0x0800b4dc                bn::hdma_manager::commit(bool)
 .text.startup._GLOBAL__sub_I__ZN2bn4hdma7runningEv
                0x0800b5fc       0x34 bn_hdma_manager.o
 .text._ZN2bn6keypad9a_pressedEv
                0x0800b630       0x10 bn_keypad_manager.o
                0x0800b630                bn::keypad::a_pressed()
 .text._ZN2bn6keypad9b_pressedEv
                0x0800b640       0x10 bn_keypad_manager.o
                0x0800b640                bn::keypad::b_pressed()
 .text._ZN2bn6keypad14select_pressedEv
                0x0800b650       0x10 bn_keypad_manager.o
                0x0800b650                bn::keypad::select_pressed()
 .text._ZN2bn6keypad6r_heldEv
                0x0800b660       0x10 bn_keypad_manager.o
                0x0800b660                bn::keypad::r_held()
 .text._ZN2bn14keypad_manager4stopEv
                0x0800b670        0x4 bn_keypad_manager.o
                0x0800b670                bn::keypad_manager::stop()
 .text._ZN2bn14keypad_manager6updateEv
                0x0800b674       0xa8 bn_keypad_manager.o
                0x0800b674                bn::keypad_manager::update()
 .text._ZN2bn14keypad_manager4initERKNS_11string_viewE
                0x0800b71c       0x64 bn_keypad_manager.o
                0x0800b71c                bn::keypad_manager::init(bn::string_view const&)
 .text._ZN3_bn6assert9show_argsIA16_cEEvPKcS4_S4_iRKT_
                0x0800b780       0x48 bn_keypad_manager.o
                0x0800b780                void _bn::assert::show_args<char [16]>(char const*, char const*, char const*, int, char const (&) [16])
 .text._ZN2bn12link_manager4initEv
                0x0800b7c8        0xc bn_link_manager.o
                0x0800b7c8                bn::link_manager::init()
 .text._ZN2bn12link_manager6activeEv
                0x0800b7d4        0xc bn_link_manager.o
                0x0800b7d4                bn::link_manager::active()
 .text._ZN2bn12link_manager7disableEv
                0x0800b7e0       0x18 bn_link_manager.o
                0x0800b7e0                bn::link_manager::disable()
 .text._ZN2bn14memory_manager12_GLOBAL__N_111static_dataD2Ev
                0x0800b7f8       0x10 bn_memory_manager.o
 .text._ZN2bn14memory_manager4initEv
                0x0800b808       0x2c bn_memory_manager.o
                0x0800b808                bn::memory_manager::init()
 .text.startup._GLOBAL__sub_I__Znwj
                0x0800b834       0x20 bn_memory_manager.o
 .text._ZN2bn16palettes_manager12_GLOBAL__N_111static_dataD2Ev
                0x0800b854        0x4 bn_palettes_manager.o
 .text._ZN2bn2hw8palettes9grayscaleEPKNS_5colorEiiPS2_.part.0
                0x0800b858       0x40 bn_palettes_manager.o
 .text._ZN2bn14bg_palette_ptrC2ERKS0_
                0x0800b898       0x2c bn_palettes_manager.o
                0x0800b898                bn::bg_palette_ptr::bg_palette_ptr(bn::bg_palette_ptr const&)
                0x0800b898                bn::bg_palette_ptr::bg_palette_ptr(bn::bg_palette_ptr const&)
 .text._ZNK2bn14bg_palette_ptr3bppEv
                0x0800b8c4       0x20 bn_palettes_manager.o
                0x0800b8c4                bn::bg_palette_ptr::bpp() const
 .text._ZN2bn18sprite_palette_ptrC2ERKS0_
                0x0800b8e4       0x1c bn_palettes_manager.o
                0x0800b8e4                bn::sprite_palette_ptr::sprite_palette_ptr(bn::sprite_palette_ptr const&)
                0x0800b8e4                bn::sprite_palette_ptr::sprite_palette_ptr(bn::sprite_palette_ptr const&)
 .text._ZNK2bn18sprite_palette_ptr3bppEv
                0x0800b900       0x1c bn_palettes_manager.o
                0x0800b900                bn::sprite_palette_ptr::bpp() const
 .text._ZNK2bn13palettes_bank10log_statusEv
                0x0800b91c      0x17c bn_palettes_manager.o
                0x0800b91c                bn::palettes_bank::log_status() const
 .text._ZN2bn13palettes_bank10find_bpp_4ERKNS_4spanIKNS_5colorEEEt
                0x0800ba98      0x118 bn_palettes_manager.o
                0x0800ba98                bn::palettes_bank::find_bpp_4(bn::span<bn::color const> const&, unsigned short)
 .text._ZNK2bn13palettes_bank20retrieve_commit_dataEv
                0x0800bbb0       0x4c bn_palettes_manager.o
                0x0800bbb0                bn::palettes_bank::retrieve_commit_data() const
 .text._ZN2bn13palettes_bank25_on_global_effect_updatedEb
                0x0800bbfc       0x80 bn_palettes_manager.o
                0x0800bbfc                bn::palettes_bank::_on_global_effect_updated(bool)
 .text._ZNK2bn13palettes_bank21_apply_global_effectsEiPNS_5colorE
                0x0800bc7c      0x13c bn_palettes_manager.o
                0x0800bc7c                bn::palettes_bank::_apply_global_effects(int, bn::color*) const
 .text._ZNK2bn13palettes_bank25fill_hblank_effect_colorsEPKNS_5colorEPt
                0x0800bdb8       0x30 bn_palettes_manager.o
                0x0800bdb8                bn::palettes_bank::fill_hblank_effect_colors(bn::color const*, unsigned short*) const
 .text._ZNK2bn13palettes_bank7palette13apply_effectsEiPNS_5colorE
                0x0800bde8       0xbc bn_palettes_manager.o
                0x0800bde8                bn::palettes_bank::palette::apply_effects(int, bn::color*) const
 .text._ZNK2bn13palettes_bank25fill_hblank_effect_colorsEiPKNS_5colorEPt
                0x0800bea4       0x44 bn_palettes_manager.o
                0x0800bea4                bn::palettes_bank::fill_hblank_effect_colors(int, bn::color const*, unsigned short*) const
 .text._ZN2bn13palettes_bank15_update_paletteEi
                0x0800bee8       0x7c bn_palettes_manager.o
                0x0800bee8                bn::palettes_bank::_update_palette(int)
 .text._ZN2bn13palettes_bank6updateEv
                0x0800bf64      0x134 bn_palettes_manager.o
                0x0800bf64                bn::palettes_bank::update()
 .text._ZN2bn13palettes_bankC2Ev
                0x0800c098       0xd4 bn_palettes_manager.o
                0x0800c098                bn::palettes_bank::palettes_bank()
                0x0800c098                bn::palettes_bank::palettes_bank()
 .text._ZN2bn16palettes_manager4initERKNS_8optionalINS_5colorEEE
                0x0800c16c      0x184 bn_palettes_manager.o
                0x0800c16c                bn::palettes_manager::init(bn::optional<bn::color> const&)
 .text._ZN2bn16palettes_manager20sprite_palettes_bankEv
                0x0800c2f0        0x8 bn_palettes_manager.o
                0x0800c2f0                bn::palettes_manager::sprite_palettes_bank()
 .text._ZN2bn16palettes_manager16bg_palettes_bankEv
                0x0800c2f8        0x8 bn_palettes_manager.o
                0x0800c2f8                bn::palettes_manager::bg_palettes_bank()
 .text._ZN2bn16palettes_manager6updateEv
                0x0800c300       0x20 bn_palettes_manager.o
                0x0800c300                bn::palettes_manager::update()
 .text._ZN2bn16palettes_manager6commitEb
                0x0800c320      0x104 bn_palettes_manager.o
                0x0800c320                bn::palettes_manager::commit(bool)
 .text._ZN2bn16palettes_manager4stopEv
                0x0800c424       0x20 bn_palettes_manager.o
                0x0800c424                bn::palettes_manager::stop()
 .text._ZN3_bn6assert9show_argsIA35_cEEvPKcS4_S4_iRKT_
                0x0800c444       0x48 bn_palettes_manager.o
                0x0800c444                void _bn::assert::show_args<char [35]>(char const*, char const*, char const*, int, char const (&) [35])
 .text._ZN2bn13palettes_bank11colors_hashERKNS_4spanIKNS_5colorEEE
                0x0800c48c       0x48 bn_palettes_manager.o
                0x0800c48c                bn::palettes_bank::colors_hash(bn::span<bn::color const> const&)
 .text._ZN3_bn6assert9show_argsIJA43_ciA36_cA42_cEEEvPKcS6_S6_iDpRKT_
                0x0800c4d4       0x64 bn_palettes_manager.o
                0x0800c4d4                void _bn::assert::show_args<char [43], int, char [36], char [42]>(char const*, char const*, char const*, int, char const (&) [43], int const&, char const (&) [36], char const (&) [42])
 .text._ZN2bn13palettes_bank12create_bpp_8ERKNS_4spanIKNS_5colorEEENS_16compression_typeEb
                0x0800c538      0x230 bn_palettes_manager.o
                0x0800c538                bn::palettes_bank::create_bpp_8(bn::span<bn::color const> const&, bn::compression_type, bool)
 .text._ZN3_bn6assert9show_argsIA20_cN2bn7fixed_tILi12EEEEEvPKcS7_S7_iRKT_RKT0_
                0x0800c768       0x54 bn_palettes_manager.o
                0x0800c768                void _bn::assert::show_args<char [20], bn::fixed_t<12> >(char const*, char const*, char const*, int, char const (&) [20], bn::fixed_t<12> const&)
 .text._ZN2bn11bg_palettes8set_fadeENS_5colorENS_7fixed_tILi12EEE
                0x0800c7bc       0xa8 bn_palettes_manager.o
                0x0800c7bc                bn::bg_palettes::set_fade(bn::color, bn::fixed_t<12>)
 .text._ZN2bn15sprite_palettes8set_fadeENS_5colorENS_7fixed_tILi12EEE
                0x0800c864       0x9c bn_palettes_manager.o
                0x0800c864                bn::sprite_palettes::set_fade(bn::color, bn::fixed_t<12>)
 .text._ZNK2bn19sprite_palette_item10decompressENS_4spanINS_5colorEEE
                0x0800c900      0x16c bn_palettes_manager.o
                0x0800c900                bn::sprite_palette_item::decompress(bn::span<bn::color>) const
 .text._ZNK2bn15bg_palette_item10decompressENS_4spanINS_5colorEEE
                0x0800ca6c      0x16c bn_palettes_manager.o
                0x0800ca6c                bn::bg_palette_item::decompress(bn::span<bn::color>) const
 .text._ZN2bn13palettes_bank12create_bpp_4ERKNS_4spanIKNS_5colorEEEtb
                0x0800cbd8      0x284 bn_palettes_manager.o
                0x0800cbd8                bn::palettes_bank::create_bpp_4(bn::span<bn::color const> const&, unsigned short, bool)
 .text._ZN2bn12_GLOBAL__N_112_create_implERKNS_15bg_palette_itemEb
                0x0800ce5c       0x94 bn_palettes_manager.o
 .text._ZN2bn14bg_palette_ptr6createERKNS_15bg_palette_itemE
                0x0800cef0       0x54 bn_palettes_manager.o
                0x0800cef0                bn::bg_palette_ptr::create(bn::bg_palette_item const&)
 .text._ZNK2bn15bg_palette_item14create_paletteEv
                0x0800cf44       0x10 bn_palettes_manager.o
                0x0800cf44                bn::bg_palette_item::create_palette() const
 .text._ZN2bn12_GLOBAL__N_112_create_implERKNS_19sprite_palette_itemEb
                0x0800cf54       0x7c bn_palettes_manager.o
 .text._ZNK2bn19sprite_palette_item14create_paletteEv
                0x0800cfd0       0x48 bn_palettes_manager.o
                0x0800cfd0                bn::sprite_palette_item::create_palette() const
 .text._ZN2bn14bg_palette_ptr10create_newERKNS_15bg_palette_itemE
                0x0800d018       0xd0 bn_palettes_manager.o
                0x0800d018                bn::bg_palette_ptr::create_new(bn::bg_palette_item const&)
 .text._ZNK2bn15bg_palette_item18create_new_paletteEv
                0x0800d0e8       0x10 bn_palettes_manager.o
                0x0800d0e8                bn::bg_palette_item::create_new_palette() const
 .text._ZN2bn14iunordered_mapItsNS_15identity_hasherENS_8equal_toItEEE5eraseERKNS4_14const_iteratorE.isra.0
                0x0800d0f8      0x1b4 bn_palettes_manager.o
 .text._ZN2bn13palettes_bank15decrease_usagesEi
                0x0800d2ac       0xd8 bn_palettes_manager.o
                0x0800d2ac                bn::palettes_bank::decrease_usages(int)
 .text._ZN2bn14bg_palette_ptraSERKS0_
                0x0800d384       0x4c bn_palettes_manager.o
                0x0800d384                bn::bg_palette_ptr::operator=(bn::bg_palette_ptr const&)
 .text._ZN2bn14bg_palette_ptrD2Ev
                0x0800d3d0       0x20 bn_palettes_manager.o
                0x0800d3d0                bn::bg_palette_ptr::~bg_palette_ptr()
                0x0800d3d0                bn::bg_palette_ptr::~bg_palette_ptr()
 .text._ZN2bn18sprite_palette_ptrD2Ev
                0x0800d3f0       0x20 bn_palettes_manager.o
                0x0800d3f0                bn::sprite_palette_ptr::~sprite_palette_ptr()
                0x0800d3f0                bn::sprite_palette_ptr::~sprite_palette_ptr()
 .text._ZN2bn14bg_palette_ptr4findERKNS_15bg_palette_itemE
                0x0800d410      0x11c bn_palettes_manager.o
                0x0800d410                bn::bg_palette_ptr::find(bn::bg_palette_item const&)
 .text._ZNK2bn15bg_palette_item12find_paletteEv
                0x0800d52c       0x10 bn_palettes_manager.o
                0x0800d52c                bn::bg_palette_item::find_palette() const
 .text.startup._GLOBAL__sub_I__ZN2bn11bg_palettes17used_colors_countEv
                0x0800d53c       0x34 bn_palettes_manager.o
 .text._ZN2bn26sprite_affine_mats_manager12_GLOBAL__N_119_sprite_double_sizeILi32ELi16EEEbiiiii
                0x0800d570       0x84 bn_sprite_affine_mats_manager.o
 .text._ZN2bn26sprite_affine_mats_manager12_GLOBAL__N_119_sprite_double_sizeILi16ELi32EEEbiiiii
                0x0800d5f4       0x84 bn_sprite_affine_mats_manager.o
 .text._ZN2bn26sprite_affine_mats_manager12_GLOBAL__N_111static_dataD2Ev
                0x0800d678       0x3c bn_sprite_affine_mats_manager.o
 .text._ZNK2bn26sprite_affine_mats_manager12_GLOBAL__N_19item_type18sprite_double_sizeEiRKNS_17sprite_shape_sizeE.isra.0
                0x0800d6b4      0x1ac bn_sprite_affine_mats_manager.o
 .text._ZNK2bn21sprite_affine_mat_ptr15horizontal_flipEv
                0x0800d860       0x18 bn_sprite_affine_mats_manager.o
                0x0800d860                bn::sprite_affine_mat_ptr::horizontal_flip() const
 .text._ZNK2bn21sprite_affine_mat_ptr13vertical_flipEv
                0x0800d878       0x18 bn_sprite_affine_mats_manager.o
                0x0800d878                bn::sprite_affine_mat_ptr::vertical_flip() const
 .text._ZNK2bn21sprite_affine_mat_ptr16flipped_identityEv
                0x0800d890       0x14 bn_sprite_affine_mats_manager.o
                0x0800d890                bn::sprite_affine_mat_ptr::flipped_identity() const
 .text._ZN2bn26sprite_affine_mats_manager13attach_spriteEiRNS_24intrusive_list_node_typeE
                0x0800d8a4       0x2c bn_sprite_affine_mats_manager.o
                0x0800d8a4                bn::sprite_affine_mats_manager::attach_sprite(int, bn::intrusive_list_node_type&)
 .text._ZN2bn26sprite_affine_mats_manager18sprite_double_sizeEiRKNS_17sprite_shape_sizeE
                0x0800d8d0       0x4c bn_sprite_affine_mats_manager.o
                0x0800d8d0                bn::sprite_affine_mats_manager::sprite_double_size(int, bn::sprite_shape_size const&)
 .text._ZN2bn26sprite_affine_mats_manager20retrieve_commit_dataEv
                0x0800d91c       0x38 bn_sprite_affine_mats_manager.o
                0x0800d91c                bn::sprite_affine_mats_manager::retrieve_commit_data()
 .text._ZN3_bn6assert9show_argsIA37_cEEvPKcS4_S4_iRKT_
                0x0800d954       0x48 bn_sprite_affine_mats_manager.o
                0x0800d954                void _bn::assert::show_args<char [37]>(char const*, char const*, char const*, int, char const (&) [37])
 .text._ZN2bn26sprite_affine_mats_manager15decrease_usagesEi.part.0
                0x0800d99c       0x70 bn_sprite_affine_mats_manager.o
 .text._ZN2bn21sprite_affine_mat_ptrD2Ev
                0x0800da0c       0x34 bn_sprite_affine_mats_manager.o
                0x0800da0c                bn::sprite_affine_mat_ptr::~sprite_affine_mat_ptr()
                0x0800da0c                bn::sprite_affine_mat_ptr::~sprite_affine_mat_ptr()
 .text._ZN2bn26sprite_affine_mats_manager6updateEv
                0x0800da40      0x2d0 bn_sprite_affine_mats_manager.o
                0x0800da40                bn::sprite_affine_mats_manager::update()
 .text._ZN2bn26sprite_affine_mats_manager4initEPv
                0x0800dd10      0x108 bn_sprite_affine_mats_manager.o
                0x0800dd10                bn::sprite_affine_mats_manager::init(void*)
 .text._ZN2bn26sprite_affine_mats_manager14dettach_spriteEiRNS_24intrusive_list_node_typeE
                0x0800de18       0x50 bn_sprite_affine_mats_manager.o
                0x0800de18                bn::sprite_affine_mats_manager::dettach_sprite(int, bn::intrusive_list_node_type&)
 .text.startup._GLOBAL__sub_I__ZN2bn18sprite_affine_mats10used_countEv
                0x0800de68       0xb4 bn_sprite_affine_mats_manager.o
 .text._ZN2bn22isprite_animate_action9_set_refsERNS_10sprite_ptrERNS_17sprite_tiles_itemERNS_7ivectorItEE
                0x0800df1c        0x4 bn_sprite_animate_actions.o
                0x0800df1c                bn::isprite_animate_action::_set_refs(bn::sprite_ptr&, bn::sprite_tiles_item&, bn::ivector<unsigned short>&)
 .text._ZN2bn22isprite_animate_action7_assignERKS0_
                0x0800df20       0x10 bn_sprite_animate_actions.o
                0x0800df20                bn::isprite_animate_action::_assign(bn::isprite_animate_action const&)
 .text._ZN2bn22isprite_animate_action16set_wait_updatesEi
                0x0800df30       0x68 bn_sprite_animate_actions.o
                0x0800df30                bn::isprite_animate_action::set_wait_updates(int)
 .text._ZN3_bn6assert9show_argsIA33_ciEEvPKcS4_S4_iRKT_RKT0_
                0x0800df98       0x54 bn_sprite_animate_actions.o
                0x0800df98                void _bn::assert::show_args<char [33], int>(char const*, char const*, char const*, int, char const (&) [33], int const&)
 .text._ZN2bn22isprite_animate_action24_assign_graphics_indexesERKNS_4spanIKtEE
                0x0800dfec       0x84 bn_sprite_animate_actions.o
                0x0800dfec                bn::isprite_animate_action::_assign_graphics_indexes(bn::span<unsigned short const> const&)
 .text._ZN2bn22isprite_animate_action6updateEv
                0x0800e070       0xb8 bn_sprite_animate_actions.o
                0x0800e070                bn::isprite_animate_action::update()
 .text._ZN2bn21sprite_text_generator5_initEv
                0x0800e128      0x180 bn_sprite_text_generator.o
                0x0800e128                bn::sprite_text_generator::_init()
 .text._ZN2bn21sprite_text_generatorC2ERKNS_11sprite_fontE
                0x0800e2a8       0x2c bn_sprite_text_generator.o
                0x0800e2a8                bn::sprite_text_generator::sprite_text_generator(bn::sprite_font const&)
                0x0800e2a8                bn::sprite_text_generator::sprite_text_generator(bn::sprite_font const&)
 .text._ZN3_bn6assert9show_argsIA54_cEEvPKcS4_S4_iRKT_
                0x0800e2d4       0x48 bn_sprite_text_generator.o
                0x0800e2d4                void _bn::assert::show_args<char [54]>(char const*, char const*, char const*, int, char const (&) [54])
 .text._ZN3_bn6assert9show_argsIJA25_ciA4_ctEEEvPKcS5_S5_iDpRKT_
                0x0800e31c       0x64 bn_sprite_text_generator.o
                0x0800e31c                void _bn::assert::show_args<char [25], int, char [4], unsigned short>(char const*, char const*, char const*, int, char const (&) [25], int const&, char const (&) [4], unsigned short const&)
 .text._ZN2bn14utf8_characterC2ERKc
                0x0800e380      0x140 bn_sprite_text_generator.o
                0x0800e380                bn::utf8_character::utf8_character(char const&)
                0x0800e380                bn::utf8_character::utf8_character(char const&)
 .text._ZN2bn12_GLOBAL__N_115_graphics_indexEcRKNS_23utf8_characters_map_refEPKcRi.part.0
                0x0800e4c0       0x8c bn_sprite_text_generator.o
 .text._ZN3_bn6assert9show_argsIJA20_ccA9_cN2bn11string_viewEA2_cEEEvPKcS8_S8_iDpRKT_
                0x0800e54c       0x6c bn_sprite_text_generator.o
                0x0800e54c                void _bn::assert::show_args<char [20], char, char [9], bn::string_view, char [2]>(char const*, char const*, char const*, int, char const (&) [20], char const&, char const (&) [9], bn::string_view const&, char const (&) [2])
 .text._ZNK2bn21sprite_text_generator5widthERKNS_11string_viewE
                0x0800e5b8      0x244 bn_sprite_text_generator.o
                0x0800e5b8                bn::sprite_text_generator::width(bn::string_view const&) const
 .text._ZN3_bn6assert9show_argsIA55_cEEvPKcS4_S4_iRKT_
                0x0800e7fc       0x48 bn_sprite_text_generator.o
                0x0800e7fc                void _bn::assert::show_args<char [55]>(char const*, char const*, char const*, int, char const (&) [55])
 .text._ZN2bn12_GLOBAL__N_120_build_sprite_assertILNS_11sprite_sizeE2EEEPNS_4tileERKNS_21sprite_text_generatorERKNS_18sprite_palette_ptrERKNS_13fixed_point_tILi12EEERNS_7ivectorINS_10sprite_ptrEEE
                0x0800e844      0x1bc bn_sprite_text_generator.o
 .text._ZN2bn12_GLOBAL__N_120_build_sprite_assertILNS_11sprite_sizeE1EEEPNS_4tileERKNS_21sprite_text_generatorERKNS_18sprite_palette_ptrERKNS_13fixed_point_tILi12EEERNS_7ivectorINS_10sprite_ptrEEE
                0x0800ea00      0x1bc bn_sprite_text_generator.o
 .text._ZN2bn12_GLOBAL__N_19_generateILb0EEEbRKNS_21sprite_text_generatorERKNS_13fixed_point_tILi12EEERKNS_11string_viewERKNS_23utf8_characters_map_refEiibRNS_7ivectorINS_10sprite_ptrEEE.isra.0
                0x0800ebbc     0x11c0 bn_sprite_text_generator.o
 .text._ZNK2bn21sprite_text_generator8generateENS_7fixed_tILi12EEES2_RKNS_11string_viewERNS_7ivectorINS_10sprite_ptrEEE
                0x0800fd7c       0x40 bn_sprite_text_generator.o
                0x0800fd7c                bn::sprite_text_generator::generate(bn::fixed_t<12>, bn::fixed_t<12>, bn::string_view const&, bn::ivector<bn::sprite_ptr>&) const
 .text._ZNK2bn16sprite_tiles_ptr2idEv
                0x0800fdbc       0x18 bn_sprite_tiles_manager.o
                0x0800fdbc                bn::sprite_tiles_ptr::id() const
 .text._ZNK2bn16sprite_tiles_ptr11tiles_countEv
                0x0800fdd4       0x18 bn_sprite_tiles_manager.o
                0x0800fdd4                bn::sprite_tiles_ptr::tiles_count() const
 .text._ZN2bn20sprite_tiles_manager10log_statusEv
                0x0800fdec      0x1ec bn_sprite_tiles_manager.o
                0x0800fdec                bn::sprite_tiles_manager::log_status()
 .text._ZN2bn20sprite_tiles_manager19commit_uncompressedEb
                0x0800ffd8       0xdc bn_sprite_tiles_manager.o
                0x0800ffd8                bn::sprite_tiles_manager::commit_uncompressed(bool)
 .text._ZN3_bn6assert9show_argsIA27_chEEvPKcS4_S4_iRKT_RKT0_
                0x080100b4       0x54 bn_sprite_tiles_manager.o
                0x080100b4                void _bn::assert::show_args<char [27], unsigned char>(char const*, char const*, char const*, int, char const (&) [27], unsigned char const&)
 .text._ZN3_bn6assert9show_argsIJA44_cPKN2bn4tileEA4_cS6_EEEvPKcS9_S9_iDpRKT_
                0x08010108       0x64 bn_sprite_tiles_manager.o
                0x08010108                void _bn::assert::show_args<char [44], bn::tile const*, char [4], bn::tile const*>(char const*, char const*, char const*, int, char const (&) [44], bn::tile const* const&, char const (&) [4], bn::tile const* const&)
 .text._ZN3_bn6assert9show_argsIJA46_ciA4_cjEEEvPKcS5_S5_iDpRKT_
                0x0801016c       0x64 bn_sprite_tiles_manager.o
                0x0801016c                void _bn::assert::show_args<char [46], int, char [4], unsigned int>(char const*, char const*, char const*, int, char const (&) [46], int const&, char const (&) [4], unsigned int const&)
 .text._ZN2bn20sprite_tiles_manager12_GLOBAL__N_110_hw_commitEPKNS_4tileENS_16compression_typeEii
                0x080101d0       0x9c bn_sprite_tiles_manager.o
 .text._ZN2bn20sprite_tiles_manager17commit_compressedEv
                0x0801026c       0x68 bn_sprite_tiles_manager.o
                0x0801026c                bn::sprite_tiles_manager::commit_compressed()
 .text._ZN3_bn6assert9show_argsIJA28_cA15_cPKN2bn4tileEA16_ciA34_cNS4_11string_viewEEEEvPKcSC_SC_iDpRKT_
                0x080102d4       0x7c bn_sprite_tiles_manager.o
                0x080102d4                void _bn::assert::show_args<char [28], char [15], bn::tile const*, char [16], int, char [34], bn::string_view>(char const*, char const*, char const*, int, char const (&) [28], char const (&) [15], bn::tile const* const&, char const (&) [16], int const&, char const (&) [34], bn::string_view const&)
 .text._ZN3_bn6assert9show_argsIJA44_ciA34_cN2bn11string_viewEEEEvPKcS7_S7_iDpRKT_
                0x08010350       0x64 bn_sprite_tiles_manager.o
                0x08010350                void _bn::assert::show_args<char [44], int, char [34], bn::string_view>(char const*, char const*, char const*, int, char const (&) [44], int const&, char const (&) [34], bn::string_view const&)
 .text._ZN2bn20sprite_tiles_manager4initEv
                0x080103b4      0x190 bn_sprite_tiles_manager.o
                0x080103b4                bn::sprite_tiles_manager::init()
 .text._ZN2bn20sprite_tiles_manager12_GLOBAL__N_122_insert_to_commit_itemEiRNS1_9item_typeE.part.0
                0x08010544       0x6c bn_sprite_tiles_manager.o
 .text._ZN2bn20sprite_tiles_manager12_GLOBAL__N_117_insert_free_itemEiPt
                0x080105b0       0xcc bn_sprite_tiles_manager.o
 .text._ZN2bn20sprite_tiles_manager12_GLOBAL__N_116_erase_free_itemEi
                0x0801067c       0xe4 bn_sprite_tiles_manager.o
 .text._ZN2bn20sprite_tiles_manager12_GLOBAL__N_121_erase_to_commit_itemEiRNS1_9item_typeE
                0x08010760      0x100 bn_sprite_tiles_manager.o
 .text._ZN2bn20sprite_tiles_manager15decrease_usagesEi
                0x08010860      0x134 bn_sprite_tiles_manager.o
                0x08010860                bn::sprite_tiles_manager::decrease_usages(int)
 .text._ZN2bn16sprite_tiles_ptrD2Ev
                0x08010994       0x18 bn_sprite_tiles_manager.o
                0x08010994                bn::sprite_tiles_ptr::~sprite_tiles_ptr()
                0x08010994                bn::sprite_tiles_ptr::~sprite_tiles_ptr()
 .text._ZN2bn20sprite_tiles_manager12_GLOBAL__N_110_find_implEPKNS_4tileENS_16compression_typeEi
                0x080109ac      0x28c bn_sprite_tiles_manager.o
 .text._ZN2bn20sprite_tiles_manager4vramEi
                0x08010c38       0x4c bn_sprite_tiles_manager.o
                0x08010c38                bn::sprite_tiles_manager::vram(int)
 .text._ZN2bn16sprite_tiles_ptr4vramEv
                0x08010c84       0x14 bn_sprite_tiles_manager.o
                0x08010c84                bn::sprite_tiles_ptr::vram()
 .text._ZNK2bn17sprite_tiles_item10find_tilesEi
                0x08010c98       0xc8 bn_sprite_tiles_manager.o
                0x08010c98                bn::sprite_tiles_item::find_tiles(int) const
 .text._ZN2bn14iunordered_mapIPKNS_4tileEiNS_4hashIS3_EENS_8equal_toIS3_EEE5eraseERKNS8_14const_iteratorE.isra.0
                0x08010d60      0x1b4 bn_sprite_tiles_manager.o
 .text._ZN2bn20sprite_tiles_manager12_GLOBAL__N_112_create_itemEiPKNS_4tileENS_16compression_typeEib
                0x08010f14      0x268 bn_sprite_tiles_manager.o
 .text._ZN2bn20sprite_tiles_manager12_GLOBAL__N_114_allocate_implEi
                0x0801117c       0xf8 bn_sprite_tiles_manager.o
 .text._ZN2bn20sprite_tiles_manager8allocateEiNS_8bpp_modeE
                0x08011274       0xc4 bn_sprite_tiles_manager.o
                0x08011274                bn::sprite_tiles_manager::allocate(int, bn::bpp_mode)
 .text._ZN2bn16sprite_tiles_ptr8allocateEiNS_8bpp_modeE
                0x08011338       0x18 bn_sprite_tiles_manager.o
                0x08011338                bn::sprite_tiles_ptr::allocate(int, bn::bpp_mode)
 .text._ZN2bn20sprite_tiles_manager6updateEv
                0x08011350      0x238 bn_sprite_tiles_manager.o
                0x08011350                bn::sprite_tiles_manager::update()
 .text._ZN2bn20sprite_tiles_manager12_GLOBAL__N_112_create_implEPKNS_4tileENS_16compression_typeEi
                0x08011588      0x200 bn_sprite_tiles_manager.o
 .text._ZN2bn20sprite_tiles_manager6createERKNS_4spanIKNS_4tileEEENS_16compression_typeE
                0x08011788      0x140 bn_sprite_tiles_manager.o
                0x08011788                bn::sprite_tiles_manager::create(bn::span<bn::tile const> const&, bn::compression_type)
 .text._ZN2bn16sprite_tiles_ptr6createERKNS_17sprite_tiles_itemE
                0x080118c8       0x84 bn_sprite_tiles_manager.o
                0x080118c8                bn::sprite_tiles_ptr::create(bn::sprite_tiles_item const&)
 .text._ZNK2bn17sprite_tiles_item12create_tilesEv
                0x0801194c       0x10 bn_sprite_tiles_manager.o
                0x0801194c                bn::sprite_tiles_item::create_tiles() const
 .text._ZN2bn16sprite_tiles_ptr6createERKNS_17sprite_tiles_itemEi
                0x0801195c       0xbc bn_sprite_tiles_manager.o
                0x0801195c                bn::sprite_tiles_ptr::create(bn::sprite_tiles_item const&, int)
 .text._ZNK2bn17sprite_tiles_item12create_tilesEi
                0x08011a18       0xbc bn_sprite_tiles_manager.o
                0x08011a18                bn::sprite_tiles_item::create_tiles(int) const
 .text.startup._GLOBAL__sub_I__ZN2bn12sprite_tiles16used_tiles_countEv
                0x08011ad4      0x12c bn_sprite_tiles_manager.o
 .text._ZN2bn15sprites_manager12_GLOBAL__N_132_always_update_indexes_to_commitERKNS_20sprites_manager_itemE
                0x08011c00       0x48 bn_sprites_manager.o
 .text._ZN2bn15sprites_manager12_GLOBAL__N_111static_dataD2Ev
                0x08011c48       0x44 bn_sprites_manager.o
 .text._ZN2bn13ostringstream11append_argsIiJA4_ciEEEvRKT_DpRKT0_.isra.0
                0x08011c8c       0x24 bn_sprites_manager.o
 .text._ZN2bn15sprites_manager12_GLOBAL__N_123_update_item_dimensionsERNS_20sprites_manager_itemE
                0x08011cb0       0xc8 bn_sprites_manager.o
 .text._ZN2bn10sprite_ptrC2ERKS0_
                0x08011d78        0xc bn_sprites_manager.o
                0x08011d78                bn::sprite_ptr::sprite_ptr(bn::sprite_ptr const&)
                0x08011d78                bn::sprite_ptr::sprite_ptr(bn::sprite_ptr const&)
 .text._ZN2bn10sprite_ptr11set_visibleEb
                0x08011d84       0x64 bn_sprites_manager.o
                0x08011d84                bn::sprite_ptr::set_visible(bool)
 .text._ZN2bn15sprites_manager4initEv
                0x08011de8       0xd0 bn_sprites_manager.o
                0x08011de8                bn::sprites_manager::init()
 .text._ZN2bn15sprites_manager5hw_idEPv
                0x08011eb8        0x8 bn_sprites_manager.o
                0x08011eb8                bn::sprites_manager::hw_id(void*)
 .text._ZN2bn15sprites_manager5shapeEPv
                0x08011ec0        0x8 bn_sprites_manager.o
                0x08011ec0                bn::sprites_manager::shape(void*)
 .text._ZN2bn15sprites_manager4sizeEPv
                0x08011ec8        0x8 bn_sprites_manager.o
                0x08011ec8                bn::sprites_manager::size(void*)
 .text._ZN2bn15sprites_manager10shape_sizeEPv
                0x08011ed0       0x14 bn_sprites_manager.o
                0x08011ed0                bn::sprites_manager::shape_size(void*)
 .text._ZN2bn15sprites_manager11hw_positionEPv
                0x08011ee4        0x4 bn_sprites_manager.o
                0x08011ee4                bn::sprites_manager::hw_position(void*)
 .text._ZN2bn15sprites_manager9view_modeEPv
                0x08011ee8        0xc bn_sprites_manager.o
                0x08011ee8                bn::sprites_manager::view_mode(void*)
 .text._ZN2bn15sprites_manager10affine_matEPv
                0x08011ef4        0x4 bn_sprites_manager.o
                0x08011ef4                bn::sprites_manager::affine_mat(void*)
 .text._ZN2bn15sprites_manager39fill_hblank_effect_horizontal_positionsEPviPKNS_7fixed_tILi12EEEPt
                0x08011ef8       0x44 bn_sprites_manager.o
                0x08011ef8                bn::sprites_manager::fill_hblank_effect_horizontal_positions(void*, int, bn::fixed_t<12> const*, unsigned short*)
 .text._ZN2bn15sprites_manager37fill_hblank_effect_vertical_positionsEPviPKNS_7fixed_tILi12EEEPt
                0x08011f3c       0x44 bn_sprites_manager.o
                0x08011f3c                bn::sprites_manager::fill_hblank_effect_vertical_positions(void*, int, bn::fixed_t<12> const*, unsigned short*)
 .text._ZN2bn15sprites_manager35fill_hblank_effect_first_attributesEiNS_12sprite_shapeENS_8bpp_modeEiPKNS_23sprite_first_attributesEPt
                0x08011f80       0xdc bn_sprites_manager.o
                0x08011f80                bn::sprites_manager::fill_hblank_effect_first_attributes(int, bn::sprite_shape, bn::bpp_mode, int, bn::sprite_first_attributes const*, unsigned short*)
 .text._ZN2bn15sprites_manager44fill_hblank_effect_regular_second_attributesEPviNS_11sprite_sizeEPKNS_32sprite_regular_second_attributesEPt
                0x0801205c       0x60 bn_sprites_manager.o
                0x0801205c                bn::sprites_manager::fill_hblank_effect_regular_second_attributes(void*, int, bn::sprite_size, bn::sprite_regular_second_attributes const*, unsigned short*)
 .text._ZN2bn15sprites_manager43fill_hblank_effect_affine_second_attributesEPviNS_11sprite_sizeEPKNS_31sprite_affine_second_attributesEPt
                0x080120bc       0x58 bn_sprites_manager.o
                0x080120bc                bn::sprites_manager::fill_hblank_effect_affine_second_attributes(void*, int, bn::sprite_size, bn::sprite_affine_second_attributes const*, unsigned short*)
 .text._ZN2bn15sprites_manager14update_camerasEv
                0x08012114       0x20 bn_sprites_manager.o
                0x08012114                bn::sprites_manager::update_cameras()
 .text._ZN2bn15sprites_manager23update_auto_double_sizeEPv
                0x08012134       0x2c bn_sprites_manager.o
                0x08012134                bn::sprites_manager::update_auto_double_size(void*)
 .text._ZN2bn15sprites_manager6commitEb
                0x08012160       0xa4 bn_sprites_manager.o
                0x08012160                bn::sprites_manager::commit(bool)
 .text._ZNK2bn17sprite_shape_size11tiles_countENS_8bpp_modeE.isra.0
                0x08012204      0x150 bn_sprites_manager.o
 .text._ZN2bn15sprites_manager12_GLOBAL__N_118_remove_affine_matERNS_20sprites_manager_itemE
                0x08012354       0xe4 bn_sprites_manager.o
 .text._ZN2bn15sprites_manager42remove_identity_affine_mat_when_not_neededEPv
                0x08012438        0xc bn_sprites_manager.o
                0x08012438                bn::sprites_manager::remove_identity_affine_mat_when_not_needed(void*)
 .text._ZN2bn14sprite_builder15release_paletteEv
                0x08012444       0x78 bn_sprites_manager.o
                0x08012444                bn::sprite_builder::release_palette()
 .text._ZN2bn14sprite_builder13release_tilesEv
                0x080124bc       0x78 bn_sprites_manager.o
                0x080124bc                bn::sprite_builder::release_tiles()
 .text._ZN2bn15sprites_manager7paletteEPv
                0x08012534       0x34 bn_sprites_manager.o
                0x08012534                bn::sprites_manager::palette(void*)
 .text._ZN2bn20sprites_manager_item13_builder_initERKNS_14sprite_builderE
                0x08012568      0x350 bn_sprites_manager.o
                0x08012568                bn::sprites_manager_item::_builder_init(bn::sprite_builder const&)
 .text._ZN2bn14sprite_builder11set_z_orderEi
                0x080128b8       0x48 bn_sprites_manager.o
                0x080128b8                bn::sprite_builder::set_z_order(int)
 .text._ZN2bn14sprite_builderC2ERKNS_17sprite_shape_sizeENS_16sprite_tiles_ptrENS_18sprite_palette_ptrE
                0x08012900      0x120 bn_sprites_manager.o
                0x08012900                bn::sprite_builder::sprite_builder(bn::sprite_shape_size const&, bn::sprite_tiles_ptr, bn::sprite_palette_ptr)
                0x08012900                bn::sprite_builder::sprite_builder(bn::sprite_shape_size const&, bn::sprite_tiles_ptr, bn::sprite_palette_ptr)
 .text._ZN2bn15sprites_manager9set_tilesEPvONS_16sprite_tiles_ptrE
                0x08012a20      0x134 bn_sprites_manager.o
                0x08012a20                bn::sprites_manager::set_tiles(void*, bn::sprite_tiles_ptr&&)
 .text._ZN2bn10sprite_ptr9set_tilesERKNS_17sprite_tiles_itemEi
                0x08012b54       0x88 bn_sprites_manager.o
                0x08012b54                bn::sprite_ptr::set_tiles(bn::sprite_tiles_item const&, int)
 .text._ZN2bn14sprite_builder15set_bg_priorityEi
                0x08012bdc       0x38 bn_sprites_manager.o
                0x08012bdc                bn::sprite_builder::set_bg_priority(int)
 .text._ZN2bn15sprites_manager6updateEv
                0x08012c14      0x158 bn_sprites_manager.o
                0x08012c14                bn::sprites_manager::update()
 .text._ZN3_bn6assert9show_argsIJA27_ciA4_ciEEEvPKcS5_S5_iDpRKT_
                0x08012d6c       0x58 bn_sprites_manager.o
                0x08012d6c                void _bn::assert::show_args<char [27], int, char [4], int>(char const*, char const*, char const*, int, char const (&) [27], int const&, char const (&) [4], int const&)
 .text._ZN2bn15sprites_manager35fill_hblank_effect_third_attributesENS_17sprite_shape_sizeEPKNS_23sprite_third_attributesEPt
                0x08012dc4       0xc4 bn_sprites_manager.o
                0x08012dc4                bn::sprites_manager::fill_hblank_effect_third_attributes(bn::sprite_shape_size, bn::sprite_third_attributes const*, unsigned short*)
 .text._ZN2bn14sorted_sprites6sorter6insertERNS_20sprites_manager_itemE
                0x08012e88      0x170 bn_sprites_manager.o
                0x08012e88                bn::sorted_sprites::sorter::insert(bn::sprites_manager_item&)
 .text._ZN2bn15sprites_manager6createERKNS_13fixed_point_tILi12EEERKNS_17sprite_shape_sizeEONS_16sprite_tiles_ptrEONS_18sprite_palette_ptrE
                0x08012ff8      0x1dc bn_sprites_manager.o
                0x08012ff8                bn::sprites_manager::create(bn::fixed_point_t<12> const&, bn::sprite_shape_size const&, bn::sprite_tiles_ptr&&, bn::sprite_palette_ptr&&)
 .text._ZNK2bn11sprite_item13create_spriteENS_7fixed_tILi12EEES2_
                0x080131d4       0x44 bn_sprites_manager.o
                0x080131d4                bn::sprite_item::create_sprite(bn::fixed_t<12>, bn::fixed_t<12>) const
 .text._ZN2bn15sprites_manager6createEONS_14sprite_builderE
                0x08013218      0x180 bn_sprites_manager.o
                0x08013218                bn::sprites_manager::create(bn::sprite_builder&&)
 .text._ZN2bn10sprite_ptr6createEONS_14sprite_builderE
                0x08013398       0x14 bn_sprites_manager.o
                0x08013398                bn::sprite_ptr::create(bn::sprite_builder&&)
 .text._ZN2bn15sprites_manager15decrease_usagesEPv
                0x080133ac      0x180 bn_sprites_manager.o
                0x080133ac                bn::sprites_manager::decrease_usages(void*)
 .text._ZN2bn10sprite_ptrD2Ev
                0x0801352c       0x18 bn_sprites_manager.o
                0x0801352c                bn::sprite_ptr::~sprite_ptr()
                0x0801352c                bn::sprite_ptr::~sprite_ptr()
 .text.startup._GLOBAL__sub_I__ZN2bn7sprites16used_items_countEv
                0x08013544       0xac bn_sprites_manager.o
 .text._ZN2bn13ostringstreamC2ERNS_12istring_baseE
                0x080135f0        0x8 bn_sstream.o
                0x080135f0                bn::ostringstream::ostringstream(bn::istring_base&)
                0x080135f0                bn::ostringstream::ostringstream(bn::istring_base&)
 .text._ZNK2bn13ostringstream4sizeEv
                0x080135f8        0x8 bn_sstream.o
                0x080135f8                bn::ostringstream::size() const
 .text._ZN2bn13ostringstream6appendEPKc
                0x08013600       0x94 bn_sstream.o
                0x08013600                bn::ostringstream::append(char const*)
 .text._ZN2bn13ostringstream6appendEi
                0x08013694       0xb0 bn_sstream.o
                0x08013694                bn::ostringstream::append(int)
 .text._ZN2bn13ostringstream6appendERKNS_11string_viewE
                0x08013744       0x9c bn_sstream.o
                0x08013744                bn::ostringstream::append(bn::string_view const&)
 .text._ZN2bn13ostringstream6appendEj
                0x080137e0       0xb0 bn_sstream.o
                0x080137e0                bn::ostringstream::append(unsigned int)
 .text._ZN2bn13ostringstream6appendEPKv
                0x08013890      0x100 bn_sstream.o
                0x08013890                bn::ostringstream::append(void const*)
 .text._ZN2bn13ostringstream16_append_fractionEji
                0x08013990      0x114 bn_sstream.o
                0x08013990                bn::ostringstream::_append_fraction(unsigned int, int)
 .text._ZN2bn13ostringstream6appendEc
                0x08013aa4       0x44 bn_sstream.o
                0x08013aa4                bn::ostringstream::append(char)
 .text._ZN2bn18igeneric_pool_baseC2EPci
                0x08013ae8       0x10 bn_translation_unit.o
                0x08013ae8                bn::igeneric_pool_base::igeneric_pool_base(char*, int)
                0x08013ae8                bn::igeneric_pool_base::igeneric_pool_base(char*, int)
 .text._ZN2bn18igeneric_pool_base5_freeEPc
                0x08013af8       0x10 bn_translation_unit.o
                0x08013af8                bn::igeneric_pool_base::_free(char*)
 .text._ZN2bn5timerC2Ev
                0x08013b08       0x24 bn_translation_unit.o
                0x08013b08                bn::timer::timer()
                0x08013b08                bn::timer::timer()
 .text._ZNK2bn5timer13elapsed_ticksEv
                0x08013b2c       0x3c bn_translation_unit.o
                0x08013b2c                bn::timer::elapsed_ticks() const
 .text._ZN2bn5timer7restartEv